BL51 BANKED LINKER/LOCATER V6.22.2.0                                                    04/27/2023  09:30:45  PAGE 1


BL51 BANKED LINKER/LOCATER V6.22.2.0, INVOKED BY:
C:\KEIL_V5\C51\BIN\BL51.EXE .\Objects\init380.obj, .\Objects\main.obj, .\SYS19_v2.LIB TO .\Objects\Lcd8bitC380Basic PRIN
>> T (.\Listings\Lcd8bitC380Basic.m51) RAMSIZE (256) DISABLEWARNING (16) XDATA (0X0000-0X0FFF)


MEMORY MODEL: LARGE WITH FLOATING POINT ARITHMETIC


INPUT MODULES INCLUDED:
  .\Objects\init380.obj (INIT380)
  .\Objects\main.obj (MAIN)
  .\SYS19_v2.LIB (DELAY)
  .\SYS19_v2.LIB (INITSYS)
  .\SYS19_v2.LIB (LCD)
  .\SYS19_v2.LIB (SHAPE)
  .\SYS19_v2.LIB (TOUCH)
  .\SYS19_v2.LIB (24C32SYS)
  .\SYS19_v2.LIB (I2CSYS)
  C:\KEIL_V5\C51\LIB\C51FPL.LIB (?C?FPADD)
  C:\KEIL_V5\C51\LIB\C51FPL.LIB (?C?FPMUL)
  C:\KEIL_V5\C51\LIB\C51FPL.LIB (?C?FPDIV)
  C:\KEIL_V5\C51\LIB\C51FPL.LIB (?C?FPCMP)
  C:\KEIL_V5\C51\LIB\C51FPL.LIB (?C?FCAST)
  C:\KEIL_V5\C51\LIB\C51FPL.LIB (?C?CASTF)
  C:\KEIL_V5\C51\LIB\C51FPL.LIB (PRINTF)
  C:\KEIL_V5\C51\LIB\C51FPL.LIB (SQRT)
  C:\KEIL_V5\C51\LIB\C51FPL.LIB (SIN)
  C:\KEIL_V5\C51\LIB\C51FPL.LIB (?C?FPGETOPN)
  C:\KEIL_V5\C51\LIB\C51FPL.LIB (?C?FPROUND)
  C:\KEIL_V5\C51\LIB\C51FPL.LIB (?C?FPCONVERT)
  C:\KEIL_V5\C51\LIB\C51FPL.LIB (?C?FPSERIES)
  C:\KEIL_V5\C51\LIB\C51FPL.LIB (?C?FTNPWR)
  C:\KEIL_V5\C51\LIB\C51L.LIB (?C_STARTUP)
  C:\KEIL_V5\C51\LIB\C51L.LIB (?C?CLDPTR)
  C:\KEIL_V5\C51\LIB\C51L.LIB (?C?CLDOPTR)
  C:\KEIL_V5\C51\LIB\C51L.LIB (?C?CSTPTR)
  C:\KEIL_V5\C51\LIB\C51L.LIB (?C?CSTOPTR)
  C:\KEIL_V5\C51\LIB\C51L.LIB (?C?IMUL)
  C:\KEIL_V5\C51\LIB\C51L.LIB (?C?SIDIV)
  C:\KEIL_V5\C51\LIB\C51L.LIB (?C?IILDX)
  C:\KEIL_V5\C51\LIB\C51L.LIB (?C?ILDIX)
  C:\KEIL_V5\C51\LIB\C51L.LIB (?C?ILDPTR)
  C:\KEIL_V5\C51\LIB\C51L.LIB (?C?ISTPTR)
  C:\KEIL_V5\C51\LIB\C51L.LIB (?C?LMUL)
  C:\KEIL_V5\C51\LIB\C51L.LIB (?C?SLDIV)
  C:\KEIL_V5\C51\LIB\C51L.LIB (?C?LNEG)
  C:\KEIL_V5\C51\LIB\C51L.LIB (?C?LLDXDATA)
  C:\KEIL_V5\C51\LIB\C51L.LIB (?C?LLDCODE)
  C:\KEIL_V5\C51\LIB\C51L.LIB (?C?LLDXDATA0)
  C:\KEIL_V5\C51\LIB\C51L.LIB (?C?LLDCODE0)
  C:\KEIL_V5\C51\LIB\C51L.LIB (?C?LSTXDATA)
  C:\KEIL_V5\C51\LIB\C51L.LIB (?C?LSTKXDATA)
  C:\KEIL_V5\C51\LIB\C51L.LIB (?C?OFFXADD)
  C:\KEIL_V5\C51\LIB\C51L.LIB (?C?PLDIXDATA)
  C:\KEIL_V5\C51\LIB\C51L.LIB (?C?PSTXDATA)
  C:\KEIL_V5\C51\LIB\C51L.LIB (?C?CCASE)
  C:\KEIL_V5\C51\LIB\C51L.LIB (ABS)
  C:\KEIL_V5\C51\LIB\C51L.LIB (STRLEN)
BL51 BANKED LINKER/LOCATER V6.22.2.0                                                  04/27/2023  09:30:45  PAGE 2


  C:\KEIL_V5\C51\LIB\C51L.LIB (?C_INIT)
  C:\KEIL_V5\C51\LIB\C51L.LIB (?C?UIDIV)
  C:\KEIL_V5\C51\LIB\C51L.LIB (?C?ULDIV)


LINK MAP OF MODULE:  .\Objects\Lcd8bitC380Basic (INIT380)


            TYPE    BASE      LENGTH    RELOCATION   SEGMENT NAME
            -----------------------------------------------------

            * * * * * * *   D A T A   M E M O R Y   * * * * * * *
            REG     0000H     0008H     ABSOLUTE     "REG BANK 0"
            DATA    0008H     0005H     UNIT         _DATA_GROUP_
                    000DH     0013H                  *** GAP ***
            BIT     0020H.0   0001H.1   UNIT         _BIT_GROUP_
            BIT     0021H.1   0000H.1   UNIT         ?BI?LCD
            BIT     0021H.2   0000H.1   UNIT         ?BI?___W24C32?24C32SYS
                    0021H.3   0000H.5                *** GAP ***
            IDATA   0022H     0001H     UNIT         ?STACK

            * * * * * * *  X D A T A   M E M O R Y  * * * * * * *
            XDATA   0000H     0280H     UNIT         ?XD?SHAPE
            XDATA   0280H     01E4H     UNIT         ?XD?MAIN
            XDATA   0464H     006EH     UNIT         _XDATA_GROUP_
            XDATA   04D2H     001EH     UNIT         ?XD?_LCD_DRAWLINE?SHAPE
            XDATA   04F0H     001EH     UNIT         ?XD?_LCD_FILLTRIANGLE?SHAPE
            XDATA   050EH     001EH     UNIT         ?XD?TOUCHCAL?TOUCH
            XDATA   052CH     0014H     UNIT         ?XD?_LCD_PRINTNUMF?LCD
            XDATA   0540H     0013H     UNIT         ?XD?LCD
            XDATA   0553H     0011H     UNIT         ?XD?_LCD_DRAWBITMAP24?LCD
            XDATA   0564H     0010H     UNIT         ?XD?_LCD_FILLCIRCLE?SHAPE
            XDATA   0574H     000FH     UNIT         ?XD?_LCD_DRAWBITMAP16?LCD
            XDATA   0583H     000EH     UNIT         ?XD?_LCD_DRAWCIRCLE?SHAPE
            XDATA   0591H     000EH     UNIT         ?XD?_LCD_DRAWTRIANGLE?SHAPE
            XDATA   059FH     000CH     UNIT         ?XD?_LCD_PRINTCENTER?LCD
            XDATA   05ABH     000CH     UNIT         ?XD?_LCD_PRINTHEB2C?LCD
            XDATA   05B7H     000CH     UNIT         ?XD?_LCD_PRINTHEBCENTER?LCD
            XDATA   05C3H     000AH     UNIT         ?XD?_LCD_PRINTHEBC?LCD
            XDATA   05CDH     000AH     UNIT         ?XD?_LCD_PRINTNUMI?LCD
            XDATA   05D7H     000AH     UNIT         ?XD?_LCD_PRINTNUMB?LCD
            XDATA   05E1H     000AH     UNIT         ?XD?_LCD_DRAWFASTHLINE?SHAPE
            XDATA   05EBH     000AH     UNIT         ?XD?_LCD_DRAWRECT?SHAPE
            XDATA   05F5H     000AH     UNIT         ?XD?__DRAW_CIRCLE_8?SHAPE
            XDATA   05FFH     0008H     UNIT         ?XD?TOUCH
            XDATA   0607H     0007H     UNIT         ?XD?_INT2BIN?LCD
            XDATA   060EH     0006H     UNIT         ?XD?_LCD_PRINTHEB?LCD
            XDATA   0614H     0006H     UNIT         ?XD?_BYTE2BIN?LCD
            XDATA   061AH     0006H     UNIT         ?XD?_SWAP?SHAPE
            XDATA   0620H     0005H     UNIT         ?XD?_LCD_PRINTNUMC?LCD
            XDATA   0625H     0005H     UNIT         ?XD?_LCD_PRINTNUMH?LCD
            XDATA   062AH     0004H     UNIT         ?XD?___W24C32?24C32SYS
            XDATA   062EH     0003H     UNIT         ?XD?_LCD_PRINTLN?LCD
            XDATA   0631H     0002H     UNIT         ?XD?FONT_TEST?MAIN

            * * * * * * *   C O D E   M E M O R Y   * * * * * * *
            CODE    0000H     0003H     ABSOLUTE     
BL51 BANKED LINKER/LOCATER V6.22.2.0                                                  04/27/2023  09:30:45  PAGE 3


            CODE    0003H     0954H     UNIT         ?C?LIB_CODE
            CODE    0957H     084FH     UNIT         ?CO?MAIN
            CODE    11A6H     05AEH     UNIT         ?PR?_LCD_FILLTRIANGLE?SHAPE
            CODE    1754H     0483H     UNIT         ?PR?PRINTF?PRINTF
            CODE    1BD7H     03D8H     UNIT         ?PR?ISALARMDETECTED2?MAIN
            CODE    1FAFH     036AH     UNIT         ?CO?LCD
            CODE    2319H     029FH     UNIT         ?PR?_GOERTZEL_MAG?MAIN
            CODE    25B8H     029CH     UNIT         ?PR?_LCD_DRAWLINE?SHAPE
            CODE    2854H     026EH     UNIT         ?PR?_PUTCHAR5_7_2COLOR?LCD
            CODE    2AC2H     0253H     UNIT         ?PR?_LCD_FILLCIRCLEHELPER?SHAPE
            CODE    2D15H     023AH     UNIT         ?PR?_LCD_DRAWBUTTON?SHAPE
            CODE    2F4FH     021CH     UNIT         ?PR?TOUCHCAL?TOUCH
            CODE    316BH     01C3H     UNIT         ?PR?_PUTCHAR5_7?LCD
            CODE    332EH     01ACH     UNIT         ?PR?TEMPERATURE?MAIN
            CODE    34DAH     01A7H     UNIT         ?PR?__DRAW_CIRCLE_8?SHAPE
            CODE    3681H     0198H     UNIT         ?PR?MENUSCREEN?MAIN
            CODE    3819H     0192H     UNIT         ?PR?LCD_BEGIN?LCD
            CODE    39ABH     0188H     UNIT         ?PR?SIN?SIN
            CODE    3B33H     0186H     UNIT         ?PR?CRYING?MAIN
            CODE    3CB9H     0173H     UNIT         ?PR?INITSYS?INITSYS
            CODE    3E2CH     0164H     UNIT         ?PR?_LCD_DRAWBITMAP24?LCD
            CODE    3F90H     0157H     UNIT         ?PR?_LCD_FILLROUNDRECT?SHAPE
            CODE    40E7H     014DH     UNIT         ?PR?_LCD_PRINTHEB?LCD
            CODE    4234H     0145H     UNIT         ?PR?_LCD_PRINTLN?LCD
            CODE    4379H     0145H     UNIT         ?PR?_LCD_FILLCIRCLE?SHAPE
            CODE    44BEH     013EH     UNIT         ?PR?_LCD_DRAWBITMAP16?LCD
            CODE    45FCH     0131H     UNIT         ?PR?MAIN?MAIN
            CODE    472DH     012BH     UNIT         ?PR?_BUTTONTOUCH?SHAPE
            CODE    4858H     0122H     UNIT         ?PR?_LCD_WRITE?LCD
            CODE    497AH     0107H     UNIT         ?PR?FONT_TEST?MAIN
            CODE    4A81H     0103H     UNIT         ?PR?_LCD_DRAWCIRCLE?SHAPE
            CODE    4B84H     00FBH     UNIT         ?PR?READX?TOUCH
            CODE    4C7FH     00FBH     UNIT         ?PR?READY?TOUCH
            CODE    4D7AH     00FAH     UNIT         ?PR?_LCD_FILLRECT?SHAPE
            CODE    4E74H     00E9H     UNIT         ?PR?MOVE?MAIN
            CODE    4F5DH     00E8H     UNIT         ?PR?_LCD_PRINT?LCD
            CODE    5045H     00DBH     UNIT         ?PR?READTOUCHY?TOUCH
            CODE    5120H     00D2H     UNIT         ?PR?_MAP?TOUCH
            CODE    51F2H     00CEH     UNIT         ?PR?MP3?MAIN
            CODE    52C0H     00CDH     UNIT         ?PR?_LCD_DRAWRECT?SHAPE
            CODE    538DH     00C9H     UNIT         ?PR?READTOUCHX?TOUCH
            CODE    5456H     00ACH     UNIT         ?PR?SQRT?SQRT
            CODE    5502H     00A5H     UNIT         ?PR?_LCD_DRAWTRIANGLE?SHAPE
            CODE    55A7H     0096H     UNIT         ?PR?_LCD_DRAWFASTVLINE?SHAPE
            CODE    563DH     0093H     UNIT         ?PR?_INT2BIN?LCD
            CODE    56D0H     0093H     UNIT         ?PR?_BYTE2BIN?LCD
            CODE    5763H     008EH     UNIT         ?PR?_LCD_DRAWFASTHLINE?SHAPE
            CODE    57F1H     008DH     UNIT         ?PR?_LCD_FILLSCREEN?LCD
            CODE    587EH     008CH     UNIT         ?C_C51STARTUP
            CODE    590AH     0083H     UNIT         ?PR?_LCD_PRINTCENTER?LCD
            CODE    598DH     0083H     UNIT         ?PR?_LCD_PRINTHEBCENTER?LCD
            CODE    5A10H     007DH     UNIT         ?PR?___WRITEBYTE?I2CSYS
            CODE    5A8DH     0079H     UNIT         ?PR?__READBYTE?I2CSYS
            CODE    5B06H     0060H     UNIT         ?PR?_LCD_SETROTATION?LCD
            CODE    5B66H     005BH     UNIT         ?PR?_LCD_PRINTNUMB?LCD
            CODE    5BC1H     0050H     UNIT         ?CO?TOUCH
            CODE    5C11H     004DH     UNIT         ?PR?___R24C32?24C32SYS
BL51 BANKED LINKER/LOCATER V6.22.2.0                                                  04/27/2023  09:30:45  PAGE 4


            CODE    5C5EH     004BH     UNIT         ?PR?_LCD_SETADDRWINDOW?LCD
            CODE    5CA9H     0048H     UNIT         ?PR?_LCD_DRAWPIXEL?LCD
            CODE    5CF1H     0044H     UNIT         ?C?LDIV
            CODE    5D35H     0043H     UNIT         ?PR?_SWAP?SHAPE
            CODE    5D78H     0043H     UNIT         ?PR?___W24C32?24C32SYS
            CODE    5DBBH     0041H     UNIT         ?PR?_PLAY_SONG?MAIN
            CODE    5DFCH     003CH     UNIT         ?PR?READFROMCHARFROM7843?TOUCH
            CODE    5E38H     0037H     UNIT         ?PR?LCD_SETPARAM?LCD
            CODE    5E6FH     0034H     UNIT         ?PR?_WRITECHARTO7843?TOUCH
            CODE    5EA3H     0030H     UNIT         ?PR?_LCD_PRINT2C?LCD
            CODE    5ED3H     002DH     UNIT         ?PR?_LCD_PRINTHEBLN?LCD
            CODE    5F00H     002CH     UNIT         ?PR?_TOUCHSET?TOUCH
            CODE    5F2CH     0029H     UNIT         ?PR?_CALCTEMP?MAIN
            CODE    5F55H     0029H     UNIT         ?PR?_LCD_PRINTC?LCD
            CODE    5F7EH     0026H     UNIT         ?PR?_LCD_PRINTNUMI?LCD
            CODE    5FA4H     0026H     UNIT         ?PR?_LCD_PRINTNUMH?LCD
            CODE    5FCAH     0024H     UNIT         ?PR?_DELAY_US?DELAY
            CODE    5FEEH     0024H     UNIT         ?PR?_LCD_PRINTNUMF?LCD
            CODE    6012H     0024H     UNIT         ?PR?LCD_CLEARBUTTON?SHAPE
            CODE    6036H     0023H     UNIT         ?C_INITSEG
            CODE    6059H     0023H     UNIT         ?PR?_LCD_PRINTNUMC?LCD
            CODE    607CH     0022H     UNIT         ?PR?_LCD_SETTEXT2COLOR?LCD
            CODE    609EH     0020H     UNIT         ?PR?_DELAY_MS?DELAY
            CODE    60BEH     001EH     UNIT         ?PR?_PUTCHAR?LCD
            CODE    60DCH     0019H     UNIT         ?PR?_LCD_PRINTHEBC?LCD
            CODE    60F5H     0018H     UNIT         ?PR?_ADC_IN?MAIN
            CODE    610DH     0016H     UNIT         ?PR?INIT_DEVICE?INIT380
            CODE    6123H     0015H     UNIT         ?PR?_STRLEN?STRLEN
            CODE    6138H     0014H     UNIT         ?PR?_LCD_PRINTHEB2C?LCD
            CODE    614CH     0014H     UNIT         ?PR?__STOP?I2CSYS
            CODE    6160H     0011H     UNIT         ?PR?_WRITEDATA16?LCD
            CODE    6171H     0011H     UNIT         ?PR?_LCD_SETCURSOR?LCD
            CODE    6182H     0010H     UNIT         ?PR?_WRITEDATA?LCD
            CODE    6192H     000EH     UNIT         ?PR?_LCD_SETTEXT1COLOR?LCD
            CODE    61A0H     000DH     UNIT         ?PR?PORT_IO_INIT?INIT380
            CODE    61ADH     000CH     UNIT         ?PR?__START?I2CSYS
            CODE    61B9H     000CH     UNIT         ?PR?_ABS?ABS
            CODE    61C5H     000BH     UNIT         ?PR?_PUTCHAR1?MAIN
            CODE    61D0H     000BH     UNIT         ?PR?_ADS_READ_AD?TOUCH
            CODE    61DBH     000AH     UNIT         ?PR?TIMER_INIT?INIT380
            CODE    61E5H     000AH     UNIT         ?PR?UART_INIT?INIT380
            CODE    61EFH     000AH     UNIT         ?PR?ADC_INIT?INIT380
            CODE    61F9H     000AH     UNIT         ?PR?OSCILLATOR_INIT?INIT380
            CODE    6203H     0009H     UNIT         ?PR?_WRITECOMMAND?LCD
            CODE    620CH     0009H     UNIT         ?PR?_LCD_SETTEXTSIZE?LCD
            CODE    6215H     0008H     UNIT         ?PR?_PUTCHAR0?MAIN
            CODE    621DH     0008H     UNIT         ?CO?INITSYS
            CODE    6225H     0008H     UNIT         ?PR?LCD_WRITERAM_PREPARE?LCD
            CODE    622DH     0007H     UNIT         ?PR?PCA_INIT?INIT380
            CODE    6234H     0006H     UNIT         ?PR?START_WORKING?MAIN
            CODE    623AH     0005H     UNIT         ?PR?SETTARGET?LCD
            CODE    623FH     0004H     UNIT         ?PR?VOLTAGE_REFERENCE_INIT?INIT380



OVERLAY MAP OF MODULE:   .\Objects\Lcd8bitC380Basic (INIT380)

BL51 BANKED LINKER/LOCATER V6.22.2.0                                                  04/27/2023  09:30:45  PAGE 5



SEGMENT                                       BIT_GROUP          DATA_GROUP          XDATA_GROUP
  +--> CALLED SEGMENT                      START    LENGTH     START    LENGTH     START    LENGTH
--------------------------------------------------------------------------------------------------
?C_C51STARTUP                              -----    -----      -----    -----      -----    -----
  +--> ?PR?MAIN?MAIN
  +--> ?C_INITSEG

?PR?MAIN?MAIN                              -----    -----      -----    -----      0464H    0006H
  +--> ?PR?INIT_DEVICE?INIT380
  +--> ?PR?INITSYS?INITSYS
  +--> ?CO?MAIN
  +--> ?PR?MENUSCREEN?MAIN
  +--> ?PR?_DELAY_MS?DELAY
  +--> ?PR?READTOUCHX?TOUCH
  +--> ?PR?READTOUCHY?TOUCH
  +--> ?PR?_LCD_SETCURSOR?LCD
  +--> ?PR?_BUTTONTOUCH?SHAPE
  +--> ?PR?PRINTF?PRINTF
  +--> ?PR?START_WORKING?MAIN
  +--> ?PR?MP3?MAIN
  +--> ?PR?MOVE?MAIN
  +--> ?PR?TEMPERATURE?MAIN
  +--> ?PR?CRYING?MAIN

?PR?INIT_DEVICE?INIT380                    -----    -----      -----    -----      -----    -----
  +--> ?PR?PCA_INIT?INIT380
  +--> ?PR?TIMER_INIT?INIT380
  +--> ?PR?UART_INIT?INIT380
  +--> ?PR?ADC_INIT?INIT380
  +--> ?PR?VOLTAGE_REFERENCE_INIT?INIT380
  +--> ?PR?PORT_IO_INIT?INIT380
  +--> ?PR?OSCILLATOR_INIT?INIT380

?PR?INITSYS?INITSYS                        -----    -----      -----    -----      046AH    0003H
  +--> ?PR?_DELAY_MS?DELAY
  +--> ?PR?___R24C32?24C32SYS
  +--> ?PR?LCD_BEGIN?LCD
  +--> ?CO?INITSYS
  +--> ?PR?_LCD_PRINT?LCD
  +--> ?PR?_TOUCHSET?TOUCH
  +--> ?PR?LCD_CLEARBUTTON?SHAPE

?PR?___R24C32?24C32SYS                     -----    -----      -----    -----      046DH    0004H
  +--> ?PR?__START?I2CSYS
  +--> ?PR?___WRITEBYTE?I2CSYS
  +--> ?PR?__STOP?I2CSYS
  +--> ?PR?__READBYTE?I2CSYS

?PR?__START?I2CSYS                         -----    -----      -----    -----      -----    -----
  +--> ?PR?_DELAY_US?DELAY

?PR?___WRITEBYTE?I2CSYS                    0020H.0  0000H.1    -----    -----      0471H    0003H
  +--> ?PR?_DELAY_US?DELAY

?PR?__STOP?I2CSYS                          -----    -----      -----    -----      -----    -----
  +--> ?PR?_DELAY_US?DELAY
BL51 BANKED LINKER/LOCATER V6.22.2.0                                                  04/27/2023  09:30:45  PAGE 6



?PR?__READBYTE?I2CSYS                      0020H.0  0000H.1    -----    -----      0471H    0003H
  +--> ?PR?_DELAY_US?DELAY

?PR?LCD_BEGIN?LCD                          -----    -----      -----    -----      -----    -----
  +--> ?PR?_WRITECOMMAND?LCD
  +--> ?PR?_WRITEDATA?LCD
  +--> ?PR?_DELAY_MS?DELAY
  +--> ?PR?LCD_SETPARAM?LCD
  +--> ?PR?_LCD_SETROTATION?LCD
  +--> ?PR?_LCD_FILLSCREEN?LCD
  +--> ?PR?_LCD_SETTEXTSIZE?LCD
  +--> ?PR?_LCD_SETTEXT2COLOR?LCD

?PR?_WRITEDATA?LCD                         -----    -----      -----    -----      -----    -----
  +--> ?PR?_WRITECOMMAND?LCD

?PR?_LCD_SETROTATION?LCD                   -----    -----      -----    -----      -----    -----
  +--> ?PR?_WRITECOMMAND?LCD
  +--> ?PR?_WRITEDATA?LCD

?PR?_LCD_FILLSCREEN?LCD                    -----    -----      -----    -----      047EH    0003H
  +--> ?PR?_LCD_SETADDRWINDOW?LCD

?PR?_LCD_SETADDRWINDOW?LCD                 -----    -----      -----    -----      04CAH    0008H
  +--> ?PR?_WRITECOMMAND?LCD
  +--> ?PR?_WRITEDATA?LCD
  +--> ?PR?LCD_WRITERAM_PREPARE?LCD

?PR?LCD_WRITERAM_PREPARE?LCD               -----    -----      -----    -----      -----    -----
  +--> ?PR?_WRITECOMMAND?LCD

?PR?_LCD_PRINT?LCD                         -----    -----      -----    -----      0497H    0003H
  +--> ?PR?_PUTCHAR5_7_2COLOR?LCD
  +--> ?PR?_PUTCHAR5_7?LCD

?PR?_PUTCHAR5_7_2COLOR?LCD                 -----    -----      -----    -----      04B0H    0014H
  +--> ?CO?LCD
  +--> ?PR?_LCD_DRAWPIXEL?LCD

?PR?_LCD_DRAWPIXEL?LCD                     -----    -----      -----    -----      04C4H    0006H
  +--> ?PR?_LCD_SETADDRWINDOW?LCD
  +--> ?PR?_WRITEDATA16?LCD

?PR?_PUTCHAR5_7?LCD                        -----    -----      -----    -----      04B0H    0012H
  +--> ?CO?LCD
  +--> ?PR?_LCD_DRAWPIXEL?LCD

?PR?_TOUCHSET?TOUCH                        -----    -----      -----    -----      046DH    0008H

?PR?MENUSCREEN?MAIN                        -----    -----      -----    -----      -----    -----
  +--> ?PR?_LCD_FILLSCREEN?LCD
  +--> ?CO?MAIN
  +--> ?PR?_LCD_PRINT2C?LCD
  +--> ?PR?LCD_CLEARBUTTON?SHAPE
  +--> ?PR?_LCD_DRAWBUTTON?SHAPE
  +--> ?PR?_LCD_SETTEXT2COLOR?LCD
BL51 BANKED LINKER/LOCATER V6.22.2.0                                                  04/27/2023  09:30:45  PAGE 7



?PR?_LCD_PRINT2C?LCD                       -----    -----      -----    -----      0476H    000CH
  +--> ?PR?_LCD_SETTEXT2COLOR?LCD
  +--> ?PR?_LCD_SETTEXTSIZE?LCD
  +--> ?PR?_LCD_SETCURSOR?LCD
  +--> ?PR?_LCD_PRINT?LCD

?PR?_LCD_DRAWBUTTON?SHAPE                  -----    -----      -----    -----      0476H    0017H
  +--> ?PR?_STRLEN?STRLEN
  +--> ?PR?_LCD_FILLROUNDRECT?SHAPE
  +--> ?PR?_LCD_PRINTC?LCD

?PR?_LCD_FILLROUNDRECT?SHAPE               -----    -----      -----    -----      048DH    000CH
  +--> ?PR?_LCD_FILLRECT?SHAPE
  +--> ?PR?_LCD_FILLCIRCLEHELPER?SHAPE

?PR?_LCD_FILLRECT?SHAPE                    -----    -----      -----    -----      0499H    000DH
  +--> ?PR?_LCD_SETADDRWINDOW?LCD

?PR?_LCD_FILLCIRCLEHELPER?SHAPE            -----    -----      -----    -----      0499H    0015H
  +--> ?PR?_LCD_DRAWFASTVLINE?SHAPE

?PR?_LCD_DRAWFASTVLINE?SHAPE               -----    -----      -----    -----      04AEH    000AH
  +--> ?PR?_LCD_SETADDRWINDOW?LCD
  +--> ?PR?_WRITEDATA16?LCD

?PR?_LCD_PRINTC?LCD                        -----    -----      -----    -----      048DH    000AH
  +--> ?PR?_LCD_SETTEXT1COLOR?LCD
  +--> ?PR?_LCD_SETTEXTSIZE?LCD
  +--> ?PR?_LCD_SETCURSOR?LCD
  +--> ?PR?_LCD_PRINT?LCD

?PR?READTOUCHX?TOUCH                       -----    -----      -----    -----      -----    -----
  +--> ?PR?READY?TOUCH
  +--> ?PR?_MAP?TOUCH
  +--> ?PR?READX?TOUCH

?PR?READY?TOUCH                            -----    -----      -----    -----      046CH    000AH
  +--> ?PR?_ADS_READ_AD?TOUCH
  +--> ?PR?_DELAY_US?DELAY
  +--> ?PR?_ABS?ABS

?PR?_ADS_READ_AD?TOUCH                     -----    -----      -----    -----      -----    -----
  +--> ?PR?_WRITECHARTO7843?TOUCH
  +--> ?PR?READFROMCHARFROM7843?TOUCH

?PR?_MAP?TOUCH                             -----    -----      -----    -----      046CH    000EH

?PR?READX?TOUCH                            -----    -----      -----    -----      046CH    000AH
  +--> ?PR?_ADS_READ_AD?TOUCH
  +--> ?PR?_DELAY_US?DELAY
  +--> ?PR?_ABS?ABS

?PR?READTOUCHY?TOUCH                       -----    -----      -----    -----      046AH    0002H
  +--> ?PR?READX?TOUCH
  +--> ?PR?_MAP?TOUCH
  +--> ?PR?READY?TOUCH
BL51 BANKED LINKER/LOCATER V6.22.2.0                                                  04/27/2023  09:30:45  PAGE 8



?PR?_BUTTONTOUCH?SHAPE                     -----    -----      -----    -----      046AH    0004H

?PR?PRINTF?PRINTF                          0020H.0  0001H.1    0008H    0005H      047EH    0030H
  +--> ?PR?_PUTCHAR?LCD

?PR?_PUTCHAR?LCD                           -----    -----      -----    -----      04AEH    0001H
  +--> ?PR?_LCD_WRITE?LCD

?PR?_LCD_WRITE?LCD                         -----    -----      -----    -----      04AFH    0001H
  +--> ?PR?_PUTCHAR5_7_2COLOR?LCD
  +--> ?PR?_PUTCHAR5_7?LCD

?PR?START_WORKING?MAIN                     -----    -----      -----    -----      -----    -----
  +--> ?PR?TEMPERATURE?MAIN

?PR?TEMPERATURE?MAIN                       -----    -----      -----    -----      046AH    0004H
  +--> ?PR?_ADC_IN?MAIN
  +--> ?PR?_CALCTEMP?MAIN
  +--> ?PR?_LCD_FILLSCREEN?LCD
  +--> ?PR?_LCD_SETCURSOR?LCD
  +--> ?CO?MAIN
  +--> ?PR?PRINTF?PRINTF
  +--> ?PR?SETTARGET?LCD
  +--> ?PR?_DELAY_MS?DELAY
  +--> ?PR?MENUSCREEN?MAIN
  +--> ?PR?MOVE?MAIN

?PR?_ADC_IN?MAIN                           -----    -----      -----    -----      -----    -----
  +--> ?PR?_DELAY_US?DELAY

?PR?SETTARGET?LCD                          0020H.0  0000H.1    -----    -----      -----    -----

?PR?MOVE?MAIN                              -----    -----      -----    -----      046EH    0002H
  +--> ?PR?_DELAY_MS?DELAY
  +--> ?CO?MAIN
  +--> ?PR?PRINTF?PRINTF
  +--> ?PR?SETTARGET?LCD
  +--> ?PR?MENUSCREEN?MAIN
  +--> ?PR?CRYING?MAIN

?PR?CRYING?MAIN                            -----    -----      -----    -----      0470H    0006H
  +--> ?PR?_LCD_FILLSCREEN?LCD
  +--> ?PR?_DELAY_MS?DELAY
  +--> ?PR?ISALARMDETECTED2?MAIN
  +--> ?CO?MAIN
  +--> ?PR?PRINTF?PRINTF
  +--> ?PR?SETTARGET?LCD
  +--> ?PR?MENUSCREEN?MAIN
  +--> ?PR?_PLAY_SONG?MAIN
  +--> ?PR?_LCD_SETCURSOR?LCD

?PR?ISALARMDETECTED2?MAIN                  -----    -----      -----    -----      0476H    0008H
  +--> ?PR?_LCD_FILLSCREEN?LCD
  +--> ?PR?_ADC_IN?MAIN
  +--> ?PR?_DELAY_US?DELAY
  +--> ?PR?_GOERTZEL_MAG?MAIN
BL51 BANKED LINKER/LOCATER V6.22.2.0                                                  04/27/2023  09:30:45  PAGE 9


  +--> ?PR?_LCD_SETCURSOR?LCD
  +--> ?CO?MAIN
  +--> ?PR?PRINTF?PRINTF

?PR?_GOERTZEL_MAG?MAIN                     -----    -----      -----    -----      047EH    0034H
  +--> ?PR?SIN?SIN
  +--> ?PR?SQRT?SQRT

?PR?SIN?SIN                                0020H.0  0000H.1    -----    -----      04B2H    0004H

?PR?SQRT?SQRT                              -----    -----      -----    -----      04B2H    0004H

?PR?_PLAY_SONG?MAIN                        -----    -----      -----    -----      -----    -----
  +--> ?PR?_PUTCHAR1?MAIN

?PR?MP3?MAIN                               -----    -----      -----    -----      -----    -----
  +--> ?PR?_LCD_FILLSCREEN?LCD
  +--> ?PR?_LCD_SETCURSOR?LCD
  +--> ?CO?MAIN
  +--> ?PR?PRINTF?PRINTF
  +--> ?PR?_PLAY_SONG?MAIN
  +--> ?PR?_DELAY_MS?DELAY
  +--> ?PR?MENUSCREEN?MAIN



SYMBOL TABLE OF MODULE:  .\Objects\Lcd8bitC380Basic (INIT380)

  VALUE           TYPE          NAME
  ----------------------------------

  -------         MODULE        INIT380
  C:0000H         SYMBOL        _ICE_DUMMY_
  D:00E8H         PUBLIC        ADC0CN
  C:61A0H         PUBLIC        Port_IO_Init
  D:00D9H         PUBLIC        PCA0MD
  C:61F9H         PUBLIC        Oscillator_Init
  D:00E1H         PUBLIC        XBR0
  D:00E2H         PUBLIC        XBR1
  D:00E3H         PUBLIC        XBR2
  D:00D1H         PUBLIC        REF0CN
  D:00ACH         PUBLIC        SBCON1
  D:00F2H         PUBLIC        P1MDIN
  D:00B5H         PUBLIC        SBRLH1
  D:00B4H         PUBLIC        SBRLL1
  C:61E5H         PUBLIC        UART_Init
  D:0089H         PUBLIC        TMOD
  D:0088H         PUBLIC        TCON
  C:61EFH         PUBLIC        ADC_Init
  D:00A9H         PUBLIC        CLKSEL
  D:00B2H         PUBLIC        OSCICN
  C:623FH         PUBLIC        Voltage_Reference_Init
  C:610DH         PUBLIC        Init_Device
  C:622DH         PUBLIC        PCA_Init
  D:008DH         PUBLIC        TH1
  D:00BAH         PUBLIC        AMX0N
  D:00BBH         PUBLIC        AMX0P
BL51 BANKED LINKER/LOCATER V6.22.2.0                                                  04/27/2023  09:30:45  PAGE 10


  D:00B6H         PUBLIC        FLSCL
  C:61DBH         PUBLIC        Timer_Init
  -------         PROC          PCA_INIT
  C:622DH         LINE#         10
  C:622DH         LINE#         11
  C:622DH         LINE#         12
  C:6230H         LINE#         13
  C:6233H         LINE#         14
  -------         ENDPROC       PCA_INIT
  -------         PROC          TIMER_INIT
  C:61DBH         LINE#         16
  C:61DBH         LINE#         17
  C:61DBH         LINE#         18
  C:61DEH         LINE#         19
  C:61E1H         LINE#         20
  C:61E4H         LINE#         21
  -------         ENDPROC       TIMER_INIT
  -------         PROC          UART_INIT
  C:61E5H         LINE#         23
  C:61E5H         LINE#         24
  C:61E5H         LINE#         25
  C:61E8H         LINE#         26
  C:61EBH         LINE#         27
  C:61EEH         LINE#         28
  -------         ENDPROC       UART_INIT
  -------         PROC          ADC_INIT
  C:61EFH         LINE#         30
  C:61EFH         LINE#         31
  C:61EFH         LINE#         32
  C:61F2H         LINE#         33
  C:61F5H         LINE#         34
  C:61F8H         LINE#         35
  -------         ENDPROC       ADC_INIT
  -------         PROC          VOLTAGE_REFERENCE_INIT
  C:623FH         LINE#         37
  C:623FH         LINE#         38
  C:623FH         LINE#         39
  C:6242H         LINE#         40
  -------         ENDPROC       VOLTAGE_REFERENCE_INIT
  -------         PROC          PORT_IO_INIT
  C:61A0H         LINE#         42
  C:61A0H         LINE#         43
  C:61A0H         LINE#         80
  C:61A3H         LINE#         81
  C:61A6H         LINE#         82
  C:61A9H         LINE#         83
  C:61ACH         LINE#         84
  -------         ENDPROC       PORT_IO_INIT
  -------         PROC          OSCILLATOR_INIT
  C:61F9H         LINE#         86
  C:61F9H         LINE#         87
  C:61F9H         LINE#         88
  C:61FCH         LINE#         89
  C:61FFH         LINE#         90
  C:6202H         LINE#         91
  -------         ENDPROC       OSCILLATOR_INIT
  -------         PROC          INIT_DEVICE
BL51 BANKED LINKER/LOCATER V6.22.2.0                                                  04/27/2023  09:30:45  PAGE 11


  C:610DH         LINE#         95
  C:610DH         LINE#         96
  C:610DH         LINE#         97
  C:6110H         LINE#         98
  C:6113H         LINE#         99
  C:6116H         LINE#         100
  C:6119H         LINE#         101
  C:611CH         LINE#         102
  C:611FH         LINE#         103
  C:6122H         LINE#         104
  -------         ENDPROC       INIT_DEVICE
  -------         ENDMOD        INIT380

  -------         MODULE        MAIN
  C:0000H         SYMBOL        _ICE_DUMMY_
  C:0B96H         PUBLIC        gImage_argb2
  D:0090H         PUBLIC        P1
  C:119EH         PUBLIC        playtrack1
  D:00B0H         PUBLIC        P3
  C:1BD7H         PUBLIC        IsAlarmDetected2
  C:2319H         PUBLIC        _goertzel_mag
  C:5F2CH         PUBLIC        _CalcTemp
  C:51F2H         PUBLIC        mp3
  X:0280H         PUBLIC        NumInstans
  C:4E74H         PUBLIC        Move
  B:00B0H.6       PUBLIC        T_IRQ
  B:00E8H.5       PUBLIC        AD0INT
  C:45FCH         PUBLIC        main
  C:332EH         PUBLIC        temperature
  C:497AH         PUBLIC        Font_test
  C:60F5H         PUBLIC        _ADC_IN
  X:0288H         PUBLIC        wave_property_arr
  C:6215H         PUBLIC        _PUTCHAR0
  C:61C5H         PUBLIC        _PUTCHAR1
  B:0098H.1       PUBLIC        TI0
  X:02A0H         PUBLIC        playtrack
  X:02A8H         PUBLIC        num
  C:5DBBH         PUBLIC        _play_song
  X:02AAH         PUBLIC        data_in
  C:6234H         PUBLIC        Start_Working
  B:0090H.0       PUBLIC        senMove
  D:0099H         PUBLIC        SBUF0
  X:044EH         PUBLIC        my_string
  D:00D3H         PUBLIC        SBUF1
  D:00D2H         PUBLIC        SCON1
  D:00BAH         PUBLIC        AMX0N
  D:00BBH         PUBLIC        AMX0P
  X:0462H         PUBLIC        i
  C:3B33H         PUBLIC        Crying
  D:00BDH         PUBLIC        ADC0
  B:00E8H.4       PUBLIC        AD0BUSY
  C:3681H         PUBLIC        MenuScreen
  -------         PROC          _PUTCHAR1
  D:0007H         SYMBOL        tav
  C:61C5H         LINE#         45
  C:61C5H         LINE#         46
  C:61C5H         LINE#         47
BL51 BANKED LINKER/LOCATER V6.22.2.0                                                  04/27/2023  09:30:45  PAGE 12


  C:61C7H         LINE#         48
  C:61CCH         LINE#         49
  C:61CFH         LINE#         50
  -------         ENDPROC       _PUTCHAR1
  -------         PROC          _PUTCHAR0
  D:0007H         SYMBOL        tav
  C:6215H         LINE#         52
  C:6215H         LINE#         53
  C:6215H         LINE#         54
  C:6217H         LINE#         55
  C:621AH         LINE#         56
  C:621CH         LINE#         57
  -------         ENDPROC       _PUTCHAR0
  -------         PROC          _PLAY_SONG
  D:0007H         SYMBOL        dir
  D:0005H         SYMBOL        song_num
  C:5DBBH         LINE#         66
  C:5DBBH         LINE#         67
  C:5DBBH         LINE#         68
  C:5DC0H         LINE#         69
  C:5DC3H         LINE#         70
  C:5DDCH         LINE#         71
  C:5DFBH         LINE#         72
  -------         ENDPROC       _PLAY_SONG
  -------         PROC          MAIN
  -------         DO            
  X:0464H         SYMBOL        x
  X:0466H         SYMBOL        y
  X:0468H         SYMBOL        ButtonNum
  -------         ENDDO         
  C:45FCH         LINE#         74
  C:45FCH         LINE#         75
  C:45FCH         LINE#         76
  C:4607H         LINE#         77
  C:460AH         LINE#         78
  C:460DH         LINE#         80
  C:4614H         LINE#         81
  C:464EH         LINE#         87
  C:4651H         LINE#         90
  C:4651H         LINE#         91
  C:4654H         LINE#         92
  C:465BH         LINE#         93
  C:4666H         LINE#         94
  C:4671H         LINE#         95
  C:467CH         LINE#         96
  C:4695H         LINE#         97
  C:46C2H         LINE#         99
  C:46CCH         LINE#         100
  C:46CFH         LINE#         101
  C:46D2H         LINE#         102
  C:46D5H         LINE#         103
  C:46E1H         LINE#         104
  C:46E4H         LINE#         105
  C:46E7H         LINE#         106
  C:46EAH         LINE#         107
  C:46F6H         LINE#         108
  C:46F9H         LINE#         109
BL51 BANKED LINKER/LOCATER V6.22.2.0                                                  04/27/2023  09:30:45  PAGE 13


  C:46FCH         LINE#         110
  C:46FFH         LINE#         111
  C:470BH         LINE#         112
  C:470EH         LINE#         113
  C:4711H         LINE#         114
  C:4714H         LINE#         115
  C:4723H         LINE#         116
  C:4726H         LINE#         117
  C:4729H         LINE#         118
  C:4729H         LINE#         119
  C:4729H         LINE#         120
  -------         ENDPROC       MAIN
  -------         PROC          MENUSCREEN
  C:3681H         LINE#         123
  C:3681H         LINE#         124
  C:3687H         LINE#         125
  C:36A6H         LINE#         126
  C:36C5H         LINE#         127
  C:36C8H         LINE#         128
  C:3709H         LINE#         129
  C:374CH         LINE#         130
  C:378CH         LINE#         131
  C:37CDH         LINE#         132
  C:380EH         LINE#         133
  C:3818H         LINE#         134
  -------         ENDPROC       MENUSCREEN
  -------         PROC          START_WORKING
  C:6234H         LINE#         139
  C:6234H         LINE#         140
  C:6234H         LINE#         141
  C:6237H         LINE#         145
  -------         ENDPROC       START_WORKING
  -------         PROC          FONT_TEST
  -------         DO            
  X:0631H         SYMBOL        x
  -------         ENDDO         
  C:497AH         LINE#         150
  C:497AH         LINE#         151
  C:4984H         LINE#         152
  C:498AH         LINE#         153
  C:49AAH         LINE#         154
  C:49CAH         LINE#         155
  C:49E9H         LINE#         156
  C:4A08H         LINE#         157
  C:4A11H         LINE#         158
  C:4A16H         LINE#         159
  C:4A1DH         LINE#         160
  C:4A26H         LINE#         161
  C:4A2FH         LINE#         162
  C:4A34H         LINE#         163
  C:4A3BH         LINE#         164
  C:4A44H         LINE#         165
  C:4A4DH         LINE#         166
  C:4A65H         LINE#         167
  C:4A7DH         LINE#         168
  C:4A80H         LINE#         169
  -------         ENDPROC       FONT_TEST
BL51 BANKED LINKER/LOCATER V6.22.2.0                                                  04/27/2023  09:30:45  PAGE 14


  -------         PROC          MOVE
  -------         DO            
  X:046EH         SYMBOL        cnt
  D:0006H         SYMBOL        numSec
  -------         ENDDO         
  C:4E74H         LINE#         179
  C:4E74H         LINE#         180
  C:4E7BH         LINE#         181
  C:4E7FH         LINE#         183
  C:4E7FH         LINE#         184
  C:4E7FH         LINE#         185
  C:4E8DH         LINE#         186
  C:4E94H         LINE#         187
  C:4EA3H         LINE#         189
  C:4EA3H         LINE#         190
  C:4EA3H         LINE#         191
  C:4EB2H         LINE#         192
  C:4EB4H         LINE#         193
  C:4EB4H         LINE#         194
  C:4EB6H         LINE#         195
  C:4EBCH         LINE#         196
  C:4EBCH         LINE#         197
  C:4EC5H         LINE#         198
  C:4ECAH         LINE#         199
  C:4ED3H         LINE#         200
  C:4EDAH         LINE#         201
  C:4EE3H         LINE#         202
  C:4EEAH         LINE#         203
  C:4EF3H         LINE#         204
  C:4EFAH         LINE#         205
  C:4F03H         LINE#         206
  C:4F0AH         LINE#         207
  C:4F13H         LINE#         208
  C:4F1AH         LINE#         209
  C:4F23H         LINE#         210
  C:4F2AH         LINE#         211
  C:4F33H         LINE#         212
  C:4F3AH         LINE#         213
  C:4F43H         LINE#         214
  C:4F4AH         LINE#         215
  C:4F4FH         LINE#         216
  C:4F52H         LINE#         217
  C:4F59H         LINE#         218
  C:4F59H         LINE#         219
  C:4F5CH         LINE#         220
  -------         ENDPROC       MOVE
  -------         PROC          _ADC_IN
  D:0006H         SYMBOL        num
  C:60F5H         LINE#         236
  C:60F5H         LINE#         237
  C:60F5H         LINE#         238
  C:60F8H         LINE#         239
  C:60FAH         LINE#         240
  C:6101H         LINE#         241
  C:6103H         LINE#         242
  C:6106H         LINE#         243
  C:6108H         LINE#         244
BL51 BANKED LINKER/LOCATER V6.22.2.0                                                  04/27/2023  09:30:45  PAGE 15


  C:610CH         LINE#         245
  -------         ENDPROC       _ADC_IN
  -------         PROC          _CALCTEMP
  D:0006H         SYMBOL        digVal
  -------         DO            
  D:0004H         SYMBOL        temp
  D:0004H         SYMBOL        analog_val
  -------         ENDDO         
  C:5F2CH         LINE#         248
  C:5F2CH         LINE#         249
  C:5F2CH         LINE#         253
  C:5F49H         LINE#         255
  C:5F54H         LINE#         257
  C:5F54H         LINE#         258
  -------         ENDPROC       _CALCTEMP
  -------         PROC          TEMPERATURE
  -------         DO            
  D:0006H         SYMBOL        val
  -------         DO            
  X:046AH         SYMBOL        temp
  -------         ENDDO         
  -------         ENDDO         
  C:332EH         LINE#         260
  C:332EH         LINE#         262
  C:332EH         LINE#         263
  C:332EH         LINE#         265
  C:3335H         LINE#         266
  C:333EH         LINE#         267
  C:3345H         LINE#         268
  C:334EH         LINE#         269
  C:336BH         LINE#         270
  C:338AH         LINE#         271
  C:3393H         LINE#         272
  C:3398H         LINE#         274
  C:33A1H         LINE#         275
  C:33A8H         LINE#         276
  C:33B1H         LINE#         277
  C:33B8H         LINE#         278
  C:33C1H         LINE#         279
  C:33C8H         LINE#         280
  C:33D1H         LINE#         281
  C:33D8H         LINE#         282
  C:33E1H         LINE#         283
  C:33E8H         LINE#         284
  C:33F1H         LINE#         285
  C:33F8H         LINE#         286
  C:3401H         LINE#         287
  C:3408H         LINE#         288
  C:3411H         LINE#         289
  C:3418H         LINE#         290
  C:341DH         LINE#         291
  C:3420H         LINE#         292
  C:3420H         LINE#         293
  C:343DH         LINE#         294
  C:3446H         LINE#         295
  C:344BH         LINE#         296
  C:3454H         LINE#         297
BL51 BANKED LINKER/LOCATER V6.22.2.0                                                  04/27/2023  09:30:45  PAGE 16


  C:345BH         LINE#         298
  C:3464H         LINE#         299
  C:346BH         LINE#         300
  C:3474H         LINE#         301
  C:347BH         LINE#         302
  C:3484H         LINE#         303
  C:348BH         LINE#         304
  C:3494H         LINE#         305
  C:349BH         LINE#         306
  C:34A4H         LINE#         307
  C:34ABH         LINE#         308
  C:34B4H         LINE#         309
  C:34BBH         LINE#         310
  C:34C4H         LINE#         311
  C:34CBH         LINE#         312
  C:34D0H         LINE#         313
  C:34D3H         LINE#         314
  C:34D3H         LINE#         315
  C:34D6H         LINE#         318
  -------         ENDPROC       TEMPERATURE
  -------         PROC          ISALARMDETECTED2
  -------         DO            
  X:0476H         SYMBOL        mag_temp
  D:0004H         SYMBOL        detect
  X:0478H         SYMBOL        j
  X:047AH         SYMBOL        i
  X:047CH         SYMBOL        k
  -------         ENDDO         
  C:1BD7H         LINE#         324
  C:1BD7H         LINE#         325
  C:1BD7H         LINE#         328
  C:1BDEH         LINE#         329
  C:1BE4H         LINE#         330
  C:1BE9H         LINE#         331
  C:1C02H         LINE#         332
  C:1C02H         LINE#         333
  C:1C17H         LINE#         334
  C:1C27H         LINE#         335
  C:1C2EH         LINE#         336
  C:1C2EH         LINE#         337
  C:1C35H         LINE#         338
  C:1C35H         LINE#         339
  C:1C5FH         LINE#         340
  C:1C66H         LINE#         342
  C:1C85H         LINE#         344
  C:1CA1H         LINE#         345
  C:1CA1H         LINE#         346
  C:1CCFH         LINE#         347
  C:1CDDH         LINE#         349
  C:1CF9H         LINE#         350
  C:1CF9H         LINE#         352
  C:1D04H         LINE#         353
  C:1D0EH         LINE#         354
  C:1D0EH         LINE#         355
  C:1D16H         LINE#         356
  C:1D71H         LINE#         357
  C:1D71H         LINE#         359
BL51 BANKED LINKER/LOCATER V6.22.2.0                                                  04/27/2023  09:30:45  PAGE 17


  C:1D7DH         LINE#         360
  C:1D7DH         LINE#         361
  C:1D86H         LINE#         362
  C:1DE1H         LINE#         363
  C:1DE1H         LINE#         365
  C:1DEDH         LINE#         366
  C:1DEDH         LINE#         367
  C:1DF6H         LINE#         368
  C:1E51H         LINE#         369
  C:1E51H         LINE#         371
  C:1E5DH         LINE#         372
  C:1E5DH         LINE#         373
  C:1E66H         LINE#         374
  C:1EC1H         LINE#         375
  C:1EC1H         LINE#         377
  C:1EC1H         LINE#         386
  C:1EF3H         LINE#         387
  C:1EF3H         LINE#         388
  C:1F0BH         LINE#         389
  C:1F0BH         LINE#         390
  C:1F1CH         LINE#         392
  C:1F3EH         LINE#         394
  C:1F42H         LINE#         395
  C:1F49H         LINE#         396
  C:1F49H         LINE#         397
  C:1F8BH         LINE#         398
  C:1F8BH         LINE#         399
  C:1F8EH         LINE#         400
  C:1F90H         LINE#         401
  C:1F90H         LINE#         402
  C:1FAAH         LINE#         403
  C:1FAEH         LINE#         404
  -------         ENDPROC       ISALARMDETECTED2
  -------         PROC          _GOERTZEL_MAG
  X:047EH         SYMBOL        numSamples
  X:0480H         SYMBOL        TARGET_FREQUENCY
  X:0482H         SYMBOL        SAMPLING_RATE
  -------         DO            
  D:0006H         SYMBOL        k
  X:0484H         SYMBOL        i
  X:0486H         SYMBOL        analog
  X:048AH         SYMBOL        floatnumSamples
  X:048EH         SYMBOL        omega
  X:0492H         SYMBOL        sine
  X:0496H         SYMBOL        cosine
  X:049AH         SYMBOL        coeff
  X:049EH         SYMBOL        q0
  X:04A2H         SYMBOL        q1
  X:04A6H         SYMBOL        q2
  D:0004H         SYMBOL        magnitude
  X:04AAH         SYMBOL        real
  D:0004H         SYMBOL        imag
  X:04AEH         SYMBOL        scalingFactor
  -------         ENDDO         
  C:2319H         LINE#         410
  C:232DH         LINE#         411
  C:232DH         LINE#         417
BL51 BANKED LINKER/LOCATER V6.22.2.0                                                  04/27/2023  09:30:45  PAGE 18


  C:2348H         LINE#         419
  C:235AH         LINE#         420
  C:23AAH         LINE#         421
  C:23D4H         LINE#         422
  C:23EBH         LINE#         423
  C:2402H         LINE#         424
  C:241FH         LINE#         425
  C:2429H         LINE#         426
  C:2433H         LINE#         427
  C:243DH         LINE#         429
  C:2463H         LINE#         430
  C:2463H         LINE#         431
  C:2483H         LINE#         432
  C:24CAH         LINE#         433
  C:24DCH         LINE#         434
  C:24EEH         LINE#         435
  C:24FFH         LINE#         439
  C:254EH         LINE#         440
  C:257EH         LINE#         442
  C:25B7H         LINE#         444
  C:25B7H         LINE#         445
  -------         ENDPROC       _GOERTZEL_MAG
  -------         PROC          CRYING
  -------         DO            
  X:0470H         SYMBOL        status
  X:0472H         SYMBOL        cnt
  X:0474H         SYMBOL        numSec
  -------         ENDDO         
  C:3B33H         LINE#         450
  C:3B33H         LINE#         452
  C:3B42H         LINE#         453
  C:3B49H         LINE#         454
  C:3B50H         LINE#         456
  C:3B50H         LINE#         457
  C:3B50H         LINE#         458
  C:3B5BH         LINE#         459
  C:3B69H         LINE#         460
  C:3B70H         LINE#         461
  C:3B85H         LINE#         463
  C:3B85H         LINE#         464
  C:3B8BH         LINE#         465
  C:3B8DH         LINE#         466
  C:3B8FH         LINE#         467
  C:3B9EH         LINE#         468
  C:3B9EH         LINE#         469
  C:3BA7H         LINE#         470
  C:3BACH         LINE#         471
  C:3BB5H         LINE#         472
  C:3BBCH         LINE#         473
  C:3BC5H         LINE#         474
  C:3BCCH         LINE#         475
  C:3BD5H         LINE#         476
  C:3BDCH         LINE#         477
  C:3BE5H         LINE#         478
  C:3BECH         LINE#         479
  C:3BF5H         LINE#         480
  C:3BFCH         LINE#         481
BL51 BANKED LINKER/LOCATER V6.22.2.0                                                  04/27/2023  09:30:45  PAGE 19


  C:3C05H         LINE#         482
  C:3C0CH         LINE#         483
  C:3C15H         LINE#         484
  C:3C1CH         LINE#         485
  C:3C25H         LINE#         486
  C:3C2CH         LINE#         487
  C:3C31H         LINE#         488
  C:3C34H         LINE#         489
  C:3C3BH         LINE#         490
  C:3C46H         LINE#         491
  C:3C4DH         LINE#         492
  C:3C54H         LINE#         493
  C:3C5FH         LINE#         494
  C:3C66H         LINE#         495
  C:3C6DH         LINE#         496
  C:3C78H         LINE#         497
  C:3C7FH         LINE#         498
  C:3C86H         LINE#         499
  C:3C91H         LINE#         500
  C:3C98H         LINE#         501
  C:3C9FH         LINE#         502
  C:3CAAH         LINE#         503
  C:3CB1H         LINE#         504
  C:3CB1H         LINE#         505
  C:3CB8H         LINE#         506
  -------         ENDPROC       CRYING
  -------         PROC          MP3
  C:51F2H         LINE#         513
  C:51F2H         LINE#         514
  C:51F2H         LINE#         515
  C:51F8H         LINE#         516
  C:5203H         LINE#         517
  C:520CH         LINE#         518
  C:520FH         LINE#         520
  C:5216H         LINE#         521
  C:5221H         LINE#         522
  C:5228H         LINE#         523
  C:5231H         LINE#         524
  C:5238H         LINE#         525
  C:5243H         LINE#         526
  C:524AH         LINE#         527
  C:5253H         LINE#         528
  C:525AH         LINE#         529
  C:5265H         LINE#         530
  C:526CH         LINE#         531
  C:5275H         LINE#         532
  C:527CH         LINE#         533
  C:5287H         LINE#         534
  C:528EH         LINE#         535
  C:5297H         LINE#         536
  C:529EH         LINE#         537
  C:52A9H         LINE#         538
  C:52B0H         LINE#         539
  C:52B9H         LINE#         541
  C:52BCH         LINE#         542
  C:52BFH         LINE#         543
  -------         ENDPROC       MP3
BL51 BANKED LINKER/LOCATER V6.22.2.0                                                  04/27/2023  09:30:45  PAGE 20


  -------         ENDMOD        MAIN

  -------         MODULE        DELAY
  C:0000H         SYMBOL        _ICE_DUMMY_
  D:00B0H         PUBLIC        P3
  D:0094H         PUBLIC        TMR3
  D:0091H         PUBLIC        TMR3CN
  C:609EH         PUBLIC        _delay_ms
  C:5FCAH         PUBLIC        _delay_us
  -------         PROC          _DELAY_MS
  D:0006H         SYMBOL        ms
  C:609EH         LINE#         21
  C:609EH         LINE#         22
  C:60A2H         LINE#         23
  C:60A5H         LINE#         24
  C:60ABH         LINE#         26
  C:60AEH         LINE#         27
  C:60B3H         LINE#         28
  C:60B8H         LINE#         29
  C:60BAH         LINE#         30
  C:60BDH         LINE#         31
  -------         ENDPROC       _DELAY_MS
  -------         PROC          _DELAY_US
  D:0006H         SYMBOL        us
  C:5FCAH         LINE#         34
  C:5FCAH         LINE#         35
  C:5FCAH         LINE#         36
  C:5FCDH         LINE#         38
  C:5FE2H         LINE#         40
  C:5FE5H         LINE#         41
  C:5FEAH         LINE#         42
  C:5FEDH         LINE#         43
  -------         ENDPROC       _DELAY_US
  -------         ENDMOD        DELAY

  -------         MODULE        INITSYS
  C:0000H         SYMBOL        _ICE_DUMMY_
  D:00B0H         PUBLIC        P3
  D:00A7H         PUBLIC        P3MDOUT
  D:00AEH         PUBLIC        P4MDOUT
  D:00D9H         PUBLIC        PCA0MD
  D:00E2H         PUBLIC        XBR1
  C:3CB9H         PUBLIC        initSYS
  D:00A9H         PUBLIC        CLKSEL
  D:00B2H         PUBLIC        OSCICN
  D:00B6H         PUBLIC        FLSCL
  -------         PROC          INITSYS
  -------         DO            
  X:046AH         SYMBOL        f1
  X:046BH         SYMBOL        f2
  D:0003H         SYMBOL        f3
  X:046CH         SYMBOL        i
  -------         ENDDO         
  C:3CB9H         LINE#         8
  C:3CB9H         LINE#         9
  C:3CB9H         LINE#         10
  C:3CBEH         LINE#         12
BL51 BANKED LINKER/LOCATER V6.22.2.0                                                  04/27/2023  09:30:45  PAGE 21


  C:3CC1H         LINE#         13
  C:3CC3H         LINE#         32
  C:3CC6H         LINE#         33
  C:3CC9H         LINE#         34
  C:3CD1H         LINE#         39
  C:3CD4H         LINE#         40
  C:3CD7H         LINE#         41
  C:3CDAH         LINE#         43
  C:3CE1H         LINE#         48
  C:3CEFH         LINE#         49
  C:3CFDH         LINE#         50
  C:3D08H         LINE#         52
  C:3D1BH         LINE#         53
  C:3D28H         LINE#         55
  C:3D39H         LINE#         56
  C:3D3DH         LINE#         58
  C:3D4BH         LINE#         59
  C:3D59H         LINE#         60
  C:3D64H         LINE#         62
  C:3D77H         LINE#         63
  C:3D84H         LINE#         65
  C:3D95H         LINE#         66
  C:3D99H         LINE#         68
  C:3DA7H         LINE#         69
  C:3DB5H         LINE#         70
  C:3DC0H         LINE#         73
  C:3DD3H         LINE#         74
  C:3DE0H         LINE#         76
  C:3DF1H         LINE#         77
  C:3DF5H         LINE#         79
  C:3DFBH         LINE#         80
  C:3DFEH         LINE#         81
  C:3E07H         LINE#         82
  C:3E09H         LINE#         83
  C:3E09H         LINE#         88
  C:3E22H         LINE#         89
  C:3E25H         LINE#         91
  C:3E28H         LINE#         93
  C:3E2BH         LINE#         94
  -------         ENDPROC       INITSYS
  -------         ENDMOD        INITSYS

  -------         MODULE        LCD
  C:0000H         SYMBOL        _ICE_DUMMY_
  D:00B0H         PUBLIC        P3
  D:00C7H         PUBLIC        P4
  C:6171H         PUBLIC        _LCD_setCursor
  C:319EH         PUBLIC        _PutChar5_7
  C:6189H         PUBLIC        _WriteData
  C:3E2CH         PUBLIC        _LCD_DrawBitmap24
  C:44BEH         PUBLIC        _LCD_DrawBitmap16
  C:623AH         PUBLIC        SetTarget
  C:5F55H         PUBLIC        _LCD_printC
  C:60DCH         PUBLIC        _LCD_printHebC
  C:1FBDH         PUBLIC        font
  C:3819H         PUBLIC        LCD_begin
  C:288EH         PUBLIC        _PutChar5_7_2color
BL51 BANKED LINKER/LOCATER V6.22.2.0                                                  04/27/2023  09:30:45  PAGE 22


  C:4234H         PUBLIC        _LCD_println
  C:57F1H         PUBLIC        _LCD_fillScreen
  B:0021H.1       PUBLIC        PutcharTarget
  C:620CH         PUBLIC        _LCD_setTextSize
  C:590AH         PUBLIC        _LCD_printCenter
  B:0098H.1       PUBLIC        TI0
  C:5ED3H         PUBLIC        _LCD_printHebln
  C:6203H         PUBLIC        _WriteCommand
  X:0540H         PUBLIC        LCD
  C:5E38H         PUBLIC        LCD_SetParam
  C:6225H         PUBLIC        LCD_WriteRAM_Prepare
  C:5B06H         PUBLIC        _LCD_setRotation
  B:00B0H.3       PUBLIC        LCD_RS
  C:5B66H         PUBLIC        _LCD_printNumB
  C:6059H         PUBLIC        _LCD_printNumC
  C:5EA3H         PUBLIC        _LCD_print2C
  C:598DH         PUBLIC        _LCD_printHebCenter
  B:00B0H.4       PUBLIC        LCD_WR
  C:5FEEH         PUBLIC        _LCD_printNumF
  C:6192H         PUBLIC        _LCD_setText1Color
  C:5FA4H         PUBLIC        _LCD_printNumH
  C:6087H         PUBLIC        _LCD_setText2Color
  C:5F7EH         PUBLIC        _LCD_printNumI
  D:0099H         PUBLIC        SBUF0
  C:4858H         PUBLIC        _LCD_write
  C:56D0H         PUBLIC        _Byte2Bin
  C:4F5DH         PUBLIC        _LCD_print
  C:5CA9H         PUBLIC        _LCD_drawPixel
  C:6138H         PUBLIC        _LCD_printHeb2C
  C:6160H         PUBLIC        _WriteData16
  C:40E7H         PUBLIC        _LCD_printHeb
  C:563DH         PUBLIC        _Int2Bin
  C:60BEH         PUBLIC        _putchar
  C:5C5EH         PUBLIC        _LCD_setAddrWindow
  C:6185H         SYMBOL        L?0207
  -------         PROC          L?0206
  -------         ENDPROC       L?0206
  C:6185H         SYMBOL        L?0207
  -------         PROC          _WRITEDATA
  D:0007H         SYMBOL        Data
  C:6189H         LINE#         20
  C:6189H         LINE#         21
  C:618BH         LINE#         22
  C:618DH         LINE#         23
  C:618FH         LINE#         24
  C:6191H         LINE#         25
  -------         ENDPROC       _WRITEDATA
  -------         PROC          _WRITECOMMAND
  D:0007H         SYMBOL        Reg
  C:6203H         LINE#         27
  C:6203H         LINE#         28
  C:6205H         LINE#         29
  C:6207H         LINE#         30
  C:6209H         LINE#         31
  C:620BH         LINE#         32
  -------         ENDPROC       _WRITECOMMAND
  -------         PROC          _WRITEDATA16
BL51 BANKED LINKER/LOCATER V6.22.2.0                                                  04/27/2023  09:30:45  PAGE 23


  D:0007H         SYMBOL        DH
  D:0005H         SYMBOL        DL
  C:6160H         LINE#         34
  C:6160H         LINE#         35
  C:6162H         LINE#         36
  C:6164H         LINE#         37
  C:6166H         LINE#         38
  C:6168H         LINE#         39
  C:616CH         LINE#         40
  C:616EH         LINE#         41
  C:6170H         LINE#         42
  -------         ENDPROC       _WRITEDATA16
  -------         PROC          LCD_WRITERAM_PREPARE
  C:6225H         LINE#         45
  C:6225H         LINE#         46
  -------         ENDPROC       LCD_WRITERAM_PREPARE
  -------         PROC          LCD_BEGIN
  C:3819H         LINE#         50
  C:3819H         LINE#         52
  C:381EH         LINE#         53
  C:3823H         LINE#         54
  C:3827H         LINE#         55
  C:382BH         LINE#         56
  C:382FH         LINE#         58
  C:3834H         LINE#         59
  C:3835H         LINE#         60
  C:3838H         LINE#         61
  C:383DH         LINE#         62
  C:3840H         LINE#         63
  C:3844H         LINE#         64
  C:3847H         LINE#         65
  C:3847H         LINE#         66
  C:384AH         LINE#         67
  C:384DH         LINE#         68
  C:3850H         LINE#         69
  C:3855H         LINE#         70
  C:3858H         LINE#         71
  C:385DH         LINE#         72
  C:3862H         LINE#         73
  C:3866H         LINE#         75
  C:386BH         LINE#         76
  C:386FH         LINE#         78
  C:3874H         LINE#         79
  C:3879H         LINE#         80
  C:387EH         LINE#         81
  C:3882H         LINE#         82
  C:3887H         LINE#         83
  C:388CH         LINE#         85
  C:3891H         LINE#         86
  C:3896H         LINE#         88
  C:389BH         LINE#         89
  C:389FH         LINE#         90
  C:38A4H         LINE#         91
  C:38A9H         LINE#         92
  C:38AEH         LINE#         93
  C:38B3H         LINE#         94
  C:38B7H         LINE#         95
BL51 BANKED LINKER/LOCATER V6.22.2.0                                                  04/27/2023  09:30:45  PAGE 24


  C:38BCH         LINE#         96
  C:38C1H         LINE#         97
  C:38C6H         LINE#         98
  C:38CBH         LINE#         99
  C:38CFH         LINE#         100
  C:38D4H         LINE#         102
  C:38D9H         LINE#         103
  C:38DEH         LINE#         104
  C:38E3H         LINE#         105
  C:38E8H         LINE#         107
  C:38EDH         LINE#         108
  C:38F2H         LINE#         109
  C:38F7H         LINE#         111
  C:38FCH         LINE#         112
  C:3901H         LINE#         113
  C:3906H         LINE#         115
  C:390BH         LINE#         116
  C:3910H         LINE#         117
  C:3915H         LINE#         119
  C:391AH         LINE#         120
  C:391FH         LINE#         121
  C:3924H         LINE#         123
  C:3929H         LINE#         124
  C:392DH         LINE#         126
  C:3932H         LINE#         127
  C:3937H         LINE#         129
  C:393CH         LINE#         130
  C:3941H         LINE#         132
  C:3946H         LINE#         133
  C:394BH         LINE#         135
  C:394DH         LINE#         136
  C:394DH         LINE#         137
  C:3950H         LINE#         138
  C:3954H         LINE#         139
  C:3959H         LINE#         141
  C:395BH         LINE#         142
  C:395BH         LINE#         143
  C:395EH         LINE#         144
  C:3962H         LINE#         145
  C:3967H         LINE#         146
  C:396DH         LINE#         148
  C:3972H         LINE#         149
  C:3979H         LINE#         151
  C:397EH         LINE#         152
  C:3983H         LINE#         154
  C:3988H         LINE#         249
  C:398EH         LINE#         251
  C:3991H         LINE#         252
  C:3996H         LINE#         253
  C:399CH         LINE#         254
  C:39A1H         LINE#         255
  -------         ENDPROC       LCD_BEGIN
  -------         PROC          LCD_SETPARAM
  C:5E38H         LINE#         258
  C:5E38H         LINE#         259
  C:5E3EH         LINE#         260
  C:5E41H         LINE#         261
BL51 BANKED LINKER/LOCATER V6.22.2.0                                                  04/27/2023  09:30:45  PAGE 25


  C:5E46H         LINE#         262
  C:5E4FH         LINE#         263
  C:5E57H         LINE#         264
  C:5E5DH         LINE#         265
  C:5E64H         LINE#         266
  C:5E6AH         LINE#         267
  C:5E6EH         LINE#         268
  -------         ENDPROC       LCD_SETPARAM
  -------         PROC          _LCD_SETADDRWINDOW
  X:04CAH         SYMBOL        xStar
  D:0004H         SYMBOL        yStar
  D:0002H         SYMBOL        xEnd
  X:04D0H         SYMBOL        yEnd
  C:5C5EH         LINE#         271
  C:5C66H         LINE#         272
  C:5C6EH         LINE#         273
  C:5C76H         LINE#         274
  C:5C7CH         LINE#         275
  C:5C81H         LINE#         276
  C:5C86H         LINE#         278
  C:5C8EH         LINE#         279
  C:5C93H         LINE#         280
  C:5C98H         LINE#         281
  C:5CA0H         LINE#         282
  C:5CA6H         LINE#         284
  -------         ENDPROC       _LCD_SETADDRWINDOW
  -------         PROC          _LCD_FILLSCREEN
  X:047EH         SYMBOL        Color
  -------         DO            
  D:0006H         SYMBOL        i
  D:0004H         SYMBOL        j
  X:0480H         SYMBOL        DH
  D:0001H         SYMBOL        DL
  -------         ENDDO         
  C:57F1H         LINE#         288
  C:57F9H         LINE#         291
  C:5823H         LINE#         293
  C:5825H         LINE#         294
  C:5830H         LINE#         295
  C:5834H         LINE#         297
  C:5849H         LINE#         298
  C:5849H         LINE#         299
  C:585FH         LINE#         300
  C:585FH         LINE#         301
  C:5865H         LINE#         302
  C:5867H         LINE#         303
  C:5869H         LINE#         305
  C:586BH         LINE#         307
  C:586DH         LINE#         308
  C:586FH         LINE#         310
  C:5876H         LINE#         311
  C:587DH         LINE#         312
  -------         ENDPROC       _LCD_FILLSCREEN
  -------         PROC          _LCD_DRAWPIXEL
  X:04C4H         SYMBOL        x
  X:04C6H         SYMBOL        y
  X:04C8H         SYMBOL        Color
BL51 BANKED LINKER/LOCATER V6.22.2.0                                                  04/27/2023  09:30:45  PAGE 26


  C:5CA9H         LINE#         315
  C:5CBDH         LINE#         316
  C:5CE4H         LINE#         317
  -------         ENDPROC       _LCD_DRAWPIXEL
  -------         PROC          _LCD_SETROTATION
  D:0007H         SYMBOL        Direction
  C:5B06H         LINE#         329
  C:5B06H         LINE#         331
  C:5B0DH         LINE#         332
  C:5B1AH         LINE#         333
  C:5B1AH         LINE#         334
  C:5B1FH         LINE#         335
  C:5B21H         LINE#         336
  C:5B21H         LINE#         337
  C:5B21H         LINE#         338
  C:5B23H         LINE#         339
  C:5B23H         LINE#         340
  C:5B28H         LINE#         341
  C:5B2AH         LINE#         342
  C:5B2AH         LINE#         343
  C:5B2AH         LINE#         344
  C:5B2CH         LINE#         345
  C:5B2CH         LINE#         346
  C:5B31H         LINE#         347
  C:5B36H         LINE#         348
  C:5B40H         LINE#         349
  C:5B48H         LINE#         350
  C:5B49H         LINE#         351
  C:5B49H         LINE#         352
  C:5B4EH         LINE#         353
  C:5B53H         LINE#         354
  C:5B5DH         LINE#         355
  C:5B65H         LINE#         356
  C:5B65H         LINE#         357
  C:5B65H         LINE#         358
  -------         ENDPROC       _LCD_SETROTATION
  C:3177H         SYMBOL        L?0205
  -------         PROC          L?0204
  -------         ENDPROC       L?0204
  C:3177H         SYMBOL        L?0205
  -------         PROC          _PUTCHAR5_7
  X:04B0H         SYMBOL        x
  X:04B2H         SYMBOL        y
  D:0001H         SYMBOL        c
  X:04B5H         SYMBOL        Size
  X:04B7H         SYMBOL        Color
  -------         DO            
  X:04B9H         SYMBOL        i
  X:04BBH         SYMBOL        j
  X:04BDH         SYMBOL        k
  X:04BFH         SYMBOL        n
  X:04C1H         SYMBOL        out_line
  -------         ENDDO         
  C:319EH         LINE#         361
  C:31AEH         LINE#         364
  C:31BCH         LINE#         365
  C:31C3H         LINE#         366
BL51 BANKED LINKER/LOCATER V6.22.2.0                                                  04/27/2023  09:30:45  PAGE 27


  C:31C3H         LINE#         367
  C:31E8H         LINE#         368
  C:31E8H         LINE#         370
  C:320FH         LINE#         372
  C:322CH         LINE#         373
  C:322CH         LINE#         374
  C:3240H         LINE#         375
  C:3240H         LINE#         376
  C:3265H         LINE#         377
  C:32E3H         LINE#         378
  C:32E3H         LINE#         379
  C:32F7H         LINE#         380
  C:330BH         LINE#         381
  C:332DH         LINE#         382
  -------         ENDPROC       _PUTCHAR5_7
  C:2859H         SYMBOL        L?0203
  -------         PROC          L?0202
  -------         ENDPROC       L?0202
  C:2859H         SYMBOL        L?0203
  -------         PROC          _PUTCHAR5_7_2COLOR
  X:04B0H         SYMBOL        x
  X:04B2H         SYMBOL        y
  D:0001H         SYMBOL        c
  X:04B5H         SYMBOL        Size
  X:04B7H         SYMBOL        fColor
  X:04B9H         SYMBOL        bColor
  -------         DO            
  X:04BBH         SYMBOL        i
  X:04BDH         SYMBOL        j
  X:04BFH         SYMBOL        k
  X:04C1H         SYMBOL        n
  X:04C3H         SYMBOL        out_line
  -------         ENDDO         
  C:288EH         LINE#         384
  C:289EH         LINE#         387
  C:28ACH         LINE#         389
  C:28B3H         LINE#         390
  C:28B3H         LINE#         392
  C:28D8H         LINE#         393
  C:28D8H         LINE#         394
  C:28E7H         LINE#         395
  C:2906H         LINE#         397
  C:2923H         LINE#         398
  C:2923H         LINE#         399
  C:2937H         LINE#         400
  C:2937H         LINE#         401
  C:295CH         LINE#         402
  C:29DAH         LINE#         403
  C:29DAH         LINE#         405
  C:29DAH         LINE#         406
  C:29FFH         LINE#         407
  C:2A7DH         LINE#         408
  C:2A7DH         LINE#         409
  C:2A8EH         LINE#         410
  C:2A9FH         LINE#         411
  C:2AC1H         LINE#         413
  -------         ENDPROC       _PUTCHAR5_7_2COLOR
BL51 BANKED LINKER/LOCATER V6.22.2.0                                                  04/27/2023  09:30:45  PAGE 28


  -------         PROC          _LCD_SETCURSOR
  D:0006H         SYMBOL        x
  D:0004H         SYMBOL        y
  C:6171H         LINE#         415
  C:6171H         LINE#         416
  C:6179H         LINE#         417
  C:6181H         LINE#         418
  -------         ENDPROC       _LCD_SETCURSOR
  -------         PROC          _LCD_SETTEXT1COLOR
  D:0006H         SYMBOL        Color
  C:6192H         LINE#         420
  C:6192H         LINE#         421
  C:6197H         LINE#         422
  C:619FH         LINE#         423
  -------         ENDPROC       _LCD_SETTEXT1COLOR
  -------         PROC          L?0208
  -------         ENDPROC       L?0208
  -------         PROC          _LCD_SETTEXT2COLOR
  D:0006H         SYMBOL        fColor
  D:0004H         SYMBOL        bColor
  C:6087H         LINE#         425
  C:6087H         LINE#         426
  C:608DH         LINE#         427
  C:6095H         LINE#         428
  C:609DH         LINE#         429
  -------         ENDPROC       _LCD_SETTEXT2COLOR
  -------         PROC          _LCD_SETTEXTSIZE
  D:0007H         SYMBOL        fontSize
  C:620CH         LINE#         431
  C:620CH         LINE#         432
  C:6214H         LINE#         433
  -------         ENDPROC       _LCD_SETTEXTSIZE
  -------         PROC          _LCD_PRINT
  X:0497H         SYMBOL        s
  C:4F5DH         LINE#         435
  C:4F68H         LINE#         436
  C:4F7CH         LINE#         438
  C:4F85H         LINE#         439
  C:4F8AH         LINE#         441
  C:4F94H         LINE#         443
  C:4F9EH         LINE#         444
  C:4FE2H         LINE#         445
  C:4FE2H         LINE#         446
  C:4FE9H         LINE#         447
  C:503AH         LINE#         448
  C:5041H         LINE#         449
  C:5041H         LINE#         450
  C:5044H         LINE#         451
  -------         ENDPROC       _LCD_PRINT
  -------         PROC          _LCD_PRINTLN
  X:062EH         SYMBOL        s
  C:4234H         LINE#         453
  C:423FH         LINE#         454
  C:4253H         LINE#         455
  C:4253H         LINE#         456
  C:425CH         LINE#         457
  C:4261H         LINE#         459
BL51 BANKED LINKER/LOCATER V6.22.2.0                                                  04/27/2023  09:30:45  PAGE 29


  C:426BH         LINE#         461
  C:4275H         LINE#         462
  C:42B9H         LINE#         463
  C:42B9H         LINE#         464
  C:42C0H         LINE#         465
  C:4311H         LINE#         466
  C:4318H         LINE#         467
  C:4318H         LINE#         468
  C:4318H         LINE#         469
  C:431BH         LINE#         470
  C:4322H         LINE#         471
  C:4371H         LINE#         472
  C:4378H         LINE#         473
  -------         ENDPROC       _LCD_PRINTLN
  -------         PROC          _LCD_PRINTC
  X:048DH         SYMBOL        x
  D:0004H         SYMBOL        y
  D:0001H         SYMBOL        s
  X:0494H         SYMBOL        fontSize
  X:0495H         SYMBOL        Color
  C:5F55H         LINE#         476
  C:5F5DH         LINE#         477
  C:5F68H         LINE#         478
  C:5F70H         LINE#         479
  C:5F7BH         LINE#         480
  -------         ENDPROC       _LCD_PRINTC
  -------         PROC          _LCD_PRINT2C
  X:0476H         SYMBOL        x
  X:0478H         SYMBOL        y
  D:0001H         SYMBOL        s
  X:047DH         SYMBOL        fontSize
  X:047EH         SYMBOL        fColor
  X:0480H         SYMBOL        bColor
  C:5EA3H         LINE#         485
  C:5EB1H         LINE#         486
  C:5EB7H         LINE#         487
  C:5EBFH         LINE#         488
  C:5ED0H         LINE#         489
  -------         ENDPROC       _LCD_PRINT2C
  -------         PROC          _LCD_PRINTCENTER
  X:059FH         SYMBOL        x
  X:05A1H         SYMBOL        y
  X:05A3H         SYMBOL        str
  X:05A6H         SYMBOL        fontSize
  X:05A7H         SYMBOL        fColor
  X:05A9H         SYMBOL        bColor
  -------         DO            
  D:0006H         SYMBOL        len
  D:0006H         SYMBOL        x1
  -------         ENDDO         
  C:590AH         LINE#         496
  C:5921H         LINE#         497
  C:5924H         LINE#         498
  C:5945H         LINE#         499
  -------         ENDPROC       _LCD_PRINTCENTER
  -------         PROC          _LCD_PRINTHEB
  X:060EH         SYMBOL        str
BL51 BANKED LINKER/LOCATER V6.22.2.0                                                  04/27/2023  09:30:45  PAGE 30


  -------         DO            
  X:0611H         SYMBOL        i
  X:0613H         SYMBOL        temp
  -------         ENDDO         
  C:40E7H         LINE#         504
  C:40F2H         LINE#         508
  C:4120H         LINE#         509
  C:412EH         LINE#         511
  C:413CH         LINE#         512
  C:415BH         LINE#         513
  C:4169H         LINE#         514
  C:4169H         LINE#         515
  C:4172H         LINE#         516
  C:4181H         LINE#         518
  C:418DH         LINE#         521
  C:41D1H         LINE#         522
  C:41D1H         LINE#         523
  C:41D8H         LINE#         524
  C:4229H         LINE#         525
  C:4230H         LINE#         526
  C:4230H         LINE#         527
  C:4230H         LINE#         528
  C:4233H         LINE#         529
  -------         ENDPROC       _LCD_PRINTHEB
  -------         PROC          _LCD_PRINTHEBLN
  D:0001H         SYMBOL        str
  C:5ED3H         LINE#         531
  C:5ED3H         LINE#         532
  C:5ED6H         LINE#         533
  C:5EDDH         LINE#         534
  C:5EFFH         LINE#         535
  -------         ENDPROC       _LCD_PRINTHEBLN
  -------         PROC          _LCD_PRINTHEBC
  D:0006H         SYMBOL        x
  D:0004H         SYMBOL        y
  D:0001H         SYMBOL        str
  X:05CAH         SYMBOL        fontSize
  X:05CBH         SYMBOL        fColor
  C:60DCH         LINE#         538
  C:60DCH         LINE#         539
  C:60DFH         LINE#         540
  C:60E7H         LINE#         541
  C:60F2H         LINE#         542
  -------         ENDPROC       _LCD_PRINTHEBC
  -------         PROC          _LCD_PRINTHEB2C
  D:0006H         SYMBOL        x
  D:0004H         SYMBOL        y
  D:0001H         SYMBOL        str
  X:05B2H         SYMBOL        fontSize
  X:05B3H         SYMBOL        fColor
  X:05B5H         SYMBOL        bColor
  C:6138H         LINE#         545
  C:6138H         LINE#         546
  C:613BH         LINE#         547
  C:6143H         LINE#         548
  C:6149H         LINE#         549
  -------         ENDPROC       _LCD_PRINTHEB2C
BL51 BANKED LINKER/LOCATER V6.22.2.0                                                  04/27/2023  09:30:45  PAGE 31


  -------         PROC          _LCD_PRINTHEBCENTER
  X:05B7H         SYMBOL        x
  X:05B9H         SYMBOL        y
  X:05BBH         SYMBOL        str
  X:05BEH         SYMBOL        fontSize
  X:05BFH         SYMBOL        fColor
  X:05C1H         SYMBOL        bColor
  -------         DO            
  D:0006H         SYMBOL        len
  D:0006H         SYMBOL        x1
  -------         ENDDO         
  C:598DH         LINE#         552
  C:59A4H         LINE#         553
  C:59A7H         LINE#         554
  C:59C8H         LINE#         555
  -------         ENDPROC       _LCD_PRINTHEBCENTER
  -------         PROC          _LCD_DRAWBITMAP16
  X:0574H         SYMBOL        x
  X:0576H         SYMBOL        y
  X:0578H         SYMBOL        pic
  -------         DO            
  X:057BH         SYMBOL        k
  X:057DH         SYMBOL        i
  D:0004H         SYMBOL        j
  X:057FH         SYMBOL        SizeX
  X:0581H         SYMBOL        SizeY
  -------         ENDDO         
  C:44BEH         LINE#         559
  C:44D5H         LINE#         560
  C:44DAH         LINE#         562
  C:4500H         LINE#         563
  C:4519H         LINE#         565
  C:4567H         LINE#         566
  C:4569H         LINE#         567
  C:458BH         LINE#         568
  C:45A1H         LINE#         569
  C:45A1H         LINE#         571
  C:45C5H         LINE#         572
  C:45C7H         LINE#         573
  C:45C9H         LINE#         575
  C:45D1H         LINE#         576
  C:45D3H         LINE#         577
  C:45D5H         LINE#         579
  C:45E3H         LINE#         580
  C:45FBH         LINE#         581
  -------         ENDPROC       _LCD_DRAWBITMAP16
  -------         PROC          _LCD_DRAWBITMAP24
  X:0553H         SYMBOL        x
  X:0555H         SYMBOL        y
  X:0557H         SYMBOL        pic
  -------         DO            
  X:055AH         SYMBOL        k
  X:055CH         SYMBOL        i
  X:055EH         SYMBOL        j
  X:0560H         SYMBOL        SizeX
  X:0562H         SYMBOL        SizeY
  -------         ENDDO         
BL51 BANKED LINKER/LOCATER V6.22.2.0                                                  04/27/2023  09:30:45  PAGE 32


  C:3E2CH         LINE#         584
  C:3E43H         LINE#         585
  C:3E48H         LINE#         587
  C:3E6EH         LINE#         588
  C:3E87H         LINE#         590
  C:3ED5H         LINE#         591
  C:3ED7H         LINE#         592
  C:3EFCH         LINE#         593
  C:3F1EH         LINE#         594
  C:3F1EH         LINE#         596
  C:3F44H         LINE#         597
  C:3F46H         LINE#         598
  C:3F48H         LINE#         600
  C:3F50H         LINE#         601
  C:3F52H         LINE#         602
  C:3F54H         LINE#         604
  C:3F5CH         LINE#         605
  C:3F5EH         LINE#         606
  C:3F60H         LINE#         608
  C:3F6EH         LINE#         609
  C:3F8FH         LINE#         610
  -------         ENDPROC       _LCD_DRAWBITMAP24
  -------         PROC          _LCD_PRINTNUMF
  D:0004H         SYMBOL        num
  -------         DO            
  X:052CH         SYMBOL        str
  -------         ENDDO         
  C:5FEEH         LINE#         616
  C:5FEEH         LINE#         618
  C:6009H         LINE#         619
  -------         ENDPROC       _LCD_PRINTNUMF
  -------         PROC          _LCD_PRINTNUMI
  D:0006H         SYMBOL        num
  -------         DO            
  X:05CDH         SYMBOL        str
  -------         ENDDO         
  C:5F7EH         LINE#         622
  C:5F7EH         LINE#         624
  C:5F9BH         LINE#         625
  -------         ENDPROC       _LCD_PRINTNUMI
  -------         PROC          _LCD_PRINTNUMC
  D:0007H         SYMBOL        num
  -------         DO            
  X:0620H         SYMBOL        str
  -------         ENDDO         
  C:6059H         LINE#         628
  C:6059H         LINE#         630
  C:6073H         LINE#         631
  -------         ENDPROC       _LCD_PRINTNUMC
  -------         PROC          _LCD_PRINTNUMH
  D:0006H         SYMBOL        num
  -------         DO            
  X:0625H         SYMBOL        str
  -------         ENDDO         
  C:5FA4H         LINE#         634
  C:5FA4H         LINE#         636
  C:5FC1H         LINE#         637
BL51 BANKED LINKER/LOCATER V6.22.2.0                                                  04/27/2023  09:30:45  PAGE 33


  -------         ENDPROC       _LCD_PRINTNUMH
  -------         PROC          _LCD_PRINTNUMB
  D:0001H         SYMBOL        num
  -------         DO            
  X:05D7H         SYMBOL        str
  D:0004H         SYMBOL        i
  -------         ENDDO         
  C:5B66H         LINE#         640
  C:5B68H         LINE#         643
  C:5B6BH         LINE#         644
  C:5B6BH         LINE#         645
  C:5BA8H         LINE#         646
  C:5BB3H         LINE#         647
  C:5BB8H         LINE#         649
  -------         ENDPROC       _LCD_PRINTNUMB
  -------         PROC          _INT2BIN
  X:0607H         SYMBOL        num
  X:0609H         SYMBOL        str
  -------         DO            
  X:060CH         SYMBOL        i
  -------         ENDDO         
  C:563DH         LINE#         652
  C:564EH         LINE#         654
  C:5665H         LINE#         655
  C:5665H         LINE#         656
  C:56AEH         LINE#         657
  C:56BEH         LINE#         658
  -------         ENDPROC       _INT2BIN
  -------         PROC          _BYTE2BIN
[...]


  -------         ENDDO         
  C:6012H         LINE#         328
  C:6012H         LINE#         330
  C:6015H         LINE#         331
  C:6035H         LINE#         332
  -------         ENDPROC       LCD_CLEARBUTTON
  -------         ENDMOD        SHAPE

  -------         MODULE        TOUCH
  C:0000H         SYMBOL        _ICE_DUMMY_
  D:00B0H         PUBLIC        P3
  C:5DFCH         PUBLIC        ReadFromCharFrom7843
  B:00B0H.0       PUBLIC        T_CLK
  B:00B0H.1       PUBLIC        T_DIN
  C:2F4FH         PUBLIC        TouchCal
  B:00D0H.7       PUBLIC        CY
  C:61D0H         PUBLIC        _ADS_Read_AD
  B:00B0H.6       PUBLIC        T_IRQ
  X:05FFH         PUBLIC        x1
  X:0601H         PUBLIC        y1
  X:0603H         PUBLIC        x2
  C:5E6FH         PUBLIC        _WriteCharTo7843
  X:0605H         PUBLIC        y2
  C:5F00H         PUBLIC        _TouchSet
  C:5141H         PUBLIC        _map
  B:00B0H.2       PUBLIC        T_DO
  B:00B0H.7       PUBLIC        T_CS
  C:4B84H         PUBLIC        ReadX
  C:4C7FH         PUBLIC        ReadY
  C:538DH         PUBLIC        ReadTouchX
  C:5045H         PUBLIC        ReadTouchY
  -------         PROC          L?0056
  -------         ENDPROC       L?0056
  -------         PROC          _MAP
  X:046CH         SYMBOL        _in
  X:046EH         SYMBOL        _in1
  X:0470H         SYMBOL        _in2
  X:0472H         SYMBOL        _out1
  X:0474H         SYMBOL        _out2
  -------         DO            
  X:0476H         SYMBOL        _out
  -------         ENDDO         
  C:5141H         LINE#         24
  C:5155H         LINE#         26
  C:5192H         LINE#         27
  C:51E7H         LINE#         28
  C:51F1H         LINE#         29
  -------         ENDPROC       _MAP
  -------         PROC          _WRITECHARTO7843
  D:0007H         SYMBOL        num
  -------         DO            
  D:0006H         SYMBOL        count
  -------         ENDDO         
  C:5E6FH         LINE#         32
  C:5E6FH         LINE#         33
  C:5E71H         LINE#         34
  C:5E73H         LINE#         35
BL51 BANKED LINKER/LOCATER V6.22.2.0                                                  04/27/2023  09:30:45  PAGE 43


  C:5E7DH         LINE#         36
  C:5E7DH         LINE#         37
  C:5E81H         LINE#         38
  C:5E83H         LINE#         39
  C:5E85H         LINE#         40
  C:5E91H         LINE#         41
  C:5E93H         LINE#         42
  C:5E9FH         LINE#         43
  C:5EA2H         LINE#         44
  -------         ENDPROC       _WRITECHARTO7843
  -------         PROC          READFROMCHARFROM7843
  -------         DO            
  D:0005H         SYMBOL        count
  D:0006H         SYMBOL        Num
  -------         ENDDO         
  C:5DFCH         LINE#         47
  C:5DFCH         LINE#         48
  C:5DFEH         LINE#         49
  C:5E00H         LINE#         50
  C:5E0AH         LINE#         51
  C:5E11H         LINE#         52
  C:5E13H         LINE#         53
  C:5E1FH         LINE#         54
  C:5E21H         LINE#         55
  C:5E2DH         LINE#         56
  C:5E30H         LINE#         57
  C:5E30H         LINE#         58
  C:5E34H         LINE#         59
  C:5E34H         LINE#         60
  C:5E37H         LINE#         61
  C:5E37H         LINE#         62
  -------         ENDPROC       READFROMCHARFROM7843
  -------         PROC          _ADS_READ_AD
  D:0007H         SYMBOL        CMD
  -------         DO            
  D:0006H         SYMBOL        l
  -------         ENDDO         
  C:61D0H         LINE#         64
  C:61D0H         LINE#         66
  C:61D2H         LINE#         67
  C:61D5H         LINE#         72
  C:61D8H         LINE#         74
  C:61DAH         LINE#         75
  C:61DAH         LINE#         76
  -------         ENDPROC       _ADS_READ_AD
  -------         PROC          READX
  -------         DO            
  X:046CH         SYMBOL        x
  X:046EH         SYMBOL        xr
  -------         ENDDO         
  C:4B84H         LINE#         78
  C:4B84H         LINE#         79
  C:4B8BH         LINE#         82
  C:4B8BH         LINE#         83
  C:4B98H         LINE#         84
  C:4B9FH         LINE#         85
  C:4BACH         LINE#         86
BL51 BANKED LINKER/LOCATER V6.22.2.0                                                  04/27/2023  09:30:45  PAGE 44


  C:4BB3H         LINE#         87
  C:4BC0H         LINE#         88
  C:4BC7H         LINE#         89
  C:4BD4H         LINE#         91
  C:4C43H         LINE#         92
  C:4C43H         LINE#         93
  C:4C7EH         LINE#         94
  C:4C7EH         LINE#         95
  -------         ENDPROC       READX
  -------         PROC          READY
  -------         DO            
  X:046CH         SYMBOL        yr
  X:0474H         SYMBOL        y
  -------         ENDDO         
  C:4C7FH         LINE#         97
  C:4C7FH         LINE#         99
  C:4C86H         LINE#         101
  C:4C86H         LINE#         102
  C:4C93H         LINE#         103
  C:4C9AH         LINE#         104
  C:4CA7H         LINE#         105
  C:4CAEH         LINE#         106
  C:4CBBH         LINE#         107
  C:4CC2H         LINE#         108
  C:4CCFH         LINE#         110
  C:4D3EH         LINE#         111
  C:4D3EH         LINE#         112
  C:4D79H         LINE#         114
  C:4D79H         LINE#         115
  -------         ENDPROC       READY
  -------         PROC          READTOUCHX
  -------         DO            
  D:0006H         SYMBOL        _x
  -------         ENDDO         
  C:538DH         LINE#         118
  C:538DH         LINE#         119
  C:5390H         LINE#         121
  C:5398H         LINE#         122
  C:53BEH         LINE#         124
  C:53C6H         LINE#         125
  C:53D1H         LINE#         127
  C:53D9H         LINE#         128
  C:540BH         LINE#         131
  C:5432H         LINE#         133
  C:5450H         LINE#         134
  C:5451H         LINE#         136
  C:5455H         LINE#         137
  -------         ENDPROC       READTOUCHX
  -------         PROC          READTOUCHY
  -------         DO            
  X:046AH         SYMBOL        _y
  -------         ENDDO         
  C:5045H         LINE#         139
  C:5045H         LINE#         142
  C:504DH         LINE#         143
  C:5079H         LINE#         145
  C:5081H         LINE#         146
BL51 BANKED LINKER/LOCATER V6.22.2.0                                                  04/27/2023  09:30:45  PAGE 45


  C:50A6H         LINE#         148
  C:50AEH         LINE#         149
  C:50C5H         LINE#         151
  C:50F4H         LINE#         153
  C:511AH         LINE#         154
  C:511BH         LINE#         156
  C:511FH         LINE#         157
  -------         ENDPROC       READTOUCHY
  -------         PROC          TOUCHCAL
  -------         DO            
  X:050EH         SYMBOL        str
  -------         ENDDO         
  C:2F4FH         LINE#         159
  C:2F4FH         LINE#         162
  C:2F54H         LINE#         163
  C:2F5AH         LINE#         164
  C:2F64H         LINE#         165
  C:2F69H         LINE#         166
  C:2F74H         LINE#         167
  C:2F7DH         LINE#         169
  C:2F80H         LINE#         170
  C:2F87H         LINE#         172
  C:2F9EH         LINE#         173
  C:2FB5H         LINE#         174
  C:2FCCH         LINE#         176
  C:2FCFH         LINE#         177
  C:2FD6H         LINE#         179
  C:2FE1H         LINE#         180
  C:2FECH         LINE#         182
  C:2FEFH         LINE#         183
  C:3002H         LINE#         184
  C:3009H         LINE#         186
  C:3034H         LINE#         187
  C:305FH         LINE#         188
  C:308AH         LINE#         190
  C:308DH         LINE#         191
  C:3094H         LINE#         193
  C:309FH         LINE#         194
  C:30AAH         LINE#         195
  C:30ADH         LINE#         196
  C:30D6H         LINE#         197
  C:30DDH         LINE#         199
  C:30E8H         LINE#         201
  C:313BH         LINE#         202
  C:3144H         LINE#         203
  C:314FH         LINE#         204
  C:3158H         LINE#         205
  C:3161H         LINE#         207
  C:3164H         LINE#         208
  -------         ENDPROC       TOUCHCAL
  -------         PROC          _TOUCHSET
  D:0006H         SYMBOL        xs1
  D:0004H         SYMBOL        xs2
  D:0002H         SYMBOL        ys1
  X:0473H         SYMBOL        ys2
  C:5F00H         LINE#         211
  C:5F00H         LINE#         212
BL51 BANKED LINKER/LOCATER V6.22.2.0                                                  04/27/2023  09:30:45  PAGE 46


  C:5F2BH         LINE#         213
  -------         ENDPROC       _TOUCHSET
  -------         ENDMOD        TOUCH

  -------         MODULE        24C32SYS
  C:0000H         SYMBOL        _ICE_DUMMY_
  D:00B0H         PUBLIC        P3
  C:5C11H         PUBLIC        ___R24c32
  C:5D78H         PUBLIC        ___W24c32
  -------         PROC          ___W24C32
  X:062AH         SYMBOL        devAdr
  X:062BH         SYMBOL        add
  X:062DH         SYMBOL        outchar
  -------         DO            
  B:0021H.2       SYMBOL        ask
  -------         ENDDO         
  C:5D78H         LINE#         6
  C:5D86H         LINE#         7
  C:5D88H         LINE#         8
  C:5D8BH         LINE#         9
  C:5D99H         LINE#         10
  C:5D99H         LINE#         12
  C:5DA4H         LINE#         13
  C:5DAEH         LINE#         14
  C:5DAEH         LINE#         15
  C:5DB1H         LINE#         16
  C:5DB8H         LINE#         17
  C:5DBAH         LINE#         18
  -------         ENDPROC       ___W24C32
  -------         PROC          ___R24C32
  X:046DH         SYMBOL        devAdr
  X:046EH         SYMBOL        add
  -------         DO            
  X:0470H         SYMBOL        inchar
  -------         ENDDO         
  C:5C11H         LINE#         20
  C:5C1CH         LINE#         21
  C:5C1FH         LINE#         22
  C:5C22H         LINE#         23
  C:5C30H         LINE#         24
  C:5C30H         LINE#         25
  C:5C39H         LINE#         26
  C:5C3CH         LINE#         27
  C:5C3FH         LINE#         28
  C:5C4BH         LINE#         29
  C:5C55H         LINE#         30
  C:5C55H         LINE#         31
  C:5C58H         LINE#         32
  C:5C5DH         LINE#         33
  -------         ENDPROC       ___R24C32
  -------         ENDMOD        24C32SYS

  -------         MODULE        I2CSYS
  C:0000H         SYMBOL        _ICE_DUMMY_
  B:00B0H.0       PUBLIC        __scl
  D:00B0H         PUBLIC        P3
  C:614CH         PUBLIC        __stop
BL51 BANKED LINKER/LOCATER V6.22.2.0                                                  04/27/2023  09:30:45  PAGE 47


  C:5A8DH         PUBLIC        __readbyte
  C:5A10H         PUBLIC        ___writebyte
  C:61ADH         PUBLIC        __start
  B:00B0H.1       PUBLIC        __sda
  -------         PROC          __START
  C:61ADH         LINE#         7
  C:61ADH         LINE#         8
  C:61AFH         LINE#         9
  C:61B6H         LINE#         10
  C:61B8H         LINE#         11
  -------         ENDPROC       __START
  -------         PROC          __STOP
  C:614CH         LINE#         14
  C:614CH         LINE#         15
  C:614EH         LINE#         16
  C:6150H         LINE#         17
  C:6157H         LINE#         18
  C:6159H         LINE#         19
  -------         ENDPROC       __STOP
  -------         PROC          ___WRITEBYTE
  X:0471H         SYMBOL        outchar
  -------         DO            
  B:0020H.0       SYMBOL        __ack
  X:0472H         SYMBOL        i
  -------         ENDDO         
  C:5A10H         LINE#         23
  C:5A15H         LINE#         27
  C:5A2CH         LINE#         28
  C:5A2CH         LINE#         29
  C:5A49H         LINE#         30
  C:5A50H         LINE#         31
  C:5A52H         LINE#         32
  C:5A59H         LINE#         33
  C:5A5BH         LINE#         34
  C:5A6BH         LINE#         36
  C:5A72H         LINE#         38
  C:5A74H         LINE#         39
  C:5A76H         LINE#         40
  C:5A7DH         LINE#         41
  C:5A81H         LINE#         42
  C:5A83H         LINE#         43
  C:5A8AH         LINE#         44
  C:5A8CH         LINE#         45
  -------         ENDPROC       ___WRITEBYTE
  -------         PROC          __READBYTE
  B:0020H.0       SYMBOL        ask_master
  -------         DO            
  X:0471H         SYMBOL        inchar
  X:0472H         SYMBOL        i
  -------         ENDDO         
  C:5A8DH         LINE#         48
  C:5A8DH         LINE#         49
  C:5A92H         LINE#         51
  C:5A94H         LINE#         52
  C:5A98H         LINE#         53
  C:5A98H         LINE#         54
  C:5A9AH         LINE#         55
BL51 BANKED LINKER/LOCATER V6.22.2.0                                                  04/27/2023  09:30:45  PAGE 48


  C:5AA1H         LINE#         57
  C:5ABBH         LINE#         58
  C:5ABDH         LINE#         59
  C:5AC4H         LINE#         60
  C:5AE3H         LINE#         63
  C:5AE7H         LINE#         64
  C:5AEEH         LINE#         65
  C:5AF0H         LINE#         66
  C:5AF7H         LINE#         67
  C:5AF9H         LINE#         68
  C:5B00H         LINE#         69
  C:5B05H         LINE#         70
  -------         ENDPROC       __READBYTE
  -------         ENDMOD        I2CSYS

  -------         MODULE        ?C?FPADD
  C:000AH         PUBLIC        ?C?FPADD
  C:0006H         PUBLIC        ?C?FPSUB
  -------         ENDMOD        ?C?FPADD

  -------         MODULE        ?C?FPMUL
  C:00FBH         PUBLIC        ?C?FPMUL
  -------         ENDMOD        ?C?FPMUL

  -------         MODULE        ?C?FPDIV
  C:0204H         PUBLIC        ?C?FPDIV
  -------         ENDMOD        ?C?FPDIV

  -------         MODULE        ?C?FPCMP
  C:02A3H         PUBLIC        ?C?FPCMP
  C:02A1H         PUBLIC        ?C?FPCMP3
  -------         ENDMOD        ?C?FPCMP

  -------         MODULE        ?C?FCAST
  C:0324H         PUBLIC        ?C?FCASTC
  C:031FH         PUBLIC        ?C?FCASTI
  C:031AH         PUBLIC        ?C?FCASTL
  -------         ENDMOD        ?C?FCAST

  -------         MODULE        ?C?CASTF
  C:0358H         PUBLIC        ?C?CASTF
  -------         ENDMOD        ?C?CASTF

  -------         MODULE        PRINTF
  X:047EH         PUBLIC        ?_PRINTF?BYTE
  X:047EH         PUBLIC        ?_SPRINTF?BYTE
  C:17BFH         PUBLIC        _PRINTF
  C:17B9H         PUBLIC        _SPRINTF
  -------         ENDMOD        PRINTF

  -------         MODULE        SQRT
  C:545AH         PUBLIC        _SQRT
  -------         ENDMOD        SQRT

  -------         MODULE        SIN
  C:39F3H         PUBLIC        _COS
  C:3A09H         PUBLIC        _SIN
BL51 BANKED LINKER/LOCATER V6.22.2.0                                                  04/27/2023  09:30:45  PAGE 49


  C:3A45H         PUBLIC        _TAN
  -------         ENDMOD        SIN

  -------         MODULE        ?C?FPROUND
  C:03D9H         PUBLIC        ?C?FPROUND
  -------         ENDMOD        ?C?FPROUND

  -------         MODULE        ?C?FPCONVERT
  C:0416H         PUBLIC        ?C?FPCONVERT
  -------         ENDMOD        ?C?FPCONVERT

  -------         MODULE        ?C?FTNPWR
  C:0598H         PUBLIC        ?C?FTNPWR
  -------         ENDMOD        ?C?FTNPWR

  -------         MODULE        ?C?CLDPTR
  C:05D8H         PUBLIC        ?C?CLDPTR
  -------         ENDMOD        ?C?CLDPTR

  -------         MODULE        ?C?CLDOPTR
  C:05F1H         PUBLIC        ?C?CLDOPTR
  -------         ENDMOD        ?C?CLDOPTR

  -------         MODULE        ?C?CSTPTR
  C:061EH         PUBLIC        ?C?CSTPTR
  -------         ENDMOD        ?C?CSTPTR

  -------         MODULE        ?C?CSTOPTR
  C:0630H         PUBLIC        ?C?CSTOPTR
  -------         ENDMOD        ?C?CSTOPTR

  -------         MODULE        ?C?IMUL
  C:0652H         PUBLIC        ?C?IMUL
  -------         ENDMOD        ?C?IMUL

  -------         MODULE        ?C?SIDIV
  C:0664H         PUBLIC        ?C?SIDIV
  -------         ENDMOD        ?C?SIDIV

  -------         MODULE        ?C?IILDX
  C:069AH         PUBLIC        ?C?IILDX
  -------         ENDMOD        ?C?IILDX

  -------         MODULE        ?C?ILDIX
  C:06B0H         PUBLIC        ?C?ILDIX
  -------         ENDMOD        ?C?ILDIX

  -------         MODULE        ?C?ILDPTR
  C:06C6H         PUBLIC        ?C?ILDPTR
  -------         ENDMOD        ?C?ILDPTR

  -------         MODULE        ?C?ISTPTR
  C:06F1H         PUBLIC        ?C?ISTPTR
  -------         ENDMOD        ?C?ISTPTR

  -------         MODULE        ?C?LMUL
  C:0710H         PUBLIC        ?C?LMUL
BL51 BANKED LINKER/LOCATER V6.22.2.0                                                  04/27/2023  09:30:45  PAGE 50


  -------         ENDMOD        ?C?LMUL

  -------         MODULE        ?C?SLDIV
  C:5CF1H         PUBLIC        ?C?SLDIV
  -------         ENDMOD        ?C?SLDIV

  -------         MODULE        ?C?LNEG
  C:075FH         PUBLIC        ?C?LNEG
  -------         ENDMOD        ?C?LNEG

  -------         MODULE        ?C?LLDXDATA
  C:076DH         PUBLIC        ?C?LLDXDATA
  -------         ENDMOD        ?C?LLDXDATA

  -------         MODULE        ?C?LLDCODE
  C:0779H         PUBLIC        ?C?LLDCODE
  -------         ENDMOD        ?C?LLDCODE

  -------         MODULE        ?C?LLDXDATA0
  C:0789H         PUBLIC        ?C?LLDXDATA0
  -------         ENDMOD        ?C?LLDXDATA0

  -------         MODULE        ?C?LLDCODE0
  C:0795H         PUBLIC        ?C?LLDCODE0
  -------         ENDMOD        ?C?LLDCODE0

  -------         MODULE        ?C?LSTXDATA
  C:07A5H         PUBLIC        ?C?LSTXDATA
  -------         ENDMOD        ?C?LSTXDATA

  -------         MODULE        ?C?LSTKXDATA
  C:07B1H         PUBLIC        ?C?LSTKXDATA
  -------         ENDMOD        ?C?LSTKXDATA

  -------         MODULE        ?C?OFFXADD
  C:07E2H         PUBLIC        ?C?OFFXADD
  -------         ENDMOD        ?C?OFFXADD

  -------         MODULE        ?C?PLDIXDATA
  C:07EEH         PUBLIC        ?C?PLDIXDATA
  -------         ENDMOD        ?C?PLDIXDATA

  -------         MODULE        ?C?PSTXDATA
  C:0805H         PUBLIC        ?C?PSTXDATA
  -------         ENDMOD        ?C?PSTXDATA

  -------         MODULE        ?C?CCASE
  C:080EH         PUBLIC        ?C?CCASE
  -------         ENDMOD        ?C?CCASE

  -------         MODULE        ABS
  C:61B9H         PUBLIC        _ABS
  -------         ENDMOD        ABS

  -------         MODULE        STRLEN
  C:6123H         PUBLIC        _STRLEN
  -------         ENDMOD        STRLEN
BL51 BANKED LINKER/LOCATER V6.22.2.0                                                  04/27/2023  09:30:45  PAGE 51



  -------         MODULE        ?C?UIDIV
  C:0834H         PUBLIC        ?C?UIDIV
  -------         ENDMOD        ?C?UIDIV

  -------         MODULE        ?C?ULDIV
  C:08C5H         PUBLIC        ?C?ULDIV
  -------         ENDMOD        ?C?ULDIV

Program Size: data=15.3 xdata=1587 code=25155
LINK/LOCATE RUN COMPLETE.  0 WARNING(S),  0 ERROR(S)
