BL51 BANKED LINKER/LOCATER V6.22.2.0                                                    04/27/2023  08:19:21  PAGE 1


BL51 BANKED LINKER/LOCATER V6.22.2.0, INVOKED BY:
C:\KEIL_V5\C51\BIN\BL51.EXE .\Objects\init380.obj, .\Objects\main.obj, .\SYS19_v2.LIB TO .\Objects\Lcd8bitC380Basic PRIN
>> T (.\Listings\Lcd8bitC380Basic.m51) RAMSIZE (256) DISABLEWARNING (16) XDATA (0X0000-0X0FFF)


MEMORY MODEL: LARGE WITH FLOATING POINT ARITHMETIC


INPUT MODULES INCLUDED:
  .\Objects\init380.obj (INIT380)
  .\Objects\main.obj (MAIN)
  .\SYS19_v2.LIB (DELAY)
  .\SYS19_v2.LIB (INITSYS)
  .\SYS19_v2.LIB (LCD)
  .\SYS19_v2.LIB (SHAPE)
  .\SYS19_v2.LIB (TOUCH)
  .\SYS19_v2.LIB (24C32SYS)
  .\SYS19_v2.LIB (I2CSYS)
  C:\KEIL_V5\C51\LIB\C51FPL.LIB (?C?FPADD)
  C:\KEIL_V5\C51\LIB\C51FPL.LIB (?C?FPMUL)
  C:\KEIL_V5\C51\LIB\C51FPL.LIB (?C?FPDIV)
  C:\KEIL_V5\C51\LIB\C51FPL.LIB (?C?FPCMP)
  C:\KEIL_V5\C51\LIB\C51FPL.LIB (?C?FCAST)
  C:\KEIL_V5\C51\LIB\C51FPL.LIB (?C?CASTF)
  C:\KEIL_V5\C51\LIB\C51FPL.LIB (PRINTF)
  C:\KEIL_V5\C51\LIB\C51FPL.LIB (SQRT)
  C:\KEIL_V5\C51\LIB\C51FPL.LIB (SIN)
  C:\KEIL_V5\C51\LIB\C51FPL.LIB (?C?FPGETOPN)
  C:\KEIL_V5\C51\LIB\C51FPL.LIB (?C?FPROUND)
  C:\KEIL_V5\C51\LIB\C51FPL.LIB (?C?FPCONVERT)
  C:\KEIL_V5\C51\LIB\C51FPL.LIB (?C?FPSERIES)
  C:\KEIL_V5\C51\LIB\C51FPL.LIB (?C?FTNPWR)
  C:\KEIL_V5\C51\LIB\C51L.LIB (?C_STARTUP)
  C:\KEIL_V5\C51\LIB\C51L.LIB (?C?CLDPTR)
  C:\KEIL_V5\C51\LIB\C51L.LIB (?C?CLDOPTR)
  C:\KEIL_V5\C51\LIB\C51L.LIB (?C?CSTPTR)
  C:\KEIL_V5\C51\LIB\C51L.LIB (?C?CSTOPTR)
  C:\KEIL_V5\C51\LIB\C51L.LIB (?C?IMUL)
  C:\KEIL_V5\C51\LIB\C51L.LIB (?C?SIDIV)
  C:\KEIL_V5\C51\LIB\C51L.LIB (?C?IILDX)
  C:\KEIL_V5\C51\LIB\C51L.LIB (?C?ILDIX)
  C:\KEIL_V5\C51\LIB\C51L.LIB (?C?ILDPTR)
  C:\KEIL_V5\C51\LIB\C51L.LIB (?C?ISTPTR)
  C:\KEIL_V5\C51\LIB\C51L.LIB (?C?LMUL)
  C:\KEIL_V5\C51\LIB\C51L.LIB (?C?SLDIV)
  C:\KEIL_V5\C51\LIB\C51L.LIB (?C?LNEG)
  C:\KEIL_V5\C51\LIB\C51L.LIB (?C?LLDXDATA)
  C:\KEIL_V5\C51\LIB\C51L.LIB (?C?LLDCODE)
  C:\KEIL_V5\C51\LIB\C51L.LIB (?C?LLDXDATA0)
  C:\KEIL_V5\C51\LIB\C51L.LIB (?C?LLDCODE0)
  C:\KEIL_V5\C51\LIB\C51L.LIB (?C?LSTXDATA)
  C:\KEIL_V5\C51\LIB\C51L.LIB (?C?LSTKXDATA)
  C:\KEIL_V5\C51\LIB\C51L.LIB (?C?OFFXADD)
  C:\KEIL_V5\C51\LIB\C51L.LIB (?C?PLDIXDATA)
  C:\KEIL_V5\C51\LIB\C51L.LIB (?C?PSTXDATA)
  C:\KEIL_V5\C51\LIB\C51L.LIB (?C?CCASE)
  C:\KEIL_V5\C51\LIB\C51L.LIB (ABS)
  C:\KEIL_V5\C51\LIB\C51L.LIB (STRLEN)
BL51 BANKED LINKER/LOCATER V6.22.2.0                                                  04/27/2023  08:19:21  PAGE 2


  C:\KEIL_V5\C51\LIB\C51L.LIB (?C_INIT)
  C:\KEIL_V5\C51\LIB\C51L.LIB (?C?UIDIV)
  C:\KEIL_V5\C51\LIB\C51L.LIB (?C?ULDIV)


LINK MAP OF MODULE:  .\Objects\Lcd8bitC380Basic (INIT380)


            TYPE    BASE      LENGTH    RELOCATION   SEGMENT NAME
            -----------------------------------------------------

            * * * * * * *   D A T A   M E M O R Y   * * * * * * *
            REG     0000H     0008H     ABSOLUTE     "REG BANK 0"
            DATA    0008H     0005H     UNIT         _DATA_GROUP_
                    000DH     0013H                  *** GAP ***
            BIT     0020H.0   0001H.1   UNIT         _BIT_GROUP_
            BIT     0021H.1   0000H.1   UNIT         ?BI?LCD
            BIT     0021H.2   0000H.1   UNIT         ?BI?___W24C32?24C32SYS
                    0021H.3   0000H.5                *** GAP ***
            IDATA   0022H     0001H     UNIT         ?STACK

            * * * * * * *  X D A T A   M E M O R Y  * * * * * * *
            XDATA   0000H     0280H     UNIT         ?XD?SHAPE
            XDATA   0280H     01E4H     UNIT         ?XD?MAIN
            XDATA   0464H     006EH     UNIT         _XDATA_GROUP_
            XDATA   04D2H     001EH     UNIT         ?XD?_LCD_DRAWLINE?SHAPE
            XDATA   04F0H     001EH     UNIT         ?XD?_LCD_FILLTRIANGLE?SHAPE
            XDATA   050EH     001EH     UNIT         ?XD?TOUCHCAL?TOUCH
            XDATA   052CH     0014H     UNIT         ?XD?_LCD_PRINTNUMF?LCD
            XDATA   0540H     0013H     UNIT         ?XD?LCD
            XDATA   0553H     0011H     UNIT         ?XD?_LCD_DRAWBITMAP24?LCD
            XDATA   0564H     0010H     UNIT         ?XD?_LCD_FILLCIRCLE?SHAPE
            XDATA   0574H     000FH     UNIT         ?XD?_LCD_DRAWBITMAP16?LCD
            XDATA   0583H     000EH     UNIT         ?XD?_LCD_DRAWCIRCLE?SHAPE
            XDATA   0591H     000EH     UNIT         ?XD?_LCD_DRAWTRIANGLE?SHAPE
            XDATA   059FH     000CH     UNIT         ?XD?_LCD_PRINTCENTER?LCD
            XDATA   05ABH     000CH     UNIT         ?XD?_LCD_PRINTHEB2C?LCD
            XDATA   05B7H     000CH     UNIT         ?XD?_LCD_PRINTHEBCENTER?LCD
            XDATA   05C3H     000AH     UNIT         ?XD?_LCD_PRINTHEBC?LCD
            XDATA   05CDH     000AH     UNIT         ?XD?_LCD_PRINTNUMI?LCD
            XDATA   05D7H     000AH     UNIT         ?XD?_LCD_PRINTNUMB?LCD
            XDATA   05E1H     000AH     UNIT         ?XD?_LCD_DRAWFASTHLINE?SHAPE
            XDATA   05EBH     000AH     UNIT         ?XD?_LCD_DRAWRECT?SHAPE
            XDATA   05F5H     000AH     UNIT         ?XD?__DRAW_CIRCLE_8?SHAPE
            XDATA   05FFH     0008H     UNIT         ?XD?TOUCH
            XDATA   0607H     0007H     UNIT         ?XD?_INT2BIN?LCD
            XDATA   060EH     0006H     UNIT         ?XD?_LCD_PRINTHEB?LCD
            XDATA   0614H     0006H     UNIT         ?XD?_BYTE2BIN?LCD
            XDATA   061AH     0006H     UNIT         ?XD?_SWAP?SHAPE
            XDATA   0620H     0005H     UNIT         ?XD?_LCD_PRINTNUMC?LCD
            XDATA   0625H     0005H     UNIT         ?XD?_LCD_PRINTNUMH?LCD
            XDATA   062AH     0004H     UNIT         ?XD?___W24C32?24C32SYS
            XDATA   062EH     0003H     UNIT         ?XD?_LCD_PRINTLN?LCD
            XDATA   0631H     0002H     UNIT         ?XD?FONT_TEST?MAIN

            * * * * * * *   C O D E   M E M O R Y   * * * * * * *
            CODE    0000H     0003H     ABSOLUTE     
BL51 BANKED LINKER/LOCATER V6.22.2.0                                                  04/27/2023  08:19:21  PAGE 3


            CODE    0003H     0954H     UNIT         ?C?LIB_CODE
            CODE    0957H     084EH     UNIT         ?CO?MAIN
            CODE    11A5H     05AEH     UNIT         ?PR?_LCD_FILLTRIANGLE?SHAPE
            CODE    1753H     0483H     UNIT         ?PR?PRINTF?PRINTF
            CODE    1BD6H     03D8H     UNIT         ?PR?ISALARMDETECTED2?MAIN
            CODE    1FAEH     036AH     UNIT         ?CO?LCD
            CODE    2318H     029FH     UNIT         ?PR?_GOERTZEL_MAG?MAIN
            CODE    25B7H     029CH     UNIT         ?PR?_LCD_DRAWLINE?SHAPE
            CODE    2853H     026EH     UNIT         ?PR?_PUTCHAR5_7_2COLOR?LCD
            CODE    2AC1H     0253H     UNIT         ?PR?_LCD_FILLCIRCLEHELPER?SHAPE
            CODE    2D14H     023AH     UNIT         ?PR?_LCD_DRAWBUTTON?SHAPE
            CODE    2F4EH     021CH     UNIT         ?PR?TOUCHCAL?TOUCH
            CODE    316AH     01C3H     UNIT         ?PR?_PUTCHAR5_7?LCD
            CODE    332DH     01ACH     UNIT         ?PR?TEMPERATURE?MAIN
            CODE    34D9H     01A7H     UNIT         ?PR?__DRAW_CIRCLE_8?SHAPE
            CODE    3680H     0198H     UNIT         ?PR?MENUSCREEN?MAIN
            CODE    3818H     0192H     UNIT         ?PR?LCD_BEGIN?LCD
            CODE    39AAH     0188H     UNIT         ?PR?SIN?SIN
            CODE    3B32H     0186H     UNIT         ?PR?CRYING?MAIN
            CODE    3CB8H     0173H     UNIT         ?PR?INITSYS?INITSYS
            CODE    3E2BH     0164H     UNIT         ?PR?_LCD_DRAWBITMAP24?LCD
            CODE    3F8FH     0157H     UNIT         ?PR?_LCD_FILLROUNDRECT?SHAPE
            CODE    40E6H     014DH     UNIT         ?PR?_LCD_PRINTHEB?LCD
            CODE    4233H     0145H     UNIT         ?PR?_LCD_PRINTLN?LCD
            CODE    4378H     0145H     UNIT         ?PR?_LCD_FILLCIRCLE?SHAPE
            CODE    44BDH     013EH     UNIT         ?PR?_LCD_DRAWBITMAP16?LCD
            CODE    45FBH     0131H     UNIT         ?PR?MAIN?MAIN
            CODE    472CH     012BH     UNIT         ?PR?_BUTTONTOUCH?SHAPE
            CODE    4857H     0122H     UNIT         ?PR?_LCD_WRITE?LCD
            CODE    4979H     0107H     UNIT         ?PR?FONT_TEST?MAIN
            CODE    4A80H     0103H     UNIT         ?PR?_LCD_DRAWCIRCLE?SHAPE
            CODE    4B83H     00FBH     UNIT         ?PR?READX?TOUCH
            CODE    4C7EH     00FBH     UNIT         ?PR?READY?TOUCH
            CODE    4D79H     00FAH     UNIT         ?PR?_LCD_FILLRECT?SHAPE
            CODE    4E73H     00E9H     UNIT         ?PR?MOVE?MAIN
            CODE    4F5CH     00E8H     UNIT         ?PR?_LCD_PRINT?LCD
            CODE    5044H     00DBH     UNIT         ?PR?READTOUCHY?TOUCH
            CODE    511FH     00D2H     UNIT         ?PR?_MAP?TOUCH
            CODE    51F1H     00CEH     UNIT         ?PR?MP3?MAIN
            CODE    52BFH     00CDH     UNIT         ?PR?_LCD_DRAWRECT?SHAPE
            CODE    538CH     00C9H     UNIT         ?PR?READTOUCHX?TOUCH
            CODE    5455H     00ACH     UNIT         ?PR?SQRT?SQRT
            CODE    5501H     00A5H     UNIT         ?PR?_LCD_DRAWTRIANGLE?SHAPE
            CODE    55A6H     0096H     UNIT         ?PR?_LCD_DRAWFASTVLINE?SHAPE
            CODE    563CH     0093H     UNIT         ?PR?_INT2BIN?LCD
            CODE    56CFH     0093H     UNIT         ?PR?_BYTE2BIN?LCD
            CODE    5762H     008EH     UNIT         ?PR?_LCD_DRAWFASTHLINE?SHAPE
            CODE    57F0H     008DH     UNIT         ?PR?_LCD_FILLSCREEN?LCD
            CODE    587DH     008CH     UNIT         ?C_C51STARTUP
            CODE    5909H     0083H     UNIT         ?PR?_LCD_PRINTCENTER?LCD
            CODE    598CH     0083H     UNIT         ?PR?_LCD_PRINTHEBCENTER?LCD
            CODE    5A0FH     007DH     UNIT         ?PR?___WRITEBYTE?I2CSYS
            CODE    5A8CH     0079H     UNIT         ?PR?__READBYTE?I2CSYS
            CODE    5B05H     0060H     UNIT         ?PR?_LCD_SETROTATION?LCD
            CODE    5B65H     005BH     UNIT         ?PR?_LCD_PRINTNUMB?LCD
            CODE    5BC0H     0050H     UNIT         ?CO?TOUCH
            CODE    5C10H     004DH     UNIT         ?PR?___R24C32?24C32SYS
BL51 BANKED LINKER/LOCATER V6.22.2.0                                                  04/27/2023  08:19:21  PAGE 4


            CODE    5C5DH     004BH     UNIT         ?PR?_LCD_SETADDRWINDOW?LCD
            CODE    5CA8H     0048H     UNIT         ?PR?_LCD_DRAWPIXEL?LCD
            CODE    5CF0H     0044H     UNIT         ?C?LDIV
            CODE    5D34H     0043H     UNIT         ?PR?_SWAP?SHAPE
            CODE    5D77H     0043H     UNIT         ?PR?___W24C32?24C32SYS
            CODE    5DBAH     0041H     UNIT         ?PR?_PLAY_SONG?MAIN
            CODE    5DFBH     003CH     UNIT         ?PR?READFROMCHARFROM7843?TOUCH
            CODE    5E37H     0037H     UNIT         ?PR?LCD_SETPARAM?LCD
            CODE    5E6EH     0034H     UNIT         ?PR?_WRITECHARTO7843?TOUCH
            CODE    5EA2H     0030H     UNIT         ?PR?_LCD_PRINT2C?LCD
            CODE    5ED2H     002DH     UNIT         ?PR?_LCD_PRINTHEBLN?LCD
            CODE    5EFFH     002CH     UNIT         ?PR?_TOUCHSET?TOUCH
            CODE    5F2BH     0029H     UNIT         ?PR?_CALCTEMP?MAIN
            CODE    5F54H     0029H     UNIT         ?PR?_LCD_PRINTC?LCD
            CODE    5F7DH     0026H     UNIT         ?PR?_LCD_PRINTNUMI?LCD
            CODE    5FA3H     0026H     UNIT         ?PR?_LCD_PRINTNUMH?LCD
            CODE    5FC9H     0024H     UNIT         ?PR?_DELAY_US?DELAY
            CODE    5FEDH     0024H     UNIT         ?PR?_LCD_PRINTNUMF?LCD
            CODE    6011H     0024H     UNIT         ?PR?LCD_CLEARBUTTON?SHAPE
            CODE    6035H     0023H     UNIT         ?C_INITSEG
            CODE    6058H     0023H     UNIT         ?PR?_LCD_PRINTNUMC?LCD
            CODE    607BH     0022H     UNIT         ?PR?_LCD_SETTEXT2COLOR?LCD
            CODE    609DH     0020H     UNIT         ?PR?_DELAY_MS?DELAY
            CODE    60BDH     001EH     UNIT         ?PR?_PUTCHAR?LCD
            CODE    60DBH     0019H     UNIT         ?PR?_LCD_PRINTHEBC?LCD
            CODE    60F4H     0018H     UNIT         ?PR?_ADC_IN?MAIN
            CODE    610CH     0016H     UNIT         ?PR?INIT_DEVICE?INIT380
            CODE    6122H     0015H     UNIT         ?PR?_STRLEN?STRLEN
            CODE    6137H     0014H     UNIT         ?PR?_LCD_PRINTHEB2C?LCD
            CODE    614BH     0014H     UNIT         ?PR?__STOP?I2CSYS
            CODE    615FH     0011H     UNIT         ?PR?_WRITEDATA16?LCD
            CODE    6170H     0011H     UNIT         ?PR?_LCD_SETCURSOR?LCD
            CODE    6181H     0010H     UNIT         ?PR?_WRITEDATA?LCD
            CODE    6191H     000EH     UNIT         ?PR?_LCD_SETTEXT1COLOR?LCD
            CODE    619FH     000DH     UNIT         ?PR?PORT_IO_INIT?INIT380
            CODE    61ACH     000CH     UNIT         ?PR?_PUTCHAR1?MAIN
            CODE    61B8H     000CH     UNIT         ?PR?__START?I2CSYS
            CODE    61C4H     000CH     UNIT         ?PR?_ABS?ABS
            CODE    61D0H     000BH     UNIT         ?PR?_ADS_READ_AD?TOUCH
            CODE    61DBH     000AH     UNIT         ?PR?TIMER_INIT?INIT380
            CODE    61E5H     000AH     UNIT         ?PR?UART_INIT?INIT380
            CODE    61EFH     000AH     UNIT         ?PR?ADC_INIT?INIT380
            CODE    61F9H     000AH     UNIT         ?PR?OSCILLATOR_INIT?INIT380
            CODE    6203H     0009H     UNIT         ?PR?_WRITECOMMAND?LCD
            CODE    620CH     0009H     UNIT         ?PR?_LCD_SETTEXTSIZE?LCD
            CODE    6215H     0008H     UNIT         ?PR?_PUTCHAR0?MAIN
            CODE    621DH     0008H     UNIT         ?CO?INITSYS
            CODE    6225H     0008H     UNIT         ?PR?LCD_WRITERAM_PREPARE?LCD
            CODE    622DH     0007H     UNIT         ?PR?PCA_INIT?INIT380
            CODE    6234H     0006H     UNIT         ?PR?START_WORKING?MAIN
            CODE    623AH     0005H     UNIT         ?PR?SETTARGET?LCD
            CODE    623FH     0004H     UNIT         ?PR?VOLTAGE_REFERENCE_INIT?INIT380



OVERLAY MAP OF MODULE:   .\Objects\Lcd8bitC380Basic (INIT380)

BL51 BANKED LINKER/LOCATER V6.22.2.0                                                  04/27/2023  08:19:21  PAGE 5



SEGMENT                                       BIT_GROUP          DATA_GROUP          XDATA_GROUP
  +--> CALLED SEGMENT                      START    LENGTH     START    LENGTH     START    LENGTH
--------------------------------------------------------------------------------------------------
?C_C51STARTUP                              -----    -----      -----    -----      -----    -----
  +--> ?PR?MAIN?MAIN
  +--> ?C_INITSEG

?PR?MAIN?MAIN                              -----    -----      -----    -----      0464H    0006H
  +--> ?PR?INIT_DEVICE?INIT380
  +--> ?PR?INITSYS?INITSYS
  +--> ?CO?MAIN
  +--> ?PR?MENUSCREEN?MAIN
  +--> ?PR?_DELAY_MS?DELAY
  +--> ?PR?READTOUCHX?TOUCH
  +--> ?PR?READTOUCHY?TOUCH
  +--> ?PR?_LCD_SETCURSOR?LCD
  +--> ?PR?_BUTTONTOUCH?SHAPE
  +--> ?PR?PRINTF?PRINTF
  +--> ?PR?START_WORKING?MAIN
  +--> ?PR?MP3?MAIN
  +--> ?PR?MOVE?MAIN
  +--> ?PR?TEMPERATURE?MAIN
  +--> ?PR?CRYING?MAIN

?PR?INIT_DEVICE?INIT380                    -----    -----      -----    -----      -----    -----
  +--> ?PR?PCA_INIT?INIT380
  +--> ?PR?TIMER_INIT?INIT380
  +--> ?PR?UART_INIT?INIT380
  +--> ?PR?ADC_INIT?INIT380
  +--> ?PR?VOLTAGE_REFERENCE_INIT?INIT380
  +--> ?PR?PORT_IO_INIT?INIT380
  +--> ?PR?OSCILLATOR_INIT?INIT380

?PR?INITSYS?INITSYS                        -----    -----      -----    -----      046AH    0003H
  +--> ?PR?_DELAY_MS?DELAY
  +--> ?PR?___R24C32?24C32SYS
  +--> ?PR?LCD_BEGIN?LCD
  +--> ?CO?INITSYS
  +--> ?PR?_LCD_PRINT?LCD
  +--> ?PR?_TOUCHSET?TOUCH
  +--> ?PR?LCD_CLEARBUTTON?SHAPE

?PR?___R24C32?24C32SYS                     -----    -----      -----    -----      046DH    0004H
  +--> ?PR?__START?I2CSYS
  +--> ?PR?___WRITEBYTE?I2CSYS
  +--> ?PR?__STOP?I2CSYS
  +--> ?PR?__READBYTE?I2CSYS

?PR?__START?I2CSYS                         -----    -----      -----    -----      -----    -----
  +--> ?PR?_DELAY_US?DELAY

?PR?___WRITEBYTE?I2CSYS                    0020H.0  0000H.1    -----    -----      0471H    0003H
  +--> ?PR?_DELAY_US?DELAY

?PR?__STOP?I2CSYS                          -----    -----      -----    -----      -----    -----
  +--> ?PR?_DELAY_US?DELAY
BL51 BANKED LINKER/LOCATER V6.22.2.0                                                  04/27/2023  08:19:21  PAGE 6



?PR?__READBYTE?I2CSYS                      0020H.0  0000H.1    -----    -----      0471H    0003H
  +--> ?PR?_DELAY_US?DELAY

?PR?LCD_BEGIN?LCD                          -----    -----      -----    -----      -----    -----
  +--> ?PR?_WRITECOMMAND?LCD
  +--> ?PR?_WRITEDATA?LCD
  +--> ?PR?_DELAY_MS?DELAY
  +--> ?PR?LCD_SETPARAM?LCD
  +--> ?PR?_LCD_SETROTATION?LCD
  +--> ?PR?_LCD_FILLSCREEN?LCD
  +--> ?PR?_LCD_SETTEXTSIZE?LCD
  +--> ?PR?_LCD_SETTEXT2COLOR?LCD

?PR?_WRITEDATA?LCD                         -----    -----      -----    -----      -----    -----
  +--> ?PR?_WRITECOMMAND?LCD

?PR?_LCD_SETROTATION?LCD                   -----    -----      -----    -----      -----    -----
  +--> ?PR?_WRITECOMMAND?LCD
  +--> ?PR?_WRITEDATA?LCD

?PR?_LCD_FILLSCREEN?LCD                    -----    -----      -----    -----      047EH    0003H
  +--> ?PR?_LCD_SETADDRWINDOW?LCD

?PR?_LCD_SETADDRWINDOW?LCD                 -----    -----      -----    -----      04CAH    0008H
  +--> ?PR?_WRITECOMMAND?LCD
  +--> ?PR?_WRITEDATA?LCD
  +--> ?PR?LCD_WRITERAM_PREPARE?LCD

?PR?LCD_WRITERAM_PREPARE?LCD               -----    -----      -----    -----      -----    -----
  +--> ?PR?_WRITECOMMAND?LCD

?PR?_LCD_PRINT?LCD                         -----    -----      -----    -----      0497H    0003H
  +--> ?PR?_PUTCHAR5_7_2COLOR?LCD
  +--> ?PR?_PUTCHAR5_7?LCD

?PR?_PUTCHAR5_7_2COLOR?LCD                 -----    -----      -----    -----      04B0H    0014H
  +--> ?CO?LCD
  +--> ?PR?_LCD_DRAWPIXEL?LCD

?PR?_LCD_DRAWPIXEL?LCD                     -----    -----      -----    -----      04C4H    0006H
  +--> ?PR?_LCD_SETADDRWINDOW?LCD
  +--> ?PR?_WRITEDATA16?LCD

?PR?_PUTCHAR5_7?LCD                        -----    -----      -----    -----      04B0H    0012H
  +--> ?CO?LCD
  +--> ?PR?_LCD_DRAWPIXEL?LCD

?PR?_TOUCHSET?TOUCH                        -----    -----      -----    -----      046DH    0008H

?PR?MENUSCREEN?MAIN                        -----    -----      -----    -----      -----    -----
  +--> ?PR?_LCD_FILLSCREEN?LCD
  +--> ?CO?MAIN
  +--> ?PR?_LCD_PRINT2C?LCD
  +--> ?PR?LCD_CLEARBUTTON?SHAPE
  +--> ?PR?_LCD_DRAWBUTTON?SHAPE
  +--> ?PR?_LCD_SETTEXT2COLOR?LCD
BL51 BANKED LINKER/LOCATER V6.22.2.0                                                  04/27/2023  08:19:21  PAGE 7



?PR?_LCD_PRINT2C?LCD                       -----    -----      -----    -----      0476H    000CH
  +--> ?PR?_LCD_SETTEXT2COLOR?LCD
  +--> ?PR?_LCD_SETTEXTSIZE?LCD
  +--> ?PR?_LCD_SETCURSOR?LCD
  +--> ?PR?_LCD_PRINT?LCD

?PR?_LCD_DRAWBUTTON?SHAPE                  -----    -----      -----    -----      0476H    0017H
  +--> ?PR?_STRLEN?STRLEN
  +--> ?PR?_LCD_FILLROUNDRECT?SHAPE
  +--> ?PR?_LCD_PRINTC?LCD

?PR?_LCD_FILLROUNDRECT?SHAPE               -----    -----      -----    -----      048DH    000CH
  +--> ?PR?_LCD_FILLRECT?SHAPE
  +--> ?PR?_LCD_FILLCIRCLEHELPER?SHAPE

?PR?_LCD_FILLRECT?SHAPE                    -----    -----      -----    -----      0499H    000DH
  +--> ?PR?_LCD_SETADDRWINDOW?LCD

?PR?_LCD_FILLCIRCLEHELPER?SHAPE            -----    -----      -----    -----      0499H    0015H
  +--> ?PR?_LCD_DRAWFASTVLINE?SHAPE

?PR?_LCD_DRAWFASTVLINE?SHAPE               -----    -----      -----    -----      04AEH    000AH
  +--> ?PR?_LCD_SETADDRWINDOW?LCD
  +--> ?PR?_WRITEDATA16?LCD

?PR?_LCD_PRINTC?LCD                        -----    -----      -----    -----      048DH    000AH
  +--> ?PR?_LCD_SETTEXT1COLOR?LCD
  +--> ?PR?_LCD_SETTEXTSIZE?LCD
  +--> ?PR?_LCD_SETCURSOR?LCD
  +--> ?PR?_LCD_PRINT?LCD

?PR?READTOUCHX?TOUCH                       -----    -----      -----    -----      -----    -----
  +--> ?PR?READY?TOUCH
  +--> ?PR?_MAP?TOUCH
  +--> ?PR?READX?TOUCH

?PR?READY?TOUCH                            -----    -----      -----    -----      046CH    000AH
  +--> ?PR?_ADS_READ_AD?TOUCH
  +--> ?PR?_DELAY_US?DELAY
  +--> ?PR?_ABS?ABS

?PR?_ADS_READ_AD?TOUCH                     -----    -----      -----    -----      -----    -----
  +--> ?PR?_WRITECHARTO7843?TOUCH
  +--> ?PR?READFROMCHARFROM7843?TOUCH

?PR?_MAP?TOUCH                             -----    -----      -----    -----      046CH    000EH

?PR?READX?TOUCH                            -----    -----      -----    -----      046CH    000AH
  +--> ?PR?_ADS_READ_AD?TOUCH
  +--> ?PR?_DELAY_US?DELAY
  +--> ?PR?_ABS?ABS

?PR?READTOUCHY?TOUCH                       -----    -----      -----    -----      046AH    0002H
  +--> ?PR?READX?TOUCH
  +--> ?PR?_MAP?TOUCH
  +--> ?PR?READY?TOUCH
BL51 BANKED LINKER/LOCATER V6.22.2.0                                                  04/27/2023  08:19:21  PAGE 8



?PR?_BUTTONTOUCH?SHAPE                     -----    -----      -----    -----      046AH    0004H

?PR?PRINTF?PRINTF                          0020H.0  0001H.1    0008H    0005H      047EH    0030H
  +--> ?PR?_PUTCHAR?LCD

?PR?_PUTCHAR?LCD                           -----    -----      -----    -----      04AEH    0001H
  +--> ?PR?_LCD_WRITE?LCD

?PR?_LCD_WRITE?LCD                         -----    -----      -----    -----      04AFH    0001H
  +--> ?PR?_PUTCHAR5_7_2COLOR?LCD
  +--> ?PR?_PUTCHAR5_7?LCD

?PR?START_WORKING?MAIN                     -----    -----      -----    -----      -----    -----
  +--> ?PR?TEMPERATURE?MAIN

?PR?TEMPERATURE?MAIN                       -----    -----      -----    -----      046AH    0004H
  +--> ?PR?_ADC_IN?MAIN
  +--> ?PR?_CALCTEMP?MAIN
  +--> ?PR?_LCD_FILLSCREEN?LCD
  +--> ?PR?_LCD_SETCURSOR?LCD
  +--> ?CO?MAIN
  +--> ?PR?PRINTF?PRINTF
  +--> ?PR?SETTARGET?LCD
  +--> ?PR?_DELAY_MS?DELAY
  +--> ?PR?MENUSCREEN?MAIN
  +--> ?PR?MOVE?MAIN

?PR?_ADC_IN?MAIN                           -----    -----      -----    -----      -----    -----
  +--> ?PR?_DELAY_US?DELAY

?PR?SETTARGET?LCD                          0020H.0  0000H.1    -----    -----      -----    -----

?PR?MOVE?MAIN                              -----    -----      -----    -----      046EH    0002H
  +--> ?PR?_DELAY_MS?DELAY
  +--> ?CO?MAIN
  +--> ?PR?PRINTF?PRINTF
  +--> ?PR?SETTARGET?LCD
  +--> ?PR?MENUSCREEN?MAIN
  +--> ?PR?CRYING?MAIN

?PR?CRYING?MAIN                            -----    -----      -----    -----      0470H    0006H
  +--> ?PR?_LCD_FILLSCREEN?LCD
  +--> ?PR?_DELAY_MS?DELAY
  +--> ?PR?ISALARMDETECTED2?MAIN
  +--> ?CO?MAIN
  +--> ?PR?PRINTF?PRINTF
  +--> ?PR?SETTARGET?LCD
  +--> ?PR?MENUSCREEN?MAIN
  +--> ?PR?_PLAY_SONG?MAIN
  +--> ?PR?_LCD_SETCURSOR?LCD

?PR?ISALARMDETECTED2?MAIN                  -----    -----      -----    -----      0476H    0008H
  +--> ?PR?_LCD_FILLSCREEN?LCD
  +--> ?PR?_ADC_IN?MAIN
  +--> ?PR?_DELAY_US?DELAY
  +--> ?PR?_GOERTZEL_MAG?MAIN
BL51 BANKED LINKER/LOCATER V6.22.2.0                                                  04/27/2023  08:19:21  PAGE 9


  +--> ?PR?_LCD_SETCURSOR?LCD
  +--> ?CO?MAIN
  +--> ?PR?PRINTF?PRINTF

?PR?_GOERTZEL_MAG?MAIN                     -----    -----      -----    -----      047EH    0034H
  +--> ?PR?SIN?SIN
  +--> ?PR?SQRT?SQRT

?PR?SIN?SIN                                0020H.0  0000H.1    -----    -----      04B2H    0004H

?PR?SQRT?SQRT                              -----    -----      -----    -----      04B2H    0004H

?PR?_PLAY_SONG?MAIN                        -----    -----      -----    -----      -----    -----
  +--> ?PR?_PUTCHAR1?MAIN

?PR?MP3?MAIN                               -----    -----      -----    -----      -----    -----
  +--> ?PR?_LCD_FILLSCREEN?LCD
  +--> ?PR?_LCD_SETCURSOR?LCD
  +--> ?CO?MAIN
  +--> ?PR?PRINTF?PRINTF
  +--> ?PR?_PLAY_SONG?MAIN
  +--> ?PR?_DELAY_MS?DELAY
  +--> ?PR?MENUSCREEN?MAIN



SYMBOL TABLE OF MODULE:  .\Objects\Lcd8bitC380Basic (INIT380)

  VALUE           TYPE          NAME
  ----------------------------------

  -------         MODULE        INIT380
  C:0000H         SYMBOL        _ICE_DUMMY_
  D:00E8H         PUBLIC        ADC0CN
  C:619FH         PUBLIC        Port_IO_Init
  D:00D9H         PUBLIC        PCA0MD
  C:61F9H         PUBLIC        Oscillator_Init
  D:00E1H         PUBLIC        XBR0
  D:00E2H         PUBLIC        XBR1
  D:00E3H         PUBLIC        XBR2
  D:00D1H         PUBLIC        REF0CN
  D:00ACH         PUBLIC        SBCON1
  D:00F2H         PUBLIC        P1MDIN
  D:00B5H         PUBLIC        SBRLH1
  D:00B4H         PUBLIC        SBRLL1
  C:61E5H         PUBLIC        UART_Init
  D:0089H         PUBLIC        TMOD
  D:0088H         PUBLIC        TCON
  C:61EFH         PUBLIC        ADC_Init
  D:00A9H         PUBLIC        CLKSEL
  D:00B2H         PUBLIC        OSCICN
  C:623FH         PUBLIC        Voltage_Reference_Init
  C:610CH         PUBLIC        Init_Device
  C:622DH         PUBLIC        PCA_Init
  D:008DH         PUBLIC        TH1
  D:00BAH         PUBLIC        AMX0N
  D:00BBH         PUBLIC        AMX0P
BL51 BANKED LINKER/LOCATER V6.22.2.0                                                  04/27/2023  08:19:21  PAGE 10


  D:00B6H         PUBLIC        FLSCL
  C:61DBH         PUBLIC        Timer_Init
  -------         PROC          PCA_INIT
  C:622DH         LINE#         10
  C:622DH         LINE#         11
  C:622DH         LINE#         12
  C:6230H         LINE#         13
  C:6233H         LINE#         14
  -------         ENDPROC       PCA_INIT
  -------         PROC          TIMER_INIT
  C:61DBH         LINE#         16
  C:61DBH         LINE#         17
  C:61DBH         LINE#         18
  C:61DEH         LINE#         19
  C:61E1H         LINE#         20
  C:61E4H         LINE#         21
  -------         ENDPROC       TIMER_INIT
  -------         PROC          UART_INIT
  C:61E5H         LINE#         23
  C:61E5H         LINE#         24
  C:61E5H         LINE#         25
  C:61E8H         LINE#         26
  C:61EBH         LINE#         27
  C:61EEH         LINE#         28
  -------         ENDPROC       UART_INIT
  -------         PROC          ADC_INIT
  C:61EFH         LINE#         30
  C:61EFH         LINE#         31
  C:61EFH         LINE#         32
  C:61F2H         LINE#         33
  C:61F5H         LINE#         34
  C:61F8H         LINE#         35
  -------         ENDPROC       ADC_INIT
  -------         PROC          VOLTAGE_REFERENCE_INIT
  C:623FH         LINE#         37
  C:623FH         LINE#         38
  C:623FH         LINE#         39
  C:6242H         LINE#         40
  -------         ENDPROC       VOLTAGE_REFERENCE_INIT
  -------         PROC          PORT_IO_INIT
  C:619FH         LINE#         42
  C:619FH         LINE#         43
  C:619FH         LINE#         80
  C:61A2H         LINE#         81
  C:61A5H         LINE#         82
  C:61A8H         LINE#         83
  C:61ABH         LINE#         84
  -------         ENDPROC       PORT_IO_INIT
  -------         PROC          OSCILLATOR_INIT
  C:61F9H         LINE#         86
  C:61F9H         LINE#         87
  C:61F9H         LINE#         88
  C:61FCH         LINE#         89
  C:61FFH         LINE#         90
  C:6202H         LINE#         91
  -------         ENDPROC       OSCILLATOR_INIT
  -------         PROC          INIT_DEVICE
BL51 BANKED LINKER/LOCATER V6.22.2.0                                                  04/27/2023  08:19:21  PAGE 11


  C:610CH         LINE#         95
  C:610CH         LINE#         96
  C:610CH         LINE#         97
  C:610FH         LINE#         98
  C:6112H         LINE#         99
  C:6115H         LINE#         100
  C:6118H         LINE#         101
  C:611BH         LINE#         102
  C:611EH         LINE#         103
  C:6121H         LINE#         104
  -------         ENDPROC       INIT_DEVICE
  -------         ENDMOD        INIT380

  -------         MODULE        MAIN
  C:0000H         SYMBOL        _ICE_DUMMY_
  C:0B95H         PUBLIC        gImage_argb2
  D:0090H         PUBLIC        P1
  C:119DH         PUBLIC        playtrack1
  D:00B0H         PUBLIC        P3
  C:1BD6H         PUBLIC        IsAlarmDetected2
  C:2318H         PUBLIC        _goertzel_mag
  C:5F2BH         PUBLIC        _CalcTemp
  C:51F1H         PUBLIC        mp3
  X:0280H         PUBLIC        NumInstans
  C:4E73H         PUBLIC        Move
  B:00B0H.6       PUBLIC        T_IRQ
  B:00E8H.5       PUBLIC        AD0INT
  C:45FBH         PUBLIC        main
  C:332DH         PUBLIC        temperature
  C:4979H         PUBLIC        Font_test
  C:60F4H         PUBLIC        _ADC_IN
  X:0288H         PUBLIC        wave_property_arr
  C:6215H         PUBLIC        _PUTCHAR0
  C:61ACH         PUBLIC        _PUTCHAR1
  B:0098H.1       PUBLIC        TI0
  X:02A0H         PUBLIC        playtrack
  X:02A8H         PUBLIC        num
  C:5DBAH         PUBLIC        _play_song
  X:02AAH         PUBLIC        data_in
  C:6234H         PUBLIC        Start_Working
  B:0090H.0       PUBLIC        senMove
  D:0099H         PUBLIC        SBUF0
  X:044EH         PUBLIC        my_string
  D:00D3H         PUBLIC        SBUF1
  D:00D2H         PUBLIC        SCON1
  D:00BAH         PUBLIC        AMX0N
  D:00BBH         PUBLIC        AMX0P
  X:0462H         PUBLIC        i
  C:3B32H         PUBLIC        Crying
  D:00BDH         PUBLIC        ADC0
  B:00E8H.4       PUBLIC        AD0BUSY
  C:3680H         PUBLIC        MenuScreen
  -------         PROC          _PUTCHAR1
  D:0007H         SYMBOL        tav
  C:61ACH         LINE#         45
  C:61ACH         LINE#         46
  C:61ACH         LINE#         47
BL51 BANKED LINKER/LOCATER V6.22.2.0                                                  04/27/2023  08:19:21  PAGE 12


  C:61AEH         LINE#         48
  C:61B4H         LINE#         49
  C:61B7H         LINE#         50
  -------         ENDPROC       _PUTCHAR1
  -------         PROC          _PUTCHAR0
  D:0007H         SYMBOL        tav
  C:6215H         LINE#         52
  C:6215H         LINE#         53
  C:6215H         LINE#         54
  C:6217H         LINE#         55
  C:621AH         LINE#         56
  C:621CH         LINE#         57
  -------         ENDPROC       _PUTCHAR0
  -------         PROC          _PLAY_SONG
  D:0007H         SYMBOL        dir
  D:0005H         SYMBOL        song_num
  C:5DBAH         LINE#         66
  C:5DBAH         LINE#         67
  C:5DBAH         LINE#         68
  C:5DBFH         LINE#         69
  C:5DC2H         LINE#         70
  C:5DDBH         LINE#         71
  C:5DFAH         LINE#         72
  -------         ENDPROC       _PLAY_SONG
  -------         PROC          MAIN
  -------         DO            
  X:0464H         SYMBOL        x
  X:0466H         SYMBOL        y
  X:0468H         SYMBOL        ButtonNum
  -------         ENDDO         
  C:45FBH         LINE#         74
  C:45FBH         LINE#         75
  C:45FBH         LINE#         76
  C:4606H         LINE#         77
  C:4609H         LINE#         78
  C:460CH         LINE#         80
  C:4613H         LINE#         81
  C:464DH         LINE#         87
  C:4650H         LINE#         90
  C:4650H         LINE#         91
  C:4653H         LINE#         92
  C:465AH         LINE#         93
  C:4665H         LINE#         94
  C:4670H         LINE#         95
  C:467BH         LINE#         96
  C:4694H         LINE#         97
  C:46C1H         LINE#         99
  C:46CBH         LINE#         100
  C:46CEH         LINE#         101
  C:46D1H         LINE#         102
  C:46D4H         LINE#         103
  C:46E0H         LINE#         104
  C:46E3H         LINE#         105
  C:46E6H         LINE#         106
  C:46E9H         LINE#         107
  C:46F5H         LINE#         108
  C:46F8H         LINE#         109
BL51 BANKED LINKER/LOCATER V6.22.2.0                                                  04/27/2023  08:19:21  PAGE 13


  C:46FBH         LINE#         110
  C:46FEH         LINE#         111
  C:470AH         LINE#         112
  C:470DH         LINE#         113
  C:4710H         LINE#         114
  C:4713H         LINE#         115
  C:4722H         LINE#         116
  C:4725H         LINE#         117
  C:4728H         LINE#         118
  C:4728H         LINE#         119
  C:4728H         LINE#         120
  -------         ENDPROC       MAIN
  -------         PROC          MENUSCREEN
  C:3680H         LINE#         123
  C:3680H         LINE#         124
  C:3686H         LINE#         125
  C:36A5H         LINE#         126
  C:36C4H         LINE#         127
  C:36C7H         LINE#         128
  C:3708H         LINE#         129
  C:374BH         LINE#         130
  C:378BH         LINE#         131
  C:37CCH         LINE#         132
  C:380DH         LINE#         133
  C:3817H         LINE#         134
  -------         ENDPROC       MENUSCREEN
  -------         PROC          START_WORKING
  C:6234H         LINE#         139
  C:6234H         LINE#         140
  C:6234H         LINE#         141
  C:6237H         LINE#         145
  -------         ENDPROC       START_WORKING
  -------         PROC          FONT_TEST
  -------         DO            
  X:0631H         SYMBOL        x
  -------         ENDDO         
  C:4979H         LINE#         150
  C:4979H         LINE#         151
  C:4983H         LINE#         152
  C:4989H         LINE#         153
  C:49A9H         LINE#         154
  C:49C9H         LINE#         155
  C:49E8H         LINE#         156
  C:4A07H         LINE#         157
  C:4A10H         LINE#         158
  C:4A15H         LINE#         159
  C:4A1CH         LINE#         160
  C:4A25H         LINE#         161
  C:4A2EH         LINE#         162
  C:4A33H         LINE#         163
  C:4A3AH         LINE#         164
  C:4A43H         LINE#         165
  C:4A4CH         LINE#         166
  C:4A64H         LINE#         167
  C:4A7CH         LINE#         168
  C:4A7FH         LINE#         169
  -------         ENDPROC       FONT_TEST
BL51 BANKED LINKER/LOCATER V6.22.2.0                                                  04/27/2023  08:19:21  PAGE 14


  -------         PROC          MOVE
  -------         DO            
  X:046EH         SYMBOL        cnt
  D:0006H         SYMBOL        numSec
  -------         ENDDO         
  C:4E73H         LINE#         179
  C:4E73H         LINE#         180
  C:4E7AH         LINE#         181
  C:4E7EH         LINE#         183
  C:4E7EH         LINE#         184
  C:4E7EH         LINE#         185
  C:4E8CH         LINE#         186
  C:4E93H         LINE#         187
  C:4EA2H         LINE#         189
  C:4EA2H         LINE#         190
  C:4EA2H         LINE#         191
  C:4EB1H         LINE#         192
  C:4EB3H         LINE#         193
  C:4EB3H         LINE#         194
  C:4EB5H         LINE#         196
  C:4EBBH         LINE#         197
  C:4EBBH         LINE#         198
  C:4EC4H         LINE#         199
  C:4EC9H         LINE#         200
  C:4ED2H         LINE#         201
  C:4ED9H         LINE#         202
  C:4EE2H         LINE#         203
  C:4EE9H         LINE#         204
  C:4EF2H         LINE#         205
  C:4EF9H         LINE#         206
  C:4F02H         LINE#         207
  C:4F09H         LINE#         208
  C:4F12H         LINE#         209
  C:4F19H         LINE#         210
  C:4F22H         LINE#         211
  C:4F29H         LINE#         212
  C:4F32H         LINE#         213
  C:4F39H         LINE#         214
  C:4F42H         LINE#         215
  C:4F49H         LINE#         216
  C:4F4EH         LINE#         217
  C:4F51H         LINE#         218
  C:4F58H         LINE#         219
  C:4F58H         LINE#         220
  C:4F5BH         LINE#         221
  -------         ENDPROC       MOVE
  -------         PROC          _ADC_IN
  D:0006H         SYMBOL        num
  C:60F4H         LINE#         237
  C:60F4H         LINE#         238
  C:60F4H         LINE#         239
  C:60F7H         LINE#         240
  C:60F9H         LINE#         241
  C:6100H         LINE#         242
  C:6102H         LINE#         243
  C:6105H         LINE#         244
  C:6107H         LINE#         245
BL51 BANKED LINKER/LOCATER V6.22.2.0                                                  04/27/2023  08:19:21  PAGE 15


  C:610BH         LINE#         246
  -------         ENDPROC       _ADC_IN
  -------         PROC          _CALCTEMP
  D:0006H         SYMBOL        digVal
  -------         DO            
  D:0004H         SYMBOL        temp
  D:0004H         SYMBOL        analog_val
  -------         ENDDO         
  C:5F2BH         LINE#         249
  C:5F2BH         LINE#         250
  C:5F2BH         LINE#         254
  C:5F48H         LINE#         256
  C:5F53H         LINE#         258
  C:5F53H         LINE#         259
  -------         ENDPROC       _CALCTEMP
  -------         PROC          TEMPERATURE
  -------         DO            
  D:0006H         SYMBOL        val
  -------         DO            
  X:046AH         SYMBOL        temp
  -------         ENDDO         
  -------         ENDDO         
  C:332DH         LINE#         261
  C:332DH         LINE#         263
  C:332DH         LINE#         264
  C:332DH         LINE#         266
  C:3334H         LINE#         267
  C:333DH         LINE#         268
  C:3344H         LINE#         269
  C:334DH         LINE#         270
  C:336AH         LINE#         271
  C:3389H         LINE#         272
  C:3392H         LINE#         273
  C:3397H         LINE#         275
  C:33A0H         LINE#         276
  C:33A7H         LINE#         277
  C:33B0H         LINE#         278
  C:33B7H         LINE#         279
  C:33C0H         LINE#         280
  C:33C7H         LINE#         281
  C:33D0H         LINE#         282
  C:33D7H         LINE#         283
  C:33E0H         LINE#         284
  C:33E7H         LINE#         285
  C:33F0H         LINE#         286
  C:33F7H         LINE#         287
  C:3400H         LINE#         288
  C:3407H         LINE#         289
  C:3410H         LINE#         290
  C:3417H         LINE#         291
  C:341CH         LINE#         292
  C:341FH         LINE#         293
  C:341FH         LINE#         294
  C:343CH         LINE#         295
  C:3445H         LINE#         296
  C:344AH         LINE#         297
  C:3453H         LINE#         298
BL51 BANKED LINKER/LOCATER V6.22.2.0                                                  04/27/2023  08:19:21  PAGE 16


  C:345AH         LINE#         299
  C:3463H         LINE#         300
  C:346AH         LINE#         301
  C:3473H         LINE#         302
  C:347AH         LINE#         303
  C:3483H         LINE#         304
  C:348AH         LINE#         305
  C:3493H         LINE#         306
  C:349AH         LINE#         307
  C:34A3H         LINE#         308
  C:34AAH         LINE#         309
  C:34B3H         LINE#         310
  C:34BAH         LINE#         311
  C:34C3H         LINE#         312
  C:34CAH         LINE#         313
  C:34CFH         LINE#         314
  C:34D2H         LINE#         315
  C:34D2H         LINE#         316
  C:34D5H         LINE#         319
  -------         ENDPROC       TEMPERATURE
  -------         PROC          ISALARMDETECTED2
  -------         DO            
  X:0476H         SYMBOL        mag_temp
  D:0004H         SYMBOL        detect
  X:0478H         SYMBOL        j
  X:047AH         SYMBOL        i
  X:047CH         SYMBOL        k
  -------         ENDDO         
  C:1BD6H         LINE#         325
  C:1BD6H         LINE#         326
  C:1BD6H         LINE#         329
  C:1BDDH         LINE#         330
  C:1BE3H         LINE#         331
  C:1BE8H         LINE#         332
  C:1C01H         LINE#         333
  C:1C01H         LINE#         334
  C:1C16H         LINE#         335
  C:1C26H         LINE#         336
  C:1C2DH         LINE#         337
  C:1C2DH         LINE#         338
  C:1C34H         LINE#         339
  C:1C34H         LINE#         340
  C:1C5EH         LINE#         341
  C:1C65H         LINE#         343
  C:1C84H         LINE#         345
  C:1CA0H         LINE#         346
  C:1CA0H         LINE#         347
  C:1CCEH         LINE#         348
  C:1CDCH         LINE#         350
  C:1CF8H         LINE#         351
  C:1CF8H         LINE#         353
  C:1D03H         LINE#         354
  C:1D0DH         LINE#         355
  C:1D0DH         LINE#         356
  C:1D15H         LINE#         357
  C:1D70H         LINE#         358
  C:1D70H         LINE#         360
BL51 BANKED LINKER/LOCATER V6.22.2.0                                                  04/27/2023  08:19:21  PAGE 17


  C:1D7CH         LINE#         361
  C:1D7CH         LINE#         362
  C:1D85H         LINE#         363
  C:1DE0H         LINE#         364
  C:1DE0H         LINE#         366
  C:1DECH         LINE#         367
  C:1DECH         LINE#         368
  C:1DF5H         LINE#         369
  C:1E50H         LINE#         370
  C:1E50H         LINE#         372
  C:1E5CH         LINE#         373
  C:1E5CH         LINE#         374
  C:1E65H         LINE#         375
  C:1EC0H         LINE#         376
  C:1EC0H         LINE#         378
  C:1EC0H         LINE#         387
  C:1EF2H         LINE#         388
  C:1EF2H         LINE#         389
  C:1F0AH         LINE#         390
  C:1F0AH         LINE#         391
  C:1F1BH         LINE#         393
  C:1F3DH         LINE#         395
  C:1F41H         LINE#         396
  C:1F48H         LINE#         397
  C:1F48H         LINE#         398
  C:1F8AH         LINE#         399
  C:1F8AH         LINE#         400
  C:1F8DH         LINE#         401
  C:1F8FH         LINE#         402
  C:1F8FH         LINE#         403
  C:1FA9H         LINE#         404
  C:1FADH         LINE#         405
  -------         ENDPROC       ISALARMDETECTED2
  -------         PROC          _GOERTZEL_MAG
  X:047EH         SYMBOL        numSamples
  X:0480H         SYMBOL        TARGET_FREQUENCY
  X:0482H         SYMBOL        SAMPLING_RATE
  -------         DO            
  D:0006H         SYMBOL        k
  X:0484H         SYMBOL        i
  X:0486H         SYMBOL        analog
  X:048AH         SYMBOL        floatnumSamples
  X:048EH         SYMBOL        omega
  X:0492H         SYMBOL        sine
  X:0496H         SYMBOL        cosine
  X:049AH         SYMBOL        coeff
  X:049EH         SYMBOL        q0
  X:04A2H         SYMBOL        q1
  X:04A6H         SYMBOL        q2
  D:0004H         SYMBOL        magnitude
  X:04AAH         SYMBOL        real
  D:0004H         SYMBOL        imag
  X:04AEH         SYMBOL        scalingFactor
  -------         ENDDO         
  C:2318H         LINE#         411
  C:232CH         LINE#         412
  C:232CH         LINE#         418
BL51 BANKED LINKER/LOCATER V6.22.2.0                                                  04/27/2023  08:19:21  PAGE 18


  C:2347H         LINE#         420
  C:2359H         LINE#         421
  C:23A9H         LINE#         422
  C:23D3H         LINE#         423
  C:23EAH         LINE#         424
  C:2401H         LINE#         425
  C:241EH         LINE#         426
  C:2428H         LINE#         427
  C:2432H         LINE#         428
  C:243CH         LINE#         430
  C:2462H         LINE#         431
  C:2462H         LINE#         432
  C:2482H         LINE#         433
  C:24C9H         LINE#         434
  C:24DBH         LINE#         435
  C:24EDH         LINE#         436
  C:24FEH         LINE#         440
  C:254DH         LINE#         441
  C:257DH         LINE#         443
  C:25B6H         LINE#         445
  C:25B6H         LINE#         446
  -------         ENDPROC       _GOERTZEL_MAG
  -------         PROC          CRYING
  -------         DO            
  X:0470H         SYMBOL        status
  X:0472H         SYMBOL        cnt
  X:0474H         SYMBOL        numSec
  -------         ENDDO         
  C:3B32H         LINE#         451
  C:3B32H         LINE#         453
  C:3B41H         LINE#         454
  C:3B48H         LINE#         455
  C:3B4FH         LINE#         459
  C:3B4FH         LINE#         460
  C:3B4FH         LINE#         461
  C:3B5AH         LINE#         462
  C:3B68H         LINE#         463
  C:3B6FH         LINE#         464
  C:3B84H         LINE#         466
  C:3B84H         LINE#         467
  C:3B8AH         LINE#         468
  C:3B8CH         LINE#         469
  C:3B8EH         LINE#         471
  C:3B9DH         LINE#         472
  C:3B9DH         LINE#         473
  C:3BA6H         LINE#         475
  C:3BABH         LINE#         476
  C:3BB4H         LINE#         477
  C:3BBBH         LINE#         478
  C:3BC4H         LINE#         479
  C:3BCBH         LINE#         480
  C:3BD4H         LINE#         481
  C:3BDBH         LINE#         482
  C:3BE4H         LINE#         483
  C:3BEBH         LINE#         484
  C:3BF4H         LINE#         485
  C:3BFBH         LINE#         486
BL51 BANKED LINKER/LOCATER V6.22.2.0                                                  04/27/2023  08:19:21  PAGE 19


  C:3C04H         LINE#         487
  C:3C0BH         LINE#         488
  C:3C14H         LINE#         489
  C:3C1BH         LINE#         490
  C:3C24H         LINE#         491
  C:3C2BH         LINE#         492
  C:3C30H         LINE#         493
  C:3C33H         LINE#         494
  C:3C3AH         LINE#         495
  C:3C45H         LINE#         496
  C:3C4CH         LINE#         497
  C:3C53H         LINE#         498
  C:3C5EH         LINE#         499
  C:3C65H         LINE#         500
  C:3C6CH         LINE#         501
  C:3C77H         LINE#         502
  C:3C7EH         LINE#         503
  C:3C85H         LINE#         504
  C:3C90H         LINE#         505
  C:3C97H         LINE#         506
  C:3C9EH         LINE#         507
  C:3CA9H         LINE#         508
  C:3CB0H         LINE#         509
  C:3CB0H         LINE#         510
  C:3CB7H         LINE#         511
  -------         ENDPROC       CRYING
  -------         PROC          MP3
  C:51F1H         LINE#         518
  C:51F1H         LINE#         519
  C:51F1H         LINE#         520
  C:51F7H         LINE#         521
  C:5202H         LINE#         522
  C:520BH         LINE#         523
  C:520EH         LINE#         525
  C:5215H         LINE#         526
  C:5220H         LINE#         527
  C:5227H         LINE#         528
  C:5230H         LINE#         529
  C:5237H         LINE#         530
  C:5242H         LINE#         531
  C:5249H         LINE#         532
  C:5252H         LINE#         533
  C:5259H         LINE#         534
  C:5264H         LINE#         535
  C:526BH         LINE#         536
  C:5274H         LINE#         537
  C:527BH         LINE#         538
  C:5286H         LINE#         539
  C:528DH         LINE#         540
  C:5296H         LINE#         541
  C:529DH         LINE#         542
  C:52A8H         LINE#         543
  C:52AFH         LINE#         544
  C:52B8H         LINE#         546
  C:52BBH         LINE#         547
  C:52BEH         LINE#         548
  -------         ENDPROC       MP3
BL51 BANKED LINKER/LOCATER V6.22.2.0                                                  04/27/2023  08:19:21  PAGE 20


  -------         ENDMOD        MAIN

  -------         MODULE        DELAY
  C:0000H         SYMBOL        _ICE_DUMMY_
  D:00B0H         PUBLIC        P3
  D:0094H         PUBLIC        TMR3
  D:0091H         PUBLIC        TMR3CN
  C:609DH         PUBLIC        _delay_ms
  C:5FC9H         PUBLIC        _delay_us
  -------         PROC          _DELAY_MS
  D:0006H         SYMBOL        ms
  C:609DH         LINE#         21
  C:609DH         LINE#         22
  C:60A1H         LINE#         23
  C:60A4H         LINE#         24
  C:60AAH         LINE#         26
  C:60ADH         LINE#         27
  C:60B2H         LINE#         28
  C:60B7H         LINE#         29
  C:60B9H         LINE#         30
  C:60BCH         LINE#         31
  -------         ENDPROC       _DELAY_MS
  -------         PROC          _DELAY_US
  D:0006H         SYMBOL        us
  C:5FC9H         LINE#         34
  C:5FC9H         LINE#         35
  C:5FC9H         LINE#         36
  C:5FCCH         LINE#         38
  C:5FE1H         LINE#         40
  C:5FE4H         LINE#         41
  C:5FE9H         LINE#         42
  C:5FECH         LINE#         43
  -------         ENDPROC       _DELAY_US
  -------         ENDMOD        DELAY

  -------         MODULE        INITSYS
  C:0000H         SYMBOL        _ICE_DUMMY_
  D:00B0H         PUBLIC        P3
  D:00A7H         PUBLIC        P3MDOUT
  D:00AEH         PUBLIC        P4MDOUT
  D:00D9H         PUBLIC        PCA0MD
  D:00E2H         PUBLIC        XBR1
  C:3CB8H         PUBLIC        initSYS
  D:00A9H         PUBLIC        CLKSEL
  D:00B2H         PUBLIC        OSCICN
  D:00B6H         PUBLIC        FLSCL
  -------         PROC          INITSYS
  -------         DO            
  X:046AH         SYMBOL        f1
  X:046BH         SYMBOL        f2
  D:0003H         SYMBOL        f3
  X:046CH         SYMBOL        i
  -------         ENDDO         
  C:3CB8H         LINE#         8
  C:3CB8H         LINE#         9
  C:3CB8H         LINE#         10
  C:3CBDH         LINE#         12
BL51 BANKED LINKER/LOCATER V6.22.2.0                                                  04/27/2023  08:19:21  PAGE 21


  C:3CC0H         LINE#         13
  C:3CC2H         LINE#         32
  C:3CC5H         LINE#         33
  C:3CC8H         LINE#         34
  C:3CD0H         LINE#         39
  C:3CD3H         LINE#         40
  C:3CD6H         LINE#         41
  C:3CD9H         LINE#         43
  C:3CE0H         LINE#         48
  C:3CEEH         LINE#         49
  C:3CFCH         LINE#         50
  C:3D07H         LINE#         52
  C:3D1AH         LINE#         53
  C:3D27H         LINE#         55
  C:3D38H         LINE#         56
  C:3D3CH         LINE#         58
  C:3D4AH         LINE#         59
  C:3D58H         LINE#         60
  C:3D63H         LINE#         62
  C:3D76H         LINE#         63
  C:3D83H         LINE#         65
  C:3D94H         LINE#         66
  C:3D98H         LINE#         68
  C:3DA6H         LINE#         69
  C:3DB4H         LINE#         70
  C:3DBFH         LINE#         73
  C:3DD2H         LINE#         74
  C:3DDFH         LINE#         76
  C:3DF0H         LINE#         77
  C:3DF4H         LINE#         79
  C:3DFAH         LINE#         80
  C:3DFDH         LINE#         81
  C:3E06H         LINE#         82
  C:3E08H         LINE#         83
  C:3E08H         LINE#         88
  C:3E21H         LINE#         89
  C:3E24H         LINE#         91
  C:3E27H         LINE#         93
  C:3E2AH         LINE#         94
  -------         ENDPROC       INITSYS
  -------         ENDMOD        INITSYS

  -------         MODULE        LCD
  C:0000H         SYMBOL        _ICE_DUMMY_
  D:00B0H         PUBLIC        P3
  D:00C7H         PUBLIC        P4
  C:6170H         PUBLIC        _LCD_setCursor
  C:319DH         PUBLIC        _PutChar5_7
  C:6188H         PUBLIC        _WriteData
  C:3E2BH         PUBLIC        _LCD_DrawBitmap24
  C:44BDH         PUBLIC        _LCD_DrawBitmap16
  C:623AH         PUBLIC        SetTarget
  C:5F54H         PUBLIC        _LCD_printC
  C:60DBH         PUBLIC        _LCD_printHebC
  C:1FBCH         PUBLIC        font
  C:3818H         PUBLIC        LCD_begin
  C:288DH         PUBLIC        _PutChar5_7_2color
BL51 BANKED LINKER/LOCATER V6.22.2.0                                                  04/27/2023  08:19:21  PAGE 22


  C:4233H         PUBLIC        _LCD_println
  C:57F0H         PUBLIC        _LCD_fillScreen
  B:0021H.1       PUBLIC        PutcharTarget
  C:620CH         PUBLIC        _LCD_setTextSize
  C:5909H         PUBLIC        _LCD_printCenter
  B:0098H.1       PUBLIC        TI0
  C:5ED2H         PUBLIC        _LCD_printHebln
  C:6203H         PUBLIC        _WriteCommand
  X:0540H         PUBLIC        LCD
  C:5E37H         PUBLIC        LCD_SetParam
  C:6225H         PUBLIC        LCD_WriteRAM_Prepare
  C:5B05H         PUBLIC        _LCD_setRotation
  B:00B0H.3       PUBLIC        LCD_RS
  C:5B65H         PUBLIC        _LCD_printNumB
  C:6058H         PUBLIC        _LCD_printNumC
  C:5EA2H         PUBLIC        _LCD_print2C
  C:598CH         PUBLIC        _LCD_printHebCenter
  B:00B0H.4       PUBLIC        LCD_WR
  C:5FEDH         PUBLIC        _LCD_printNumF
  C:6191H         PUBLIC        _LCD_setText1Color
  C:5FA3H         PUBLIC        _LCD_printNumH
  C:6086H         PUBLIC        _LCD_setText2Color
  C:5F7DH         PUBLIC        _LCD_printNumI
  D:0099H         PUBLIC        SBUF0
  C:4857H         PUBLIC        _LCD_write
  C:56CFH         PUBLIC        _Byte2Bin
  C:4F5CH         PUBLIC        _LCD_print
  C:5CA8H         PUBLIC        _LCD_drawPixel
  C:6137H         PUBLIC        _LCD_printHeb2C
  C:615FH         PUBLIC        _WriteData16
  C:40E6H         PUBLIC        _LCD_printHeb
  C:563CH         PUBLIC        _Int2Bin
  C:60BDH         PUBLIC        _putchar
  C:5C5DH         PUBLIC        _LCD_setAddrWindow
  C:6184H         SYMBOL        L?0207
  -------         PROC          L?0206
  -------         ENDPROC       L?0206
  C:6184H         SYMBOL        L?0207
  -------         PROC          _WRITEDATA
  D:0007H         SYMBOL        Data
  C:6188H         LINE#         20
  C:6188H         LINE#         21
  C:618AH         LINE#         22
  C:618CH         LINE#         23
  C:618EH         LINE#         24
  C:6190H         LINE#         25
  -------         ENDPROC       _WRITEDATA
  -------         PROC          _WRITECOMMAND
  D:0007H         SYMBOL        Reg
  C:6203H         LINE#         27
  C:6203H         LINE#         28
  C:6205H         LINE#         29
  C:6207H         LINE#         30
  C:6209H         LINE#         31
  C:620BH         LINE#         32
  -------         ENDPROC       _WRITECOMMAND
  -------         PROC          _WRITEDATA16
BL51 BANKED LINKER/LOCATER V6.22.2.0                                                  04/27/2023  08:19:21  PAGE 23


  D:0007H         SYMBOL        DH
  D:0005H         SYMBOL        DL
  C:615FH         LINE#         34
  C:615FH         LINE#         35
  C:6161H         LINE#         36
  C:6163H         LINE#         37
  C:6165H         LINE#         38
  C:6167H         LINE#         39
  C:616BH         LINE#         40
  C:616DH         LINE#         41
  C:616FH         LINE#         42
  -------         ENDPROC       _WRITEDATA16
  -------         PROC          LCD_WRITERAM_PREPARE
  C:6225H         LINE#         45
  C:6225H         LINE#         46
  -------         ENDPROC       LCD_WRITERAM_PREPARE
  -------         PROC          LCD_BEGIN
  C:3818H         LINE#         50
  C:3818H         LINE#         52
  C:381DH         LINE#         53
  C:3822H         LINE#         54
  C:3826H         LINE#         55
  C:382AH         LINE#         56
  C:382EH         LINE#         58
  C:3833H         LINE#         59
  C:3834H         LINE#         60
  C:3837H         LINE#         61
  C:383CH         LINE#         62
  C:383FH         LINE#         63
  C:3843H         LINE#         64
  C:3846H         LINE#         65
  C:3846H         LINE#         66
  C:3849H         LINE#         67
  C:384CH         LINE#         68
  C:384FH         LINE#         69
  C:3854H         LINE#         70
  C:3857H         LINE#         71
  C:385CH         LINE#         72
  C:3861H         LINE#         73
  C:3865H         LINE#         75
  C:386AH         LINE#         76
  C:386EH         LINE#         78
  C:3873H         LINE#         79
  C:3878H         LINE#         80
  C:387DH         LINE#         81
  C:3881H         LINE#         82
  C:3886H         LINE#         83
  C:388BH         LINE#         85
  C:3890H         LINE#         86
  C:3895H         LINE#         88
  C:389AH         LINE#         89
  C:389EH         LINE#         90
  C:38A3H         LINE#         91
  C:38A8H         LINE#         92
  C:38ADH         LINE#         93
  C:38B2H         LINE#         94
  C:38B6H         LINE#         95
BL51 BANKED LINKER/LOCATER V6.22.2.0                                                  04/27/2023  08:19:21  PAGE 24


  C:38BBH         LINE#         96
  C:38C0H         LINE#         97
  C:38C5H         LINE#         98
  C:38CAH         LINE#         99
  C:38CEH         LINE#         100
  C:38D3H         LINE#         102
  C:38D8H         LINE#         103
  C:38DDH         LINE#         104
  C:38E2H         LINE#         105
  C:38E7H         LINE#         107
  C:38ECH         LINE#         108
  C:38F1H         LINE#         109
  C:38F6H         LINE#         111
  C:38FBH         LINE#         112
  C:3900H         LINE#         113
  C:3905H         LINE#         115
  C:390AH         LINE#         116
  C:390FH         LINE#         117
  C:3914H         LINE#         119
  C:3919H         LINE#         120
  C:391EH         LINE#         121
  C:3923H         LINE#         123
  C:3928H         LINE#         124
  C:392CH         LINE#         126
  C:3931H         LINE#         127
  C:3936H         LINE#         129
  C:393BH         LINE#         130
  C:3940H         LINE#         132
  C:3945H         LINE#         133
  C:394AH         LINE#         135
  C:394CH         LINE#         136
  C:394CH         LINE#         137
  C:394FH         LINE#         138
  C:3953H         LINE#         139
  C:3958H         LINE#         141
  C:395AH         LINE#         142
  C:395AH         LINE#         143
  C:395DH         LINE#         144
  C:3961H         LINE#         145
  C:3966H         LINE#         146
  C:396CH         LINE#         148
  C:3971H         LINE#         149
  C:3978H         LINE#         151
  C:397DH         LINE#         152
  C:3982H         LINE#         154
  C:3987H         LINE#         249
  C:398DH         LINE#         251
  C:3990H         LINE#         252
  C:3995H         LINE#         253
  C:399BH         LINE#         254
  C:39A0H         LINE#         255
  -------         ENDPROC       LCD_BEGIN
  -------         PROC          LCD_SETPARAM
  C:5E37H         LINE#         258
  C:5E37H         LINE#         259
  C:5E3DH         LINE#         260
  C:5E40H         LINE#         261
BL51 BANKED LINKER/LOCATER V6.22.2.0                                                  04/27/2023  08:19:21  PAGE 25


  C:5E45H         LINE#         262
  C:5E4EH         LINE#         263
  C:5E56H         LINE#         264
  C:5E5CH         LINE#         265
  C:5E63H         LINE#         266
  C:5E69H         LINE#         267
  C:5E6DH         LINE#         268
  -------         ENDPROC       LCD_SETPARAM
  -------         PROC          _LCD_SETADDRWINDOW
  X:04CAH         SYMBOL        xStar
  D:0004H         SYMBOL        yStar
  D:0002H         SYMBOL        xEnd
  X:04D0H         SYMBOL        yEnd
  C:5C5DH         LINE#         271
  C:5C65H         LINE#         272
  C:5C6DH         LINE#         273
  C:5C75H         LINE#         274
  C:5C7BH         LINE#         275
  C:5C80H         LINE#         276
  C:5C85H         LINE#         278
  C:5C8DH         LINE#         279
  C:5C92H         LINE#         280
  C:5C97H         LINE#         281
  C:5C9FH         LINE#         282
  C:5CA5H         LINE#         284
  -------         ENDPROC       _LCD_SETADDRWINDOW
  -------         PROC          _LCD_FILLSCREEN
  X:047EH         SYMBOL        Color
  -------         DO            
  D:0006H         SYMBOL        i
  D:0004H         SYMBOL        j
  X:0480H         SYMBOL        DH
  D:0001H         SYMBOL        DL
  -------         ENDDO         
  C:57F0H         LINE#         288
  C:57F8H         LINE#         291
  C:5822H         LINE#         293
  C:5824H         LINE#         294
  C:582FH         LINE#         295
  C:5833H         LINE#         297
  C:5848H         LINE#         298
  C:5848H         LINE#         299
  C:585EH         LINE#         300
  C:585EH         LINE#         301
  C:5864H         LINE#         302
  C:5866H         LINE#         303
  C:5868H         LINE#         305
  C:586AH         LINE#         307
  C:586CH         LINE#         308
  C:586EH         LINE#         310
  C:5875H         LINE#         311
  C:587CH         LINE#         312
  -------         ENDPROC       _LCD_FILLSCREEN
  -------         PROC          _LCD_DRAWPIXEL
  X:04C4H         SYMBOL        x
  X:04C6H         SYMBOL        y
  X:04C8H         SYMBOL        Color
BL51 BANKED LINKER/LOCATER V6.22.2.0                                                  04/27/2023  08:19:21  PAGE 26


  C:5CA8H         LINE#         315
  C:5CBCH         LINE#         316
  C:5CE3H         LINE#         317
  -------         ENDPROC       _LCD_DRAWPIXEL
  -------         PROC          _LCD_SETROTATION
  D:0007H         SYMBOL        Direction
  C:5B05H         LINE#         329
  C:5B05H         LINE#         331
  C:5B0CH         LINE#         332
  C:5B19H         LINE#         333
  C:5B19H         LINE#         334
  C:5B1EH         LINE#         335
  C:5B20H         LINE#         336
  C:5B20H         LINE#         337
  C:5B20H         LINE#         338
  C:5B22H         LINE#         339
  C:5B22H         LINE#         340
  C:5B27H         LINE#         341
  C:5B29H         LINE#         342
  C:5B29H         LINE#         343
  C:5B29H         LINE#         344
  C:5B2BH         LINE#         345
  C:5B2BH         LINE#         346
  C:5B30H         LINE#         347
  C:5B35H         LINE#         348
  C:5B3FH         LINE#         349
  C:5B47H         LINE#         350
  C:5B48H         LINE#         351
  C:5B48H         LINE#         352
  C:5B4DH         LINE#         353
  C:5B52H         LINE#         354
  C:5B5CH         LINE#         355
  C:5B64H         LINE#         356
  C:5B64H         LINE#         357
  C:5B64H         LINE#         358
  -------         ENDPROC       _LCD_SETROTATION
  C:3176H         SYMBOL        L?0205
  -------         PROC          L?0204
  -------         ENDPROC       L?0204
  C:3176H         SYMBOL        L?0205
  -------         PROC          _PUTCHAR5_7
  X:04B0H         SYMBOL        x
  X:04B2H         SYMBOL        y
  D:0001H         SYMBOL        c
  X:04B5H         SYMBOL        Size
  X:04B7H         SYMBOL        Color
  -------         DO            
  X:04B9H         SYMBOL        i
  X:04BBH         SYMBOL        j
  X:04BDH         SYMBOL        k
  X:04BFH         SYMBOL        n
  X:04C1H         SYMBOL        out_line
  -------         ENDDO         
  C:319DH         LINE#         361
  C:31ADH         LINE#         364
  C:31BBH         LINE#         365
  C:31C2H         LINE#         366
BL51 BANKED LINKER/LOCATER V6.22.2.0                                                  04/27/2023  08:19:21  PAGE 27


  C:31C2H         LINE#         367
  C:31E7H         LINE#         368
  C:31E7H         LINE#         370
  C:320EH         LINE#         372
  C:322BH         LINE#         373
  C:322BH         LINE#         374
  C:323FH         LINE#         375
  C:323FH         LINE#         376
  C:3264H         LINE#         377
  C:32E2H         LINE#         378
  C:32E2H         LINE#         379
  C:32F6H         LINE#         380
  C:330AH         LINE#         381
  C:332CH         LINE#         382
  -------         ENDPROC       _PUTCHAR5_7
  C:2858H         SYMBOL        L?0203
  -------         PROC          L?0202
  -------         ENDPROC       L?0202
  C:2858H         SYMBOL        L?0203
  -------         PROC          _PUTCHAR5_7_2COLOR
  X:04B0H         SYMBOL        x
  X:04B2H         SYMBOL        y
  D:0001H         SYMBOL        c
  X:04B5H         SYMBOL        Size
  X:04B7H         SYMBOL        fColor
  X:04B9H         SYMBOL        bColor
  -------         DO            
  X:04BBH         SYMBOL        i
  X:04BDH         SYMBOL        j
  X:04BFH         SYMBOL        k
  X:04C1H         SYMBOL        n
  X:04C3H         SYMBOL        out_line
  -------         ENDDO         
  C:288DH         LINE#         384
  C:289DH         LINE#         387
  C:28ABH         LINE#         389
  C:28B2H         LINE#         390
  C:28B2H         LINE#         392
  C:28D7H         LINE#         393
  C:28D7H         LINE#         394
  C:28E6H         LINE#         395
  C:2905H         LINE#         397
  C:2922H         LINE#         398
  C:2922H         LINE#         399
  C:2936H         LINE#         400
  C:2936H         LINE#         401
  C:295BH         LINE#         402
  C:29D9H         LINE#         403
  C:29D9H         LINE#         405
  C:29D9H         LINE#         406
  C:29FEH         LINE#         407
  C:2A7CH         LINE#         408
  C:2A7CH         LINE#         409
  C:2A8DH         LINE#         410
  C:2A9EH         LINE#         411
  C:2AC0H         LINE#         413
  -------         ENDPROC       _PUTCHAR5_7_2COLOR
BL51 BANKED LINKER/LOCATER V6.22.2.0                                                  04/27/2023  08:19:21  PAGE 28


  -------         PROC          _LCD_SETCURSOR
  D:0006H         SYMBOL        x
  D:0004H         SYMBOL        y
  C:6170H         LINE#         415
  C:6170H         LINE#         416
  C:6178H         LINE#         417
  C:6180H         LINE#         418
  -------         ENDPROC       _LCD_SETCURSOR
  -------         PROC          _LCD_SETTEXT1COLOR
  D:0006H         SYMBOL        Color
  C:6191H         LINE#         420
  C:6191H         LINE#         421
  C:6196H         LINE#         422
  C:619EH         LINE#         423
  -------         ENDPROC       _LCD_SETTEXT1COLOR
  -------         PROC          L?0208
  -------         ENDPROC       L?0208
  -------         PROC          _LCD_SETTEXT2COLOR
  D:0006H         SYMBOL        fColor
  D:0004H         SYMBOL        bColor
  C:6086H         LINE#         425
  C:6086H         LINE#         426
  C:608CH         LINE#         427
  C:6094H         LINE#         428
  C:609CH         LINE#         429
  -------         ENDPROC       _LCD_SETTEXT2COLOR
  -------         PROC          _LCD_SETTEXTSIZE
  D:0007H         SYMBOL        fontSize
  C:620CH         LINE#         431
  C:620CH         LINE#         432
  C:6214H         LINE#         433
  -------         ENDPROC       _LCD_SETTEXTSIZE
  -------         PROC          _LCD_PRINT
  X:0497H         SYMBOL        s
  C:4F5CH         LINE#         435
  C:4F67H         LINE#         436
  C:4F7BH         LINE#         438
  C:4F84H         LINE#         439
  C:4F89H         LINE#         441
  C:4F93H         LINE#         443
  C:4F9DH         LINE#         444
  C:4FE1H         LINE#         445
  C:4FE1H         LINE#         446
  C:4FE8H         LINE#         447
  C:5039H         LINE#         448
  C:5040H         LINE#         449
  C:5040H         LINE#         450
  C:5043H         LINE#         451
  -------         ENDPROC       _LCD_PRINT
  -------         PROC          _LCD_PRINTLN
  X:062EH         SYMBOL        s
  C:4233H         LINE#         453
  C:423EH         LINE#         454
  C:4252H         LINE#         455
  C:4252H         LINE#         456
  C:425BH         LINE#         457
  C:4260H         LINE#         459
BL51 BANKED LINKER/LOCATER V6.22.2.0                                                  04/27/2023  08:19:21  PAGE 29


  C:426AH         LINE#         461
  C:4274H         LINE#         462
  C:42B8H         LINE#         463
  C:42B8H         LINE#         464
  C:42BFH         LINE#         465
  C:4310H         LINE#         466
  C:4317H         LINE#         467
  C:4317H         LINE#         468
  C:4317H         LINE#         469
  C:431AH         LINE#         470
  C:4321H         LINE#         471
  C:4370H         LINE#         472
  C:4377H         LINE#         473
  -------         ENDPROC       _LCD_PRINTLN
  -------         PROC          _LCD_PRINTC
  X:048DH         SYMBOL        x
  D:0004H         SYMBOL        y
  D:0001H         SYMBOL        s
  X:0494H         SYMBOL        fontSize
  X:0495H         SYMBOL        Color
  C:5F54H         LINE#         476
  C:5F5CH         LINE#         477
  C:5F67H         LINE#         478
  C:5F6FH         LINE#         479
  C:5F7AH         LINE#         480
  -------         ENDPROC       _LCD_PRINTC
  -------         PROC          _LCD_PRINT2C
  X:0476H         SYMBOL        x
  X:0478H         SYMBOL        y
  D:0001H         SYMBOL        s
  X:047DH         SYMBOL        fontSize
  X:047EH         SYMBOL        fColor
  X:0480H         SYMBOL        bColor
  C:5EA2H         LINE#         485
  C:5EB0H         LINE#         486
  C:5EB6H         LINE#         487
  C:5EBEH         LINE#         488
  C:5ECFH         LINE#         489
  -------         ENDPROC       _LCD_PRINT2C
  -------         PROC          _LCD_PRINTCENTER
  X:059FH         SYMBOL        x
  X:05A1H         SYMBOL        y
  X:05A3H         SYMBOL        str
  X:05A6H         SYMBOL        fontSize
  X:05A7H         SYMBOL        fColor
  X:05A9H         SYMBOL        bColor
  -------         DO            
  D:0006H         SYMBOL        len
  D:0006H         SYMBOL        x1
  -------         ENDDO         
  C:5909H         LINE#         496
  C:5920H         LINE#         497
  C:5923H         LINE#         498
  C:5944H         LINE#         499
  -------         ENDPROC       _LCD_PRINTCENTER
  -------         PROC          _LCD_PRINTHEB
  X:060EH         SYMBOL        str
BL51 BANKED LINKER/LOCATER V6.22.2.0                                                  04/27/2023  08:19:21  PAGE 30


  -------         DO            
  X:0611H         SYMBOL        i
  X:0613H         SYMBOL        temp
  -------         ENDDO         
  C:40E6H         LINE#         504
  C:40F1H         LINE#         508
  C:411FH         LINE#         509
  C:412DH         LINE#         511
  C:413BH         LINE#         512
  C:415AH         LINE#         513
  C:4168H         LINE#         514
  C:4168H         LINE#         515
  C:4171H         LINE#         516
  C:4180H         LINE#         518
  C:418CH         LINE#         521
  C:41D0H         LINE#         522
  C:41D0H         LINE#         523
  C:41D7H         LINE#         524
  C:4228H         LINE#         525
  C:422FH         LINE#         526
  C:422FH         LINE#         527
  C:422FH         LINE#         528
  C:4232H         LINE#         529
  -------         ENDPROC       _LCD_PRINTHEB
  -------         PROC          _LCD_PRINTHEBLN
  D:0001H         SYMBOL        str
  C:5ED2H         LINE#         531
  C:5ED2H         LINE#         532
  C:5ED5H         LINE#         533
  C:5EDCH         LINE#         534
  C:5EFEH         LINE#         535
  -------         ENDPROC       _LCD_PRINTHEBLN
  -------         PROC          _LCD_PRINTHEBC
  D:0006H         SYMBOL        x
  D:0004H         SYMBOL        y
  D:0001H         SYMBOL        str
  X:05CAH         SYMBOL        fontSize
  X:05CBH         SYMBOL        fColor
  C:60DBH         LINE#         538
  C:60DBH         LINE#         539
  C:60DEH         LINE#         540
  C:60E6H         LINE#         541
  C:60F1H         LINE#         542
  -------         ENDPROC       _LCD_PRINTHEBC
  -------         PROC          _LCD_PRINTHEB2C
  D:0006H         SYMBOL        x
  D:0004H         SYMBOL        y
  D:0001H         SYMBOL        str
  X:05B2H         SYMBOL        fontSize
  X:05B3H         SYMBOL        fColor
  X:05B5H         SYMBOL        bColor
  C:6137H         LINE#         545
  C:6137H         LINE#         546
  C:613AH         LINE#         547
  C:6142H         LINE#         548
  C:6148H         LINE#         549
  -------         ENDPROC       _LCD_PRINTHEB2C
BL51 BANKED LINKER/LOCATER V6.22.2.0                                                  04/27/2023  08:19:21  PAGE 31


  -------         PROC          _LCD_PRINTHEBCENTER
  X:05B7H         SYMBOL        x
  X:05B9H         SYMBOL        y
  X:05BBH         SYMBOL        str
  X:05BEH         SYMBOL        fontSize
  X:05BFH         SYMBOL        fColor
  X:05C1H         SYMBOL        bColor
  -------         DO            
  D:0006H         SYMBOL        len
  D:0006H         SYMBOL        x1
  -------         ENDDO         
  C:598CH         LINE#         552
  C:59A3H         LINE#         553
  C:59A6H         LINE#         554
  C:59C7H         LINE#         555
  -------         ENDPROC       _LCD_PRINTHEBCENTER
  -------         PROC          _LCD_DRAWBITMAP16
  X:0574H         SYMBOL        x
  X:0576H         SYMBOL        y
  X:0578H         SYMBOL        pic
  -------         DO            
  X:057BH         SYMBOL        k
  X:057DH         SYMBOL        i
  D:0004H         SYMBOL        j
  X:057FH         SYMBOL        SizeX
  X:0581H         SYMBOL        SizeY
  -------         ENDDO         
  C:44BDH         LINE#         559
  C:44D4H         LINE#         560
  C:44D9H         LINE#         562
  C:44FFH         LINE#         563
  C:4518H         LINE#         565
  C:4566H         LINE#         566
  C:4568H         LINE#         567
  C:458AH         LINE#         568
  C:45A0H         LINE#         569
  C:45A0H         LINE#         571
  C:45C4H         LINE#         572
  C:45C6H         LINE#         573
  C:45C8H         LINE#         575
  C:45D0H         LINE#         576
  C:45D2H         LINE#         577
  C:45D4H         LINE#         579
  C:45E2H         LINE#         580
  C:45FAH         LINE#         581
  -------         ENDPROC       _LCD_DRAWBITMAP16
  -------         PROC          _LCD_DRAWBITMAP24
  X:0553H         SYMBOL        x
  X:0555H         SYMBOL        y
  X:0557H         SYMBOL        pic
  -------         DO            
  X:055AH         SYMBOL        k
  X:055CH         SYMBOL        i
  X:055EH         SYMBOL        j
  X:0560H         SYMBOL        SizeX
  X:0562H         SYMBOL        SizeY
  -------         ENDDO         
BL51 BANKED LINKER/LOCATER V6.22.2.0                                                  04/27/2023  08:19:21  PAGE 32


  C:3E2BH         LINE#         584
  C:3E42H         LINE#         585
  C:3E47H         LINE#         587
  C:3E6DH         LINE#         588
  C:3E86H         LINE#         590
  C:3ED4H         LINE#         591
  C:3ED6H         LINE#         592
  C:3EFBH         LINE#         593
  C:3F1DH         LINE#         594
  C:3F1DH         LINE#         596
  C:3F43H         LINE#         597
  C:3F45H         LINE#         598
  C:3F47H         LINE#         600
  C:3F4FH         LINE#         601
  C:3F51H         LINE#         602
  C:3F53H         LINE#         604
  C:3F5BH         LINE#         605
  C:3F5DH         LINE#         606
  C:3F5FH         LINE#         608
  C:3F6DH         LINE#         609
  C:3F8EH         LINE#         610
  -------         ENDPROC       _LCD_DRAWBITMAP24
  -------         PROC          _LCD_PRINTNUMF
  D:0004H         SYMBOL        num
  -------         DO            
  X:052CH         SYMBOL        str
  -------         ENDDO         
  C:5FEDH         LINE#         616
  C:5FEDH         LINE#         618
  C:6008H         LINE#         619
  -------         ENDPROC       _LCD_PRINTNUMF
  -------         PROC          _LCD_PRINTNUMI
  D:0006H         SYMBOL        num
  -------         DO            
  X:05CDH         SYMBOL        str
  -------         ENDDO         
  C:5F7DH         LINE#         622
  C:5F7DH         LINE#         624
  C:5F9AH         LINE#         625
  -------         ENDPROC       _LCD_PRINTNUMI
  -------         PROC          _LCD_PRINTNUMC
  D:0007H         SYMBOL        num
  -------         DO            
  X:0620H         SYMBOL        str
  -------         ENDDO         
  C:6058H         LINE#         628
  C:6058H         LINE#         630
  C:6072H         LINE#         631
  -------         ENDPROC       _LCD_PRINTNUMC
  -------         PROC          _LCD_PRINTNUMH
  D:0006H         SYMBOL        num
  -------         DO            
  X:0625H         SYMBOL        str
  -------         ENDDO         
  C:5FA3H         LINE#         634
  C:5FA3H         LINE#         636
  C:5FC0H         LINE#         637
BL51 BANKED LINKER/LOCATER V6.22.2.0                                                  04/27/2023  08:19:21  PAGE 33


  -------         ENDPROC       _LCD_PRINTNUMH
  -------         PROC          _LCD_PRINTNUMB
  D:0001H         SYMBOL        num
  -------         DO            
  X:05D7H         SYMBOL        str
  D:0004H         SYMBOL        i
  -------         ENDDO         
  C:5B65H         LINE#         640
  C:5B67H         LINE#         643
  C:5B6AH         LINE#         644
  C:5B6AH         LINE#         645
  C:5BA7H         LINE#         646
  C:5BB2H         LINE#         647
  C:5BB7H         LINE#         649
  -------         ENDPROC       _LCD_PRINTNUMB
  -------         PROC          _INT2BIN
  X:0607H         SYMBOL        num
  X:0609H         SYMBOL        str
  -------         DO            
  X:060CH         SYMBOL        i
  -------         ENDDO         
  C:563CH         LINE#         652
  C:564DH         LINE#         654
  C:5664H         LINE#         655
  C:5664H         LINE#         656
  C:56ADH         LINE#         657
  C:56BDH         LINE#         658
  -------         ENDPROC       _INT2BIN
  -------         PROC          _BYTE2BIN
[...]


  -------         ENDDO         
  C:6011H         LINE#         328
  C:6011H         LINE#         330
  C:6014H         LINE#         331
  C:6034H         LINE#         332
  -------         ENDPROC       LCD_CLEARBUTTON
  -------         ENDMOD        SHAPE

  -------         MODULE        TOUCH
  C:0000H         SYMBOL        _ICE_DUMMY_
  D:00B0H         PUBLIC        P3
  C:5DFBH         PUBLIC        ReadFromCharFrom7843
  B:00B0H.0       PUBLIC        T_CLK
  B:00B0H.1       PUBLIC        T_DIN
  C:2F4EH         PUBLIC        TouchCal
  B:00D0H.7       PUBLIC        CY
  C:61D0H         PUBLIC        _ADS_Read_AD
  B:00B0H.6       PUBLIC        T_IRQ
  X:05FFH         PUBLIC        x1
  X:0601H         PUBLIC        y1
  X:0603H         PUBLIC        x2
  C:5E6EH         PUBLIC        _WriteCharTo7843
  X:0605H         PUBLIC        y2
  C:5EFFH         PUBLIC        _TouchSet
  C:5140H         PUBLIC        _map
  B:00B0H.2       PUBLIC        T_DO
  B:00B0H.7       PUBLIC        T_CS
  C:4B83H         PUBLIC        ReadX
  C:4C7EH         PUBLIC        ReadY
  C:538CH         PUBLIC        ReadTouchX
  C:5044H         PUBLIC        ReadTouchY
  -------         PROC          L?0056
  -------         ENDPROC       L?0056
  -------         PROC          _MAP
  X:046CH         SYMBOL        _in
  X:046EH         SYMBOL        _in1
  X:0470H         SYMBOL        _in2
  X:0472H         SYMBOL        _out1
  X:0474H         SYMBOL        _out2
  -------         DO            
  X:0476H         SYMBOL        _out
  -------         ENDDO         
  C:5140H         LINE#         24
  C:5154H         LINE#         26
  C:5191H         LINE#         27
  C:51E6H         LINE#         28
  C:51F0H         LINE#         29
  -------         ENDPROC       _MAP
  -------         PROC          _WRITECHARTO7843
  D:0007H         SYMBOL        num
  -------         DO            
  D:0006H         SYMBOL        count
  -------         ENDDO         
  C:5E6EH         LINE#         32
  C:5E6EH         LINE#         33
  C:5E70H         LINE#         34
  C:5E72H         LINE#         35
BL51 BANKED LINKER/LOCATER V6.22.2.0                                                  04/27/2023  08:19:21  PAGE 43


  C:5E7CH         LINE#         36
  C:5E7CH         LINE#         37
  C:5E80H         LINE#         38
  C:5E82H         LINE#         39
  C:5E84H         LINE#         40
  C:5E90H         LINE#         41
  C:5E92H         LINE#         42
  C:5E9EH         LINE#         43
  C:5EA1H         LINE#         44
  -------         ENDPROC       _WRITECHARTO7843
  -------         PROC          READFROMCHARFROM7843
  -------         DO            
  D:0005H         SYMBOL        count
  D:0006H         SYMBOL        Num
  -------         ENDDO         
  C:5DFBH         LINE#         47
  C:5DFBH         LINE#         48
  C:5DFDH         LINE#         49
  C:5DFFH         LINE#         50
  C:5E09H         LINE#         51
  C:5E10H         LINE#         52
  C:5E12H         LINE#         53
  C:5E1EH         LINE#         54
  C:5E20H         LINE#         55
  C:5E2CH         LINE#         56
  C:5E2FH         LINE#         57
  C:5E2FH         LINE#         58
  C:5E33H         LINE#         59
  C:5E33H         LINE#         60
  C:5E36H         LINE#         61
  C:5E36H         LINE#         62
  -------         ENDPROC       READFROMCHARFROM7843
  -------         PROC          _ADS_READ_AD
  D:0007H         SYMBOL        CMD
  -------         DO            
  D:0006H         SYMBOL        l
  -------         ENDDO         
  C:61D0H         LINE#         64
  C:61D0H         LINE#         66
  C:61D2H         LINE#         67
  C:61D5H         LINE#         72
  C:61D8H         LINE#         74
  C:61DAH         LINE#         75
  C:61DAH         LINE#         76
  -------         ENDPROC       _ADS_READ_AD
  -------         PROC          READX
  -------         DO            
  X:046CH         SYMBOL        x
  X:046EH         SYMBOL        xr
  -------         ENDDO         
  C:4B83H         LINE#         78
  C:4B83H         LINE#         79
  C:4B8AH         LINE#         82
  C:4B8AH         LINE#         83
  C:4B97H         LINE#         84
  C:4B9EH         LINE#         85
  C:4BABH         LINE#         86
BL51 BANKED LINKER/LOCATER V6.22.2.0                                                  04/27/2023  08:19:21  PAGE 44


  C:4BB2H         LINE#         87
  C:4BBFH         LINE#         88
  C:4BC6H         LINE#         89
  C:4BD3H         LINE#         91
  C:4C42H         LINE#         92
  C:4C42H         LINE#         93
  C:4C7DH         LINE#         94
  C:4C7DH         LINE#         95
  -------         ENDPROC       READX
  -------         PROC          READY
  -------         DO            
  X:046CH         SYMBOL        yr
  X:0474H         SYMBOL        y
  -------         ENDDO         
  C:4C7EH         LINE#         97
  C:4C7EH         LINE#         99
  C:4C85H         LINE#         101
  C:4C85H         LINE#         102
  C:4C92H         LINE#         103
  C:4C99H         LINE#         104
  C:4CA6H         LINE#         105
  C:4CADH         LINE#         106
  C:4CBAH         LINE#         107
  C:4CC1H         LINE#         108
  C:4CCEH         LINE#         110
  C:4D3DH         LINE#         111
  C:4D3DH         LINE#         112
  C:4D78H         LINE#         114
  C:4D78H         LINE#         115
  -------         ENDPROC       READY
  -------         PROC          READTOUCHX
  -------         DO            
  D:0006H         SYMBOL        _x
  -------         ENDDO         
  C:538CH         LINE#         118
  C:538CH         LINE#         119
  C:538FH         LINE#         121
  C:5397H         LINE#         122
  C:53BDH         LINE#         124
  C:53C5H         LINE#         125
  C:53D0H         LINE#         127
  C:53D8H         LINE#         128
  C:540AH         LINE#         131
  C:5431H         LINE#         133
  C:544FH         LINE#         134
  C:5450H         LINE#         136
  C:5454H         LINE#         137
  -------         ENDPROC       READTOUCHX
  -------         PROC          READTOUCHY
  -------         DO            
  X:046AH         SYMBOL        _y
  -------         ENDDO         
  C:5044H         LINE#         139
  C:5044H         LINE#         142
  C:504CH         LINE#         143
  C:5078H         LINE#         145
  C:5080H         LINE#         146
BL51 BANKED LINKER/LOCATER V6.22.2.0                                                  04/27/2023  08:19:21  PAGE 45


  C:50A5H         LINE#         148
  C:50ADH         LINE#         149
  C:50C4H         LINE#         151
  C:50F3H         LINE#         153
  C:5119H         LINE#         154
  C:511AH         LINE#         156
  C:511EH         LINE#         157
  -------         ENDPROC       READTOUCHY
  -------         PROC          TOUCHCAL
  -------         DO            
  X:050EH         SYMBOL        str
  -------         ENDDO         
  C:2F4EH         LINE#         159
  C:2F4EH         LINE#         162
  C:2F53H         LINE#         163
  C:2F59H         LINE#         164
  C:2F63H         LINE#         165
  C:2F68H         LINE#         166
  C:2F73H         LINE#         167
  C:2F7CH         LINE#         169
  C:2F7FH         LINE#         170
  C:2F86H         LINE#         172
  C:2F9DH         LINE#         173
  C:2FB4H         LINE#         174
  C:2FCBH         LINE#         176
  C:2FCEH         LINE#         177
  C:2FD5H         LINE#         179
  C:2FE0H         LINE#         180
  C:2FEBH         LINE#         182
  C:2FEEH         LINE#         183
  C:3001H         LINE#         184
  C:3008H         LINE#         186
  C:3033H         LINE#         187
  C:305EH         LINE#         188
  C:3089H         LINE#         190
  C:308CH         LINE#         191
  C:3093H         LINE#         193
  C:309EH         LINE#         194
  C:30A9H         LINE#         195
  C:30ACH         LINE#         196
  C:30D5H         LINE#         197
  C:30DCH         LINE#         199
  C:30E7H         LINE#         201
  C:313AH         LINE#         202
  C:3143H         LINE#         203
  C:314EH         LINE#         204
  C:3157H         LINE#         205
  C:3160H         LINE#         207
  C:3163H         LINE#         208
  -------         ENDPROC       TOUCHCAL
  -------         PROC          _TOUCHSET
  D:0006H         SYMBOL        xs1
  D:0004H         SYMBOL        xs2
  D:0002H         SYMBOL        ys1
  X:0473H         SYMBOL        ys2
  C:5EFFH         LINE#         211
  C:5EFFH         LINE#         212
BL51 BANKED LINKER/LOCATER V6.22.2.0                                                  04/27/2023  08:19:21  PAGE 46


  C:5F2AH         LINE#         213
  -------         ENDPROC       _TOUCHSET
  -------         ENDMOD        TOUCH

  -------         MODULE        24C32SYS
  C:0000H         SYMBOL        _ICE_DUMMY_
  D:00B0H         PUBLIC        P3
  C:5C10H         PUBLIC        ___R24c32
  C:5D77H         PUBLIC        ___W24c32
  -------         PROC          ___W24C32
  X:062AH         SYMBOL        devAdr
  X:062BH         SYMBOL        add
  X:062DH         SYMBOL        outchar
  -------         DO            
  B:0021H.2       SYMBOL        ask
  -------         ENDDO         
  C:5D77H         LINE#         6
  C:5D85H         LINE#         7
  C:5D87H         LINE#         8
  C:5D8AH         LINE#         9
  C:5D98H         LINE#         10
  C:5D98H         LINE#         12
  C:5DA3H         LINE#         13
  C:5DADH         LINE#         14
  C:5DADH         LINE#         15
  C:5DB0H         LINE#         16
  C:5DB7H         LINE#         17
  C:5DB9H         LINE#         18
  -------         ENDPROC       ___W24C32
  -------         PROC          ___R24C32
  X:046DH         SYMBOL        devAdr
  X:046EH         SYMBOL        add
  -------         DO            
  X:0470H         SYMBOL        inchar
  -------         ENDDO         
  C:5C10H         LINE#         20
  C:5C1BH         LINE#         21
  C:5C1EH         LINE#         22
  C:5C21H         LINE#         23
  C:5C2FH         LINE#         24
  C:5C2FH         LINE#         25
  C:5C38H         LINE#         26
  C:5C3BH         LINE#         27
  C:5C3EH         LINE#         28
  C:5C4AH         LINE#         29
  C:5C54H         LINE#         30
  C:5C54H         LINE#         31
  C:5C57H         LINE#         32
  C:5C5CH         LINE#         33
  -------         ENDPROC       ___R24C32
  -------         ENDMOD        24C32SYS

  -------         MODULE        I2CSYS
  C:0000H         SYMBOL        _ICE_DUMMY_
  B:00B0H.0       PUBLIC        __scl
  D:00B0H         PUBLIC        P3
  C:614BH         PUBLIC        __stop
BL51 BANKED LINKER/LOCATER V6.22.2.0                                                  04/27/2023  08:19:21  PAGE 47


  C:5A8CH         PUBLIC        __readbyte
  C:5A0FH         PUBLIC        ___writebyte
  C:61B8H         PUBLIC        __start
  B:00B0H.1       PUBLIC        __sda
  -------         PROC          __START
  C:61B8H         LINE#         7
  C:61B8H         LINE#         8
  C:61BAH         LINE#         9
  C:61C1H         LINE#         10
  C:61C3H         LINE#         11
  -------         ENDPROC       __START
  -------         PROC          __STOP
  C:614BH         LINE#         14
  C:614BH         LINE#         15
  C:614DH         LINE#         16
  C:614FH         LINE#         17
  C:6156H         LINE#         18
  C:6158H         LINE#         19
  -------         ENDPROC       __STOP
  -------         PROC          ___WRITEBYTE
  X:0471H         SYMBOL        outchar
  -------         DO            
  B:0020H.0       SYMBOL        __ack
  X:0472H         SYMBOL        i
  -------         ENDDO         
  C:5A0FH         LINE#         23
  C:5A14H         LINE#         27
  C:5A2BH         LINE#         28
  C:5A2BH         LINE#         29
  C:5A48H         LINE#         30
  C:5A4FH         LINE#         31
  C:5A51H         LINE#         32
  C:5A58H         LINE#         33
  C:5A5AH         LINE#         34
  C:5A6AH         LINE#         36
  C:5A71H         LINE#         38
  C:5A73H         LINE#         39
  C:5A75H         LINE#         40
  C:5A7CH         LINE#         41
  C:5A80H         LINE#         42
  C:5A82H         LINE#         43
  C:5A89H         LINE#         44
  C:5A8BH         LINE#         45
  -------         ENDPROC       ___WRITEBYTE
  -------         PROC          __READBYTE
  B:0020H.0       SYMBOL        ask_master
  -------         DO            
  X:0471H         SYMBOL        inchar
  X:0472H         SYMBOL        i
  -------         ENDDO         
  C:5A8CH         LINE#         48
  C:5A8CH         LINE#         49
  C:5A91H         LINE#         51
  C:5A93H         LINE#         52
  C:5A97H         LINE#         53
  C:5A97H         LINE#         54
  C:5A99H         LINE#         55
BL51 BANKED LINKER/LOCATER V6.22.2.0                                                  04/27/2023  08:19:21  PAGE 48


  C:5AA0H         LINE#         57
  C:5ABAH         LINE#         58
  C:5ABCH         LINE#         59
  C:5AC3H         LINE#         60
  C:5AE2H         LINE#         63
  C:5AE6H         LINE#         64
  C:5AEDH         LINE#         65
  C:5AEFH         LINE#         66
  C:5AF6H         LINE#         67
  C:5AF8H         LINE#         68
  C:5AFFH         LINE#         69
  C:5B04H         LINE#         70
  -------         ENDPROC       __READBYTE
  -------         ENDMOD        I2CSYS

  -------         MODULE        ?C?FPADD
  C:000AH         PUBLIC        ?C?FPADD
  C:0006H         PUBLIC        ?C?FPSUB
  -------         ENDMOD        ?C?FPADD

  -------         MODULE        ?C?FPMUL
  C:00FBH         PUBLIC        ?C?FPMUL
  -------         ENDMOD        ?C?FPMUL

  -------         MODULE        ?C?FPDIV
  C:0204H         PUBLIC        ?C?FPDIV
  -------         ENDMOD        ?C?FPDIV

  -------         MODULE        ?C?FPCMP
  C:02A3H         PUBLIC        ?C?FPCMP
  C:02A1H         PUBLIC        ?C?FPCMP3
  -------         ENDMOD        ?C?FPCMP

  -------         MODULE        ?C?FCAST
  C:0324H         PUBLIC        ?C?FCASTC
  C:031FH         PUBLIC        ?C?FCASTI
  C:031AH         PUBLIC        ?C?FCASTL
  -------         ENDMOD        ?C?FCAST

  -------         MODULE        ?C?CASTF
  C:0358H         PUBLIC        ?C?CASTF
  -------         ENDMOD        ?C?CASTF

  -------         MODULE        PRINTF
  X:047EH         PUBLIC        ?_PRINTF?BYTE
  X:047EH         PUBLIC        ?_SPRINTF?BYTE
  C:17BEH         PUBLIC        _PRINTF
  C:17B8H         PUBLIC        _SPRINTF
  -------         ENDMOD        PRINTF

  -------         MODULE        SQRT
  C:5459H         PUBLIC        _SQRT
  -------         ENDMOD        SQRT

  -------         MODULE        SIN
  C:39F2H         PUBLIC        _COS
  C:3A08H         PUBLIC        _SIN
BL51 BANKED LINKER/LOCATER V6.22.2.0                                                  04/27/2023  08:19:21  PAGE 49


  C:3A44H         PUBLIC        _TAN
  -------         ENDMOD        SIN

  -------         MODULE        ?C?FPROUND
  C:03D9H         PUBLIC        ?C?FPROUND
  -------         ENDMOD        ?C?FPROUND

  -------         MODULE        ?C?FPCONVERT
  C:0416H         PUBLIC        ?C?FPCONVERT
  -------         ENDMOD        ?C?FPCONVERT

  -------         MODULE        ?C?FTNPWR
  C:0598H         PUBLIC        ?C?FTNPWR
  -------         ENDMOD        ?C?FTNPWR

  -------         MODULE        ?C?CLDPTR
  C:05D8H         PUBLIC        ?C?CLDPTR
  -------         ENDMOD        ?C?CLDPTR

  -------         MODULE        ?C?CLDOPTR
  C:05F1H         PUBLIC        ?C?CLDOPTR
  -------         ENDMOD        ?C?CLDOPTR

  -------         MODULE        ?C?CSTPTR
  C:061EH         PUBLIC        ?C?CSTPTR
  -------         ENDMOD        ?C?CSTPTR

  -------         MODULE        ?C?CSTOPTR
  C:0630H         PUBLIC        ?C?CSTOPTR
  -------         ENDMOD        ?C?CSTOPTR

  -------         MODULE        ?C?IMUL
  C:0652H         PUBLIC        ?C?IMUL
  -------         ENDMOD        ?C?IMUL

  -------         MODULE        ?C?SIDIV
  C:0664H         PUBLIC        ?C?SIDIV
  -------         ENDMOD        ?C?SIDIV

  -------         MODULE        ?C?IILDX
  C:069AH         PUBLIC        ?C?IILDX
  -------         ENDMOD        ?C?IILDX

  -------         MODULE        ?C?ILDIX
  C:06B0H         PUBLIC        ?C?ILDIX
  -------         ENDMOD        ?C?ILDIX

  -------         MODULE        ?C?ILDPTR
  C:06C6H         PUBLIC        ?C?ILDPTR
  -------         ENDMOD        ?C?ILDPTR

  -------         MODULE        ?C?ISTPTR
  C:06F1H         PUBLIC        ?C?ISTPTR
  -------         ENDMOD        ?C?ISTPTR

  -------         MODULE        ?C?LMUL
  C:0710H         PUBLIC        ?C?LMUL
BL51 BANKED LINKER/LOCATER V6.22.2.0                                                  04/27/2023  08:19:21  PAGE 50


  -------         ENDMOD        ?C?LMUL

  -------         MODULE        ?C?SLDIV
  C:5CF0H         PUBLIC        ?C?SLDIV
  -------         ENDMOD        ?C?SLDIV

  -------         MODULE        ?C?LNEG
  C:075FH         PUBLIC        ?C?LNEG
  -------         ENDMOD        ?C?LNEG

  -------         MODULE        ?C?LLDXDATA
  C:076DH         PUBLIC        ?C?LLDXDATA
  -------         ENDMOD        ?C?LLDXDATA

  -------         MODULE        ?C?LLDCODE
  C:0779H         PUBLIC        ?C?LLDCODE
  -------         ENDMOD        ?C?LLDCODE

  -------         MODULE        ?C?LLDXDATA0
  C:0789H         PUBLIC        ?C?LLDXDATA0
  -------         ENDMOD        ?C?LLDXDATA0

  -------         MODULE        ?C?LLDCODE0
  C:0795H         PUBLIC        ?C?LLDCODE0
  -------         ENDMOD        ?C?LLDCODE0

  -------         MODULE        ?C?LSTXDATA
  C:07A5H         PUBLIC        ?C?LSTXDATA
  -------         ENDMOD        ?C?LSTXDATA

  -------         MODULE        ?C?LSTKXDATA
  C:07B1H         PUBLIC        ?C?LSTKXDATA
  -------         ENDMOD        ?C?LSTKXDATA

  -------         MODULE        ?C?OFFXADD
  C:07E2H         PUBLIC        ?C?OFFXADD
  -------         ENDMOD        ?C?OFFXADD

  -------         MODULE        ?C?PLDIXDATA
  C:07EEH         PUBLIC        ?C?PLDIXDATA
  -------         ENDMOD        ?C?PLDIXDATA

  -------         MODULE        ?C?PSTXDATA
  C:0805H         PUBLIC        ?C?PSTXDATA
  -------         ENDMOD        ?C?PSTXDATA

  -------         MODULE        ?C?CCASE
  C:080EH         PUBLIC        ?C?CCASE
  -------         ENDMOD        ?C?CCASE

  -------         MODULE        ABS
  C:61C4H         PUBLIC        _ABS
  -------         ENDMOD        ABS

  -------         MODULE        STRLEN
  C:6122H         PUBLIC        _STRLEN
  -------         ENDMOD        STRLEN
BL51 BANKED LINKER/LOCATER V6.22.2.0                                                  04/27/2023  08:19:21  PAGE 51



  -------         MODULE        ?C?UIDIV
  C:0834H         PUBLIC        ?C?UIDIV
  -------         ENDMOD        ?C?UIDIV

  -------         MODULE        ?C?ULDIV
  C:08C5H         PUBLIC        ?C?ULDIV
  -------         ENDMOD        ?C?ULDIV

Program Size: data=15.3 xdata=1587 code=25155
LINK/LOCATE RUN COMPLETE.  0 WARNING(S),  0 ERROR(S)
